<?xml version="1.0" encoding="utf-8"?>
<TestRun id="f74c6616-2c29-4479-8e1d-d8370eb35cae" name="runneradmin@runnervm1vfjv 2026-09-25 01:14:39" runUser="runnervm1vfjv\runneradmin" xmlns="http://microsoft.com/schemas/VisualStudio/TeamTest/2010">
  <Times creation="2026-09-25T01:14:39.7157389-07:00" queuing="2026-09-25T01:14:39.7157391-07:00" start="2026-09-25T01:14:38.7183888-07:00" finish="2026-09-25T01:14:39.7964749-07:00" />
  <TestSettings name="default" id="0694efe0-ecdb-4c9f-aeb5-3babe156937e">
    <Deployment runDeploymentRoot="runneradmin_runnervm1vfjv_2026-09-25_01_14_39" />
  </TestSettings>
  <Results>
    <UnitTestResult executionId="366f85b5-90f5-4402-a00b-5a4c9fe46c54" testId="e1f50f58-8062-72b9-cc9c-19db3a378266" testName="DesktopGuides.Core.Tests.HtmlAssetPolicyTests.RejectsRequestsOutsideTheReadOnlyAssetScope(method: &quot;GET&quot;, url: &quot;https://guide.invalid/%2e%2e/outside.html&quot;)" computerName="runnervm1vfjv" duration="00:00:00.0049477" startTime="2026-09-25T01:14:39.6998397-07:00" endTime="2026-09-25T01:14:39.7047094-07:00" testType="13cdc9d9-ddb5-4fa4-a97d-d965ccfc6d4b" outcome="Passed" testListId="8c84fa94-04c1-424b-9868-57a2d4851a1d" relativeResultsDirectory="366f85b5-90f5-4402-a00b-5a4c9fe46c54" />
    <UnitTestResult executionId="bf0eae6a-7c98-446d-95ec-f3ece6473525" testId="9664020a-1c18-7b2e-ab55-1e85c22bf279" testName="DesktopGuides.Core.Tests.HtmlAssetPolicyTests.RejectsAnAssetChangedAfterManifestVerification" computerName="runnervm1vfjv" duration="00:00:00.0049926" startTime="2026-09-25T01:14:39.7049551-07:00" endTime="2026-09-25T01:14:39.7100074-07:00" testType="13cdc9d9-ddb5-4fa4-a97d-d965ccfc6d4b" outcome="Passed" testListId="8c84fa94-04c1-424b-9868-57a2d4851a1d" relativeResultsDirectory="bf0eae6a-7c98-446d-95ec-f3ece6473525" />
    <UnitTestResult executionId="ac0d382a-f8ec-42f8-b73d-975e6e91b872" testId="65f2a884-7aaf-d6cf-a9a9-1fde173b9c0a" testName="DesktopGuides.Core.Tests.TextGuideDocumentTests.FindsNearbyContextAfterContentChanges" computerName="runnervm1vfjv" duration="00:00:00.0003430" startTime="2026-09-25T01:14:39.6559699-07:00" endTime="2026-09-25T01:14:39.6563197-07:00" testType="13cdc9d9-ddb5-4fa4-a97d-d965ccfc6d4b" outcome="Passed" testListId="8c84fa94-04c1-424b-9868-57a2d4851a1d" relativeResultsDirectory="ac0d382a-f8ec-42f8-b73d-975e6e91b872" />
    <UnitTestResult executionId="6702c0e7-af5b-4f5a-96ae-18035d43a294" testId="b4ea6296-97ee-79d3-707f-71ce31e710b6" testName="DesktopGuides.Core.Tests.HtmlAssetPolicyTests.RejectsAnAssetReachedThroughADirectoryLink" computerName="runnervm1vfjv" duration="00:00:00.0068495" startTime="2026-09-25T01:14:39.7152398-07:00" endTime="2026-09-25T01:14:39.7219897-07:00" testType="13cdc9d9-ddb5-4fa4-a97d-d965ccfc6d4b" outcome="Passed" testListId="8c84fa94-04c1-424b-9868-57a2d4851a1d" relativeResultsDirectory="6702c0e7-af5b-4f5a-96ae-18035d43a294" />
    <UnitTestResult executionId="fc085980-31f7-486c-bfa5-2a22147fd73c" testId="dd22a2e5-9769-89bd-cbc6-621d276d372c" testName="DesktopGuides.Core.Tests.FixtureCatalogTests.RejectsFixturePathOutsideTheRoot" computerName="runnervm1vfjv" duration="00:00:00.0019132" startTime="2026-09-25T01:14:39.6715944-07:00" endTime="2026-09-25T01:14:39.6719813-07:00" testType="13cdc9d9-ddb5-4fa4-a97d-d965ccfc6d4b" outcome="Passed" testListId="8c84fa94-04c1-424b-9868-57a2d4851a1d" relativeResultsDirectory="fc085980-31f7-486c-bfa5-2a22147fd73c" />
    <UnitTestResult executionId="8347f1c5-a96e-46dd-8145-0045419a77e3" testId="0a3ebbcc-3074-fdad-a691-281c6b0f5482" testName="DesktopGuides.Core.Tests.TextGuideDocumentTests.DecodesBomAndNormalizesNewlinesWithoutChangingWhitespace" computerName="runnervm1vfjv" duration="00:00:00.0004035" startTime="2026-09-25T01:14:39.6556458-07:00" endTime="2026-09-25T01:14:39.6556995-07:00" testType="13cdc9d9-ddb5-4fa4-a97d-d965ccfc6d4b" outcome="Passed" testListId="8c84fa94-04c1-424b-9868-57a2d4851a1d" relativeResultsDirectory="8347f1c5-a96e-46dd-8145-0045419a77e3" />
    <UnitTestResult executionId="6358273f-7752-47eb-9fb7-e072ad577a9a" testId="b47b4c1d-9920-7e22-aba4-f44acc04ae92" testName="DesktopGuides.Core.Tests.HtmlAssetPolicyTests.RejectsRequestsOutsideTheReadOnlyAssetScope(method: &quot;GET&quot;, url: &quot;http://guide.invalid/guide.html&quot;)" computerName="runnervm1vfjv" duration="00:00:00.0052888" startTime="2026-09-25T01:14:39.6776226-07:00" endTime="2026-09-25T01:14:39.6776911-07:00" testType="13cdc9d9-ddb5-4fa4-a97d-d965ccfc6d4b" outcome="Passed" testListId="8c84fa94-04c1-424b-9868-57a2d4851a1d" relativeResultsDirectory="6358273f-7752-47eb-9fb7-e072ad577a9a" />
    <UnitTestResult executionId="297211aa-8655-479d-9ec6-2975570fc3e4" testId="afaebaff-4092-b82e-7bdd-5dcc8d2370e5" testName="DesktopGuides.Core.Tests.HtmlAssetPolicyTests.RejectsRequestsOutsideTheReadOnlyAssetScope(method: &quot;GET&quot;, url: &quot;https://guide.invalid:444/guide.html&quot;)" computerName="runnervm1vfjv" duration="00:00:00.0044566" startTime="2026-09-25T01:14:39.6910467-07:00" endTime="2026-09-25T01:14:39.6944272-07:00" testType="13cdc9d9-ddb5-4fa4-a97d-d965ccfc6d4b" outcome="Passed" testListId="8c84fa94-04c1-424b-9868-57a2d4851a1d" relativeResultsDirectory="297211aa-8655-479d-9ec6-2975570fc3e4" />
    <UnitTestResult executionId="3f28f317-5a71-479f-9554-239c5b1599aa" testId="af1b606f-e528-a99c-b813-f91ca3953702" testName="DesktopGuides.Core.Tests.TextGuideDocumentTests.DecodesSelectedCp437WithoutChangingAsciiLayout" computerName="runnervm1vfjv" duration="00:00:00.0021578" startTime="2026-09-25T01:14:39.6550412-07:00" endTime="2026-09-25T01:14:39.6554985-07:00" testType="13cdc9d9-ddb5-4fa4-a97d-d965ccfc6d4b" outcome="Passed" testListId="8c84fa94-04c1-424b-9868-57a2d4851a1d" relativeResultsDirectory="3f28f317-5a71-479f-9554-239c5b1599aa" />
    <UnitTestResult executionId="c4b9ea82-3614-4320-aa8d-e0dbaf5d81bc" testId="355a0214-5e1c-a62f-aa47-3153b5b8f8ad" testName="DesktopGuides.Core.Tests.HtmlAssetPolicyTests.RejectsRequestsOutsideTheReadOnlyAssetScope(method: &quot;GET&quot;, url: &quot;https://guide.invalid/guide.html?remote=true&quot;)" computerName="runnervm1vfjv" duration="00:00:00.0051104" startTime="2026-09-25T01:14:39.6946156-07:00" endTime="2026-09-25T01:14:39.6996585-07:00" testType="13cdc9d9-ddb5-4fa4-a97d-d965ccfc6d4b" outcome="Passed" testListId="8c84fa94-04c1-424b-9868-57a2d4851a1d" relativeResultsDirectory="c4b9ea82-3614-4320-aa8d-e0dbaf5d81bc" />
    <UnitTestResult executionId="721883f0-5b64-4196-93e2-d0b7349362cc" testId="3bafceda-bee2-0698-1edb-0944b01bc21c" testName="DesktopGuides.Core.Tests.FixtureCatalogTests.RejectsAFixtureThatLinksOutsideTheManifestRoot" computerName="runnervm1vfjv" duration="00:00:00.0067200" startTime="2026-09-25T01:14:39.6544060-07:00" endTime="2026-09-25T01:14:39.6551959-07:00" testType="13cdc9d9-ddb5-4fa4-a97d-d965ccfc6d4b" outcome="Passed" testListId="8c84fa94-04c1-424b-9868-57a2d4851a1d" relativeResultsDirectory="721883f0-5b64-4196-93e2-d0b7349362cc" />
    <UnitTestResult executionId="192222bf-4977-4f0e-a357-a9d7ea5209f6" testId="5306eca0-b7b2-215e-3500-dc744dc0a606" testName="DesktopGuides.Core.Tests.TextGuideDocumentTests.FallsBackToFractionWhenContextCannotBeFound" computerName="runnervm1vfjv" duration="00:00:00.0002913" startTime="2026-09-25T01:14:39.6546632-07:00" endTime="2026-09-25T01:14:39.6547159-07:00" testType="13cdc9d9-ddb5-4fa4-a97d-d965ccfc6d4b" outcome="Passed" testListId="8c84fa94-04c1-424b-9868-57a2d4851a1d" relativeResultsDirectory="192222bf-4977-4f0e-a357-a9d7ea5209f6" />
    <UnitTestResult executionId="c48b83c3-96d0-4521-8bbf-010eaee88b63" testId="e214083d-9062-e92f-3551-3ad869a924b3" testName="DesktopGuides.Core.Tests.TextGuideDocumentTests.ChoosesTheNearestRepeatedContextAfterContentChanges" computerName="runnervm1vfjv" duration="00:00:00.0187732" startTime="2026-09-25T01:14:39.6076930-07:00" endTime="2026-09-25T01:14:39.6366316-07:00" testType="13cdc9d9-ddb5-4fa4-a97d-d965ccfc6d4b" outcome="Passed" testListId="8c84fa94-04c1-424b-9868-57a2d4851a1d" relativeResultsDirectory="c48b83c3-96d0-4521-8bbf-010eaee88b63" />
    <UnitTestResult executionId="9a83e100-c05d-4d30-a55e-fb41fc951c6c" testId="5d8fde1a-f3ef-3bf2-6577-9775eeb6e8e7" testName="DesktopGuides.Core.Tests.HtmlAssetPolicyTests.RejectsRequestsOutsideTheReadOnlyAssetScope(method: &quot;POST&quot;, url: &quot;https://guide.invalid/guide.html&quot;)" computerName="runnervm1vfjv" duration="00:00:00.0049158" startTime="2026-09-25T01:14:39.6850481-07:00" endTime="2026-09-25T01:14:39.6899018-07:00" testType="13cdc9d9-ddb5-4fa4-a97d-d965ccfc6d4b" outcome="Passed" testListId="8c84fa94-04c1-424b-9868-57a2d4851a1d" relativeResultsDirectory="9a83e100-c05d-4d30-a55e-fb41fc951c6c" />
    <UnitTestResult executionId="b22def18-834c-4fc2-a19e-3a17c30f01fd" testId="b379ae71-cd7e-938c-1eef-2d9c4001c9be" testName="DesktopGuides.Core.Tests.FixtureCatalogTests.RejectsContentWhoseHashDoesNotMatchTheManifest" computerName="runnervm1vfjv" duration="00:00:00.0025910" startTime="2026-09-25T01:14:39.6554367-07:00" endTime="2026-09-25T01:14:39.6710314-07:00" testType="13cdc9d9-ddb5-4fa4-a97d-d965ccfc6d4b" outcome="Passed" testListId="8c84fa94-04c1-424b-9868-57a2d4851a1d" relativeResultsDirectory="b22def18-834c-4fc2-a19e-3a17c30f01fd" />
    <UnitTestResult executionId="13bd9379-2155-4f66-a87a-bbacdc0c9cb8" testId="d9d5a7ef-c627-a2c5-a023-7fbe2c220e22" testName="DesktopGuides.Core.Tests.TextGuideDocumentTests.IndexesLogicalLinesByNormalizedCharacterOffset" computerName="runnervm1vfjv" duration="00:00:00.0130355" startTime="2026-09-25T01:14:39.6517313-07:00" endTime="2026-09-25T01:14:39.6544748-07:00" testType="13cdc9d9-ddb5-4fa4-a97d-d965ccfc6d4b" outcome="Passed" testListId="8c84fa94-04c1-424b-9868-57a2d4851a1d" relativeResultsDirectory="13bd9379-2155-4f66-a87a-bbacdc0c9cb8" />
    <UnitTestResult executionId="1e9f4cb3-b527-4351-b973-1af70200f89f" testId="5148b27a-ff51-5241-c0d8-eccb742088f7" testName="DesktopGuides.Core.Tests.HtmlAssetPolicyTests.RejectsRequestsOutsideTheReadOnlyAssetScope(method: &quot;GET&quot;, url: &quot;https://elsewhere.invalid/guide.html&quot;)" computerName="runnervm1vfjv" duration="00:00:00.0078916" startTime="2026-09-25T01:14:39.6751188-07:00" endTime="2026-09-25T01:14:39.6752691-07:00" testType="13cdc9d9-ddb5-4fa4-a97d-d965ccfc6d4b" outcome="Passed" testListId="8c84fa94-04c1-424b-9868-57a2d4851a1d" relativeResultsDirectory="1e9f4cb3-b527-4351-b973-1af70200f89f" />
    <UnitTestResult executionId="30300148-e222-456f-a3c2-601ecea47430" testId="d23bb650-686f-e5f0-ba71-d178ef8f42e9" testName="DesktopGuides.Core.Tests.HtmlAssetPolicyTests.RejectsRequestsOutsideTheReadOnlyAssetScope(method: &quot;GET&quot;, url: &quot;file:///C:/Windows/win.ini&quot;)" computerName="runnervm1vfjv" duration="00:00:00.0061223" startTime="2026-09-25T01:14:39.6787084-07:00" endTime="2026-09-25T01:14:39.6848520-07:00" testType="13cdc9d9-ddb5-4fa4-a97d-d965ccfc6d4b" outcome="Passed" testListId="8c84fa94-04c1-424b-9868-57a2d4851a1d" relativeResultsDirectory="30300148-e222-456f-a3c2-601ecea47430" />
    <UnitTestResult executionId="6e7c537c-94dd-4d66-a561-5dd49e03ce3b" testId="21d9f702-a60d-39ec-cfae-6ad62400c1a6" testName="DesktopGuides.Core.Tests.TextGuideDocumentTests.InvalidUtf8RequiresAnExplicitEncoding" computerName="runnervm1vfjv" duration="00:00:00.0012221" startTime="2026-09-25T01:14:39.6709260-07:00" endTime="2026-09-25T01:14:39.6716590-07:00" testType="13cdc9d9-ddb5-4fa4-a97d-d965ccfc6d4b" outcome="Passed" testListId="8c84fa94-04c1-424b-9868-57a2d4851a1d" relativeResultsDirectory="6e7c537c-94dd-4d66-a561-5dd49e03ce3b" />
    <UnitTestResult executionId="ac217b60-3765-4b2b-86dc-a52f7b35f87c" testId="f9ea783f-3477-0506-a8f3-d01a2190f1bf" testName="DesktopGuides.Core.Tests.HtmlAssetPolicyTests.AllowsOnlyManifestAssetsWithinTheSelectedGuideRoot" computerName="runnervm1vfjv" duration="00:00:00.0050467" startTime="2026-09-25T01:14:39.7102339-07:00" endTime="2026-09-25T01:14:39.7150136-07:00" testType="13cdc9d9-ddb5-4fa4-a97d-d965ccfc6d4b" outcome="Passed" testListId="8c84fa94-04c1-424b-9868-57a2d4851a1d" relativeResultsDirectory="ac217b60-3765-4b2b-86dc-a52f7b35f87c" />
    <UnitTestResult executionId="90c57610-1556-476d-be4c-495608ab1a9b" testId="07c7de27-26de-a9f7-9ab2-361772f15d1e" testName="DesktopGuides.Core.Tests.HtmlAssetPolicyTests.RejectsRequestsOutsideTheReadOnlyAssetScope(method: &quot;GET&quot;, url: &quot;https://guide.invalid/../outside.html&quot;)" computerName="runnervm1vfjv" duration="00:00:00.0069802" startTime="2026-09-25T01:14:39.6778148-07:00" endTime="2026-09-25T01:14:39.6785695-07:00" testType="13cdc9d9-ddb5-4fa4-a97d-d965ccfc6d4b" outcome="Passed" testListId="8c84fa94-04c1-424b-9868-57a2d4851a1d" relativeResultsDirectory="90c57610-1556-476d-be4c-495608ab1a9b" />
    <UnitTestResult executionId="0324f7ff-9ed7-4a7b-84f7-daded358fcd9" testId="28e86855-d814-9f1e-0494-bcb896bacec3" testName="DesktopGuides.Core.Tests.TextGuideDocumentTests.RestoresExactOffsetForUnchangedContent" computerName="runnervm1vfjv" duration="00:00:00.0002421" startTime="2026-09-25T01:14:39.6718228-07:00" endTime="2026-09-25T01:14:39.6718899-07:00" testType="13cdc9d9-ddb5-4fa4-a97d-d965ccfc6d4b" outcome="Passed" testListId="8c84fa94-04c1-424b-9868-57a2d4851a1d" relativeResultsDirectory="0324f7ff-9ed7-4a7b-84f7-daded358fcd9" />
    <UnitTestResult executionId="df2de838-1ee7-4844-808d-227151b3583e" testId="da1ce6eb-e7a0-554b-c1d8-4b184cfcf320" testName="DesktopGuides.Core.Tests.FixtureCatalogTests.LoadsAndVerifiesAFixtureById" computerName="runnervm1vfjv" duration="00:00:00.0295290" startTime="2026-09-25T01:14:39.6095834-07:00" endTime="2026-09-25T01:14:39.6518663-07:00" testType="13cdc9d9-ddb5-4fa4-a97d-d965ccfc6d4b" outcome="Passed" testListId="8c84fa94-04c1-424b-9868-57a2d4851a1d" relativeResultsDirectory="df2de838-1ee7-4844-808d-227151b3583e" />
  </Results>
  <TestDefinitions>
    <UnitTest name="DesktopGuides.Core.Tests.HtmlAssetPolicyTests.RejectsAnAssetReachedThroughADirectoryLink" storage="c:\a\desktop-guides\desktop-guides\tests\desktopguides.core.tests\bin\release\net10.0\desktopguides.core.tests.dll" id="b4ea6296-97ee-79d3-707f-71ce31e710b6">
      <Execution id="6702c0e7-af5b-4f5a-96ae-18035d43a294" />
      <TestMethod codeBase="C:\a\desktop-guides\desktop-guides\tests\DesktopGuides.Core.Tests\bin\Release\net10.0\DesktopGuides.Core.Tests.dll" adapterTypeName="executor://xunit/VsTestRunner3/netcore/" className="DesktopGuides.Core.Tests.HtmlAssetPolicyTests" name="RejectsAnAssetReachedThroughADirectoryLink" />
    </UnitTest>
    <UnitTest name="DesktopGuides.Core.Tests.TextGuideDocumentTests.InvalidUtf8RequiresAnExplicitEncoding" storage="c:\a\desktop-guides\desktop-guides\tests\desktopguides.core.tests\bin\release\net10.0\desktopguides.core.tests.dll" id="21d9f702-a60d-39ec-cfae-6ad62400c1a6">
      <Execution id="6e7c537c-94dd-4d66-a561-5dd49e03ce3b" />
      <TestMethod codeBase="C:\a\desktop-guides\desktop-guides\tests\DesktopGuides.Core.Tests\bin\Release\net10.0\DesktopGuides.Core.Tests.dll" adapterTypeName="executor://xunit/VsTestRunner3/netcore/" className="DesktopGuides.Core.Tests.TextGuideDocumentTests" name="InvalidUtf8RequiresAnExplicitEncoding" />
    </UnitTest>
    <UnitTest name="DesktopGuides.Core.Tests.TextGuideDocumentTests.IndexesLogicalLinesByNormalizedCharacterOffset" storage="c:\a\desktop-guides\desktop-guides\tests\desktopguides.core.tests\bin\release\net10.0\desktopguides.core.tests.dll" id="d9d5a7ef-c627-a2c5-a023-7fbe2c220e22">
      <Execution id="13bd9379-2155-4f66-a87a-bbacdc0c9cb8" />
      <TestMethod codeBase="C:\a\desktop-guides\desktop-guides\tests\DesktopGuides.Core.Tests\bin\Release\net10.0\DesktopGuides.Core.Tests.dll" adapterTypeName="executor://xunit/VsTestRunner3/netcore/" className="DesktopGuides.Core.Tests.TextGuideDocumentTests" name="IndexesLogicalLinesByNormalizedCharacterOffset" />
    </UnitTest>
    <UnitTest name="DesktopGuides.Core.Tests.TextGuideDocumentTests.RestoresExactOffsetForUnchangedContent" storage="c:\a\desktop-guides\desktop-guides\tests\desktopguides.core.tests\bin\release\net10.0\desktopguides.core.tests.dll" id="28e86855-d814-9f1e-0494-bcb896bacec3">
      <Execution id="0324f7ff-9ed7-4a7b-84f7-daded358fcd9" />
      <TestMethod codeBase="C:\a\desktop-guides\desktop-guides\tests\DesktopGuides.Core.Tests\bin\Release\net10.0\DesktopGuides.Core.Tests.dll" adapterTypeName="executor://xunit/VsTestRunner3/netcore/" className="DesktopGuides.Core.Tests.TextGuideDocumentTests" name="RestoresExactOffsetForUnchangedContent" />
    </UnitTest>
    <UnitTest name="DesktopGuides.Core.Tests.HtmlAssetPolicyTests.RejectsRequestsOutsideTheReadOnlyAssetScope(method: &quot;GET&quot;, url: &quot;https://elsewhere.invalid/guide.html&quot;)" storage="c:\a\desktop-guides\desktop-guides\tests\desktopguides.core.tests\bin\release\net10.0\desktopguides.core.tests.dll" id="5148b27a-ff51-5241-c0d8-eccb742088f7">
      <Execution id="1e9f4cb3-b527-4351-b973-1af70200f89f" />
      <TestMethod codeBase="C:\a\desktop-guides\desktop-guides\tests\DesktopGuides.Core.Tests\bin\Release\net10.0\DesktopGuides.Core.Tests.dll" adapterTypeName="executor://xunit/VsTestRunner3/netcore/" className="DesktopGuides.Core.Tests.HtmlAssetPolicyTests" name="RejectsRequestsOutsideTheReadOnlyAssetScope" />
    </UnitTest>
    <UnitTest name="DesktopGuides.Core.Tests.FixtureCatalogTests.RejectsFixturePathOutsideTheRoot" storage="c:\a\desktop-guides\desktop-guides\tests\desktopguides.core.tests\bin\release\net10.0\desktopguides.core.tests.dll" id="dd22a2e5-9769-89bd-cbc6-621d276d372c">
      <Execution id="fc085980-31f7-486c-bfa5-2a22147fd73c" />
      <TestMethod codeBase="C:\a\desktop-guides\desktop-guides\tests\DesktopGuides.Core.Tests\bin\Release\net10.0\DesktopGuides.Core.Tests.dll" adapterTypeName="executor://xunit/VsTestRunner3/netcore/" className="DesktopGuides.Core.Tests.FixtureCatalogTests" name="RejectsFixturePathOutsideTheRoot" />
    </UnitTest>
    <UnitTest name="DesktopGuides.Core.Tests.TextGuideDocumentTests.ChoosesTheNearestRepeatedContextAfterContentChanges" storage="c:\a\desktop-guides\desktop-guides\tests\desktopguides.core.tests\bin\release\net10.0\desktopguides.core.tests.dll" id="e214083d-9062-e92f-3551-3ad869a924b3">
      <Execution id="c48b83c3-96d0-4521-8bbf-010eaee88b63" />
      <TestMethod codeBase="C:\a\desktop-guides\desktop-guides\tests\DesktopGuides.Core.Tests\bin\Release\net10.0\DesktopGuides.Core.Tests.dll" adapterTypeName="executor://xunit/VsTestRunner3/netcore/" className="DesktopGuides.Core.Tests.TextGuideDocumentTests" name="ChoosesTheNearestRepeatedContextAfterContentChanges" />
    </UnitTest>
    <UnitTest name="DesktopGuides.Core.Tests.HtmlAssetPolicyTests.AllowsOnlyManifestAssetsWithinTheSelectedGuideRoot" storage="c:\a\desktop-guides\desktop-guides\tests\desktopguides.core.tests\bin\release\net10.0\desktopguides.core.tests.dll" id="f9ea783f-3477-0506-a8f3-d01a2190f1bf">
      <Execution id="ac217b60-3765-4b2b-86dc-a52f7b35f87c" />
      <TestMethod codeBase="C:\a\desktop-guides\desktop-guides\tests\DesktopGuides.Core.Tests\bin\Release\net10.0\DesktopGuides.Core.Tests.dll" adapterTypeName="executor://xunit/VsTestRunner3/netcore/" className="DesktopGuides.Core.Tests.HtmlAssetPolicyTests" name="AllowsOnlyManifestAssetsWithinTheSelectedGuideRoot" />
    </UnitTest>
    <UnitTest name="DesktopGuides.Core.Tests.HtmlAssetPolicyTests.RejectsRequestsOutsideTheReadOnlyAssetScope(method: &quot;GET&quot;, url: &quot;https://guide.invalid/%2e%2e/outside.html&quot;)" storage="c:\a\desktop-guides\desktop-guides\tests\desktopguides.core.tests\bin\release\net10.0\desktopguides.core.tests.dll" id="e1f50f58-8062-72b9-cc9c-19db3a378266">
      <Execution id="366f85b5-90f5-4402-a00b-5a4c9fe46c54" />
      <TestMethod codeBase="C:\a\desktop-guides\desktop-guides\tests\DesktopGuides.Core.Tests\bin\Release\net10.0\DesktopGuides.Core.Tests.dll" adapterTypeName="executor://xunit/VsTestRunner3/netcore/" className="DesktopGuides.Core.Tests.HtmlAssetPolicyTests" name="RejectsRequestsOutsideTheReadOnlyAssetScope" />
    </UnitTest>
    <UnitTest name="DesktopGuides.Core.Tests.FixtureCatalogTests.RejectsAFixtureThatLinksOutsideTheManifestRoot" storage="c:\a\desktop-guides\desktop-guides\tests\desktopguides.core.tests\bin\release\net10.0\desktopguides.core.tests.dll" id="3bafceda-bee2-0698-1edb-0944b01bc21c">
      <Execution id="721883f0-5b64-4196-93e2-d0b7349362cc" />
      <TestMethod codeBase="C:\a\desktop-guides\desktop-guides\tests\DesktopGuides.Core.Tests\bin\Release\net10.0\DesktopGuides.Core.Tests.dll" adapterTypeName="executor://xunit/VsTestRunner3/netcore/" className="DesktopGuides.Core.Tests.FixtureCatalogTests" name="RejectsAFixtureThatLinksOutsideTheManifestRoot" />
    </UnitTest>
    <UnitTest name="DesktopGuides.Core.Tests.FixtureCatalogTests.RejectsContentWhoseHashDoesNotMatchTheManifest" storage="c:\a\desktop-guides\desktop-guides\tests\desktopguides.core.tests\bin\release\net10.0\desktopguides.core.tests.dll" id="b379ae71-cd7e-938c-1eef-2d9c4001c9be">
      <Execution id="b22def18-834c-4fc2-a19e-3a17c30f01fd" />
      <TestMethod codeBase="C:\a\desktop-guides\desktop-guides\tests\DesktopGuides.Core.Tests\bin\Release\net10.0\DesktopGuides.Core.Tests.dll" adapterTypeName="executor://xunit/VsTestRunner3/netcore/" className="DesktopGuides.Core.Tests.FixtureCatalogTests" name="RejectsContentWhoseHashDoesNotMatchTheManifest" />
    </UnitTest>
    <UnitTest name="DesktopGuides.Core.Tests.TextGuideDocumentTests.DecodesSelectedCp437WithoutChangingAsciiLayout" storage="c:\a\desktop-guides\desktop-guides\tests\desktopguides.core.tests\bin\release\net10.0\desktopguides.core.tests.dll" id="af1b606f-e528-a99c-b813-f91ca3953702">
      <Execution id="3f28f317-5a71-479f-9554-239c5b1599aa" />
      <TestMethod codeBase="C:\a\desktop-guides\desktop-guides\tests\DesktopGuides.Core.Tests\bin\Release\net10.0\DesktopGuides.Core.Tests.dll" adapterTypeName="executor://xunit/VsTestRunner3/netcore/" className="DesktopGuides.Core.Tests.TextGuideDocumentTests" name="DecodesSelectedCp437WithoutChangingAsciiLayout" />
    </UnitTest>
    <UnitTest name="DesktopGuides.Core.Tests.HtmlAssetPolicyTests.RejectsAnAssetChangedAfterManifestVerification" storage="c:\a\desktop-guides\desktop-guides\tests\desktopguides.core.tests\bin\release\net10.0\desktopguides.core.tests.dll" id="9664020a-1c18-7b2e-ab55-1e85c22bf279">
      <Execution id="bf0eae6a-7c98-446d-95ec-f3ece6473525" />
      <TestMethod codeBase="C:\a\desktop-guides\desktop-guides\tests\DesktopGuides.Core.Tests\bin\Release\net10.0\DesktopGuides.Core.Tests.dll" adapterTypeName="executor://xunit/VsTestRunner3/netcore/" className="DesktopGuides.Core.Tests.HtmlAssetPolicyTests" name="RejectsAnAssetChangedAfterManifestVerification" />
    </UnitTest>
    <UnitTest name="DesktopGuides.Core.Tests.HtmlAssetPolicyTests.RejectsRequestsOutsideTheReadOnlyAssetScope(method: &quot;GET&quot;, url: &quot;file:///C:/Windows/win.ini&quot;)" storage="c:\a\desktop-guides\desktop-guides\tests\desktopguides.core.tests\bin\release\net10.0\desktopguides.core.tests.dll" id="d23bb650-686f-e5f0-ba71-d178ef8f42e9">
      <Execution id="30300148-e222-456f-a3c2-601ecea47430" />
      <TestMethod codeBase="C:\a\desktop-guides\desktop-guides\tests\DesktopGuides.Core.Tests\bin\Release\net10.0\DesktopGuides.Core.Tests.dll" adapterTypeName="executor://xunit/VsTestRunner3/netcore/" className="DesktopGuides.Core.Tests.HtmlAssetPolicyTests" name="RejectsRequestsOutsideTheReadOnlyAssetScope" />
    </UnitTest>
    <UnitTest name="DesktopGuides.Core.Tests.HtmlAssetPolicyTests.RejectsRequestsOutsideTheReadOnlyAssetScope(method: &quot;GET&quot;, url: &quot;http://guide.invalid/guide.html&quot;)" storage="c:\a\desktop-guides\desktop-guides\tests\desktopguides.core.tests\bin\release\net10.0\desktopguides.core.tests.dll" id="b47b4c1d-9920-7e22-aba4-f44acc04ae92">
      <Execution id="6358273f-7752-47eb-9fb7-e072ad577a9a" />
      <TestMethod codeBase="C:\a\desktop-guides\desktop-guides\tests\DesktopGuides.Core.Tests\bin\Release\net10.0\DesktopGuides.Core.Tests.dll" adapterTypeName="executor://xunit/VsTestRunner3/netcore/" className="DesktopGuides.Core.Tests.HtmlAssetPolicyTests" name="RejectsRequestsOutsideTheReadOnlyAssetScope" />
    </UnitTest>
    <UnitTest name="DesktopGuides.Core.Tests.HtmlAssetPolicyTests.RejectsRequestsOutsideTheReadOnlyAssetScope(method: &quot;GET&quot;, url: &quot;https://guide.invalid/../outside.html&quot;)" storage="c:\a\desktop-guides\desktop-guides\tests\desktopguides.core.tests\bin\release\net10.0\desktopguides.core.tests.dll" id="07c7de27-26de-a9f7-9ab2-361772f15d1e">
      <Execution id="90c57610-1556-476d-be4c-495608ab1a9b" />
      <TestMethod codeBase="C:\a\desktop-guides\desktop-guides\tests\DesktopGuides.Core.Tests\bin\Release\net10.0\DesktopGuides.Core.Tests.dll" adapterTypeName="executor://xunit/VsTestRunner3/netcore/" className="DesktopGuides.Core.Tests.HtmlAssetPolicyTests" name="RejectsRequestsOutsideTheReadOnlyAssetScope" />
    </UnitTest>
    <UnitTest name="DesktopGuides.Core.Tests.TextGuideDocumentTests.FallsBackToFractionWhenContextCannotBeFound" storage="c:\a\desktop-guides\desktop-guides\tests\desktopguides.core.tests\bin\release\net10.0\desktopguides.core.tests.dll" id="5306eca0-b7b2-215e-3500-dc744dc0a606">
      <Execution id="192222bf-4977-4f0e-a357-a9d7ea5209f6" />
      <TestMethod codeBase="C:\a\desktop-guides\desktop-guides\tests\DesktopGuides.Core.Tests\bin\Release\net10.0\DesktopGuides.Core.Tests.dll" adapterTypeName="executor://xunit/VsTestRunner3/netcore/" className="DesktopGuides.Core.Tests.TextGuideDocumentTests" name="FallsBackToFractionWhenContextCannotBeFound" />
    </UnitTest>
    <UnitTest name="DesktopGuides.Core.Tests.HtmlAssetPolicyTests.RejectsRequestsOutsideTheReadOnlyAssetScope(method: &quot;GET&quot;, url: &quot;https://guide.invalid/guide.html?remote=true&quot;)" storage="c:\a\desktop-guides\desktop-guides\tests\desktopguides.core.tests\bin\release\net10.0\desktopguides.core.tests.dll" id="355a0214-5e1c-a62f-aa47-3153b5b8f8ad">
      <Execution id="c4b9ea82-3614-4320-aa8d-e0dbaf5d81bc" />
      <TestMethod codeBase="C:\a\desktop-guides\desktop-guides\tests\DesktopGuides.Core.Tests\bin\Release\net10.0\DesktopGuides.Core.Tests.dll" adapterTypeName="executor://xunit/VsTestRunner3/netcore/" className="DesktopGuides.Core.Tests.HtmlAssetPolicyTests" name="RejectsRequestsOutsideTheReadOnlyAssetScope" />
    </UnitTest>
    <UnitTest name="DesktopGuides.Core.Tests.HtmlAssetPolicyTests.RejectsRequestsOutsideTheReadOnlyAssetScope(method: &quot;GET&quot;, url: &quot;https://guide.invalid:444/guide.html&quot;)" storage="c:\a\desktop-guides\desktop-guides\tests\desktopguides.core.tests\bin\release\net10.0\desktopguides.core.tests.dll" id="afaebaff-4092-b82e-7bdd-5dcc8d2370e5">
      <Execution id="297211aa-8655-479d-9ec6-2975570fc3e4" />
      <TestMethod codeBase="C:\a\desktop-guides\desktop-guides\tests\DesktopGuides.Core.Tests\bin\Release\net10.0\DesktopGuides.Core.Tests.dll" adapterTypeName="executor://xunit/VsTestRunner3/netcore/" className="DesktopGuides.Core.Tests.HtmlAssetPolicyTests" name="RejectsRequestsOutsideTheReadOnlyAssetScope" />
    </UnitTest>
    <UnitTest name="DesktopGuides.Core.Tests.HtmlAssetPolicyTests.RejectsRequestsOutsideTheReadOnlyAssetScope(method: &quot;POST&quot;, url: &quot;https://guide.invalid/guide.html&quot;)" storage="c:\a\desktop-guides\desktop-guides\tests\desktopguides.core.tests\bin\release\net10.0\desktopguides.core.tests.dll" id="5d8fde1a-f3ef-3bf2-6577-9775eeb6e8e7">
      <Execution id="9a83e100-c05d-4d30-a55e-fb41fc951c6c" />
      <TestMethod codeBase="C:\a\desktop-guides\desktop-guides\tests\DesktopGuides.Core.Tests\bin\Release\net10.0\DesktopGuides.Core.Tests.dll" adapterTypeName="executor://xunit/VsTestRunner3/netcore/" className="DesktopGuides.Core.Tests.HtmlAssetPolicyTests" name="RejectsRequestsOutsideTheReadOnlyAssetScope" />
    </UnitTest>
    <UnitTest name="DesktopGuides.Core.Tests.TextGuideDocumentTests.FindsNearbyContextAfterContentChanges" storage="c:\a\desktop-guides\desktop-guides\tests\desktopguides.core.tests\bin\release\net10.0\desktopguides.core.tests.dll" id="65f2a884-7aaf-d6cf-a9a9-1fde173b9c0a">
      <Execution id="ac0d382a-f8ec-42f8-b73d-975e6e91b872" />
      <TestMethod codeBase="C:\a\desktop-guides\desktop-guides\tests\DesktopGuides.Core.Tests\bin\Release\net10.0\DesktopGuides.Core.Tests.dll" adapterTypeName="executor://xunit/VsTestRunner3/netcore/" className="DesktopGuides.Core.Tests.TextGuideDocumentTests" name="FindsNearbyContextAfterContentChanges" />
    </UnitTest>
    <UnitTest name="DesktopGuides.Core.Tests.FixtureCatalogTests.LoadsAndVerifiesAFixtureById" storage="c:\a\desktop-guides\desktop-guides\tests\desktopguides.core.tests\bin\release\net10.0\desktopguides.core.tests.dll" id="da1ce6eb-e7a0-554b-c1d8-4b184cfcf320">
      <Execution id="df2de838-1ee7-4844-808d-227151b3583e" />
      <TestMethod codeBase="C:\a\desktop-guides\desktop-guides\tests\DesktopGuides.Core.Tests\bin\Release\net10.0\DesktopGuides.Core.Tests.dll" adapterTypeName="executor://xunit/VsTestRunner3/netcore/" className="DesktopGuides.Core.Tests.FixtureCatalogTests" name="LoadsAndVerifiesAFixtureById" />
    </UnitTest>
    <UnitTest name="DesktopGuides.Core.Tests.TextGuideDocumentTests.DecodesBomAndNormalizesNewlinesWithoutChangingWhitespace" storage="c:\a\desktop-guides\desktop-guides\tests\desktopguides.core.tests\bin\release\net10.0\desktopguides.core.tests.dll" id="0a3ebbcc-3074-fdad-a691-281c6b0f5482">
      <Execution id="8347f1c5-a96e-46dd-8145-0045419a77e3" />
      <TestMethod codeBase="C:\a\desktop-guides\desktop-guides\tests\DesktopGuides.Core.Tests\bin\Release\net10.0\DesktopGuides.Core.Tests.dll" adapterTypeName="executor://xunit/VsTestRunner3/netcore/" className="DesktopGuides.Core.Tests.TextGuideDocumentTests" name="DecodesBomAndNormalizesNewlinesWithoutChangingWhitespace" />
    </UnitTest>
  </TestDefinitions>
  <TestEntries>
    <TestEntry testId="e1f50f58-8062-72b9-cc9c-19db3a378266" executionId="366f85b5-90f5-4402-a00b-5a4c9fe46c54" testListId="8c84fa94-04c1-424b-9868-57a2d4851a1d" />
    <TestEntry testId="9664020a-1c18-7b2e-ab55-1e85c22bf279" executionId="bf0eae6a-7c98-446d-95ec-f3ece6473525" testListId="8c84fa94-04c1-424b-9868-57a2d4851a1d" />
    <TestEntry testId="65f2a884-7aaf-d6cf-a9a9-1fde173b9c0a" executionId="ac0d382a-f8ec-42f8-b73d-975e6e91b872" testListId="8c84fa94-04c1-424b-9868-57a2d4851a1d" />
    <TestEntry testId="b4ea6296-97ee-79d3-707f-71ce31e710b6" executionId="6702c0e7-af5b-4f5a-96ae-18035d43a294" testListId="8c84fa94-04c1-424b-9868-57a2d4851a1d" />
    <TestEntry testId="dd22a2e5-9769-89bd-cbc6-621d276d372c" executionId="fc085980-31f7-486c-bfa5-2a22147fd73c" testListId="8c84fa94-04c1-424b-9868-57a2d4851a1d" />
    <TestEntry testId="0a3ebbcc-3074-fdad-a691-281c6b0f5482" executionId="8347f1c5-a96e-46dd-8145-0045419a77e3" testListId="8c84fa94-04c1-424b-9868-57a2d4851a1d" />
    <TestEntry testId="b47b4c1d-9920-7e22-aba4-f44acc04ae92" executionId="6358273f-7752-47eb-9fb7-e072ad577a9a" testListId="8c84fa94-04c1-424b-9868-57a2d4851a1d" />
    <TestEntry testId="afaebaff-4092-b82e-7bdd-5dcc8d2370e5" executionId="297211aa-8655-479d-9ec6-2975570fc3e4" testListId="8c84fa94-04c1-424b-9868-57a2d4851a1d" />
    <TestEntry testId="af1b606f-e528-a99c-b813-f91ca3953702" executionId="3f28f317-5a71-479f-9554-239c5b1599aa" testListId="8c84fa94-04c1-424b-9868-57a2d4851a1d" />
    <TestEntry testId="355a0214-5e1c-a62f-aa47-3153b5b8f8ad" executionId="c4b9ea82-3614-4320-aa8d-e0dbaf5d81bc" testListId="8c84fa94-04c1-424b-9868-57a2d4851a1d" />
    <TestEntry testId="3bafceda-bee2-0698-1edb-0944b01bc21c" executionId="721883f0-5b64-4196-93e2-d0b7349362cc" testListId="8c84fa94-04c1-424b-9868-57a2d4851a1d" />
    <TestEntry testId="5306eca0-b7b2-215e-3500-dc744dc0a606" executionId="192222bf-4977-4f0e-a357-a9d7ea5209f6" testListId="8c84fa94-04c1-424b-9868-57a2d4851a1d" />
    <TestEntry testId="e214083d-9062-e92f-3551-3ad869a924b3" executionId="c48b83c3-96d0-4521-8bbf-010eaee88b63" testListId="8c84fa94-04c1-424b-9868-57a2d4851a1d" />
    <TestEntry testId="5d8fde1a-f3ef-3bf2-6577-9775eeb6e8e7" executionId="9a83e100-c05d-4d30-a55e-fb41fc951c6c" testListId="8c84fa94-04c1-424b-9868-57a2d4851a1d" />
    <TestEntry testId="b379ae71-cd7e-938c-1eef-2d9c4001c9be" executionId="b22def18-834c-4fc2-a19e-3a17c30f01fd" testListId="8c84fa94-04c1-424b-9868-57a2d4851a1d" />
    <TestEntry testId="d9d5a7ef-c627-a2c5-a023-7fbe2c220e22" executionId="13bd9379-2155-4f66-a87a-bbacdc0c9cb8" testListId="8c84fa94-04c1-424b-9868-57a2d4851a1d" />
    <TestEntry testId="5148b27a-ff51-5241-c0d8-eccb742088f7" executionId="1e9f4cb3-b527-4351-b973-1af70200f89f" testListId="8c84fa94-04c1-424b-9868-57a2d4851a1d" />
    <TestEntry testId="d23bb650-686f-e5f0-ba71-d178ef8f42e9" executionId="30300148-e222-456f-a3c2-601ecea47430" testListId="8c84fa94-04c1-424b-9868-57a2d4851a1d" />
    <TestEntry testId="21d9f702-a60d-39ec-cfae-6ad62400c1a6" executionId="6e7c537c-94dd-4d66-a561-5dd49e03ce3b" testListId="8c84fa94-04c1-424b-9868-57a2d4851a1d" />
    <TestEntry testId="f9ea783f-3477-0506-a8f3-d01a2190f1bf" executionId="ac217b60-3765-4b2b-86dc-a52f7b35f87c" testListId="8c84fa94-04c1-424b-9868-57a2d4851a1d" />
    <TestEntry testId="07c7de27-26de-a9f7-9ab2-361772f15d1e" executionId="90c57610-1556-476d-be4c-495608ab1a9b" testListId="8c84fa94-04c1-424b-9868-57a2d4851a1d" />
    <TestEntry testId="28e86855-d814-9f1e-0494-bcb896bacec3" executionId="0324f7ff-9ed7-4a7b-84f7-daded358fcd9" testListId="8c84fa94-04c1-424b-9868-57a2d4851a1d" />
    <TestEntry testId="da1ce6eb-e7a0-554b-c1d8-4b184cfcf320" executionId="df2de838-1ee7-4844-808d-227151b3583e" testListId="8c84fa94-04c1-424b-9868-57a2d4851a1d" />
  </TestEntries>
  <TestLists>
    <TestList name="Results Not in a List" id="8c84fa94-04c1-424b-9868-57a2d4851a1d" />
    <TestList name="All Loaded Results" id="19431567-8539-422a-85d7-44ee4e166bda" />
  </TestLists>
  <ResultSummary outcome="Completed">
    <Counters total="23" executed="23" passed="23" failed="0" error="0" timeout="0" aborted="0" inconclusive="0" passedButRunAborted="0" notRunnable="0" notExecuted="0" disconnected="0" warning="0" completed="0" inProgress="0" pending="0" />
    <Output>
      <StdOut>[xUnit.net 00:00:00.00] xUnit.net VSTest Adapter v3.1.5+1b188a7b0a (64-bit .NET 10.0.12)&#xD;
[xUnit.net 00:00:00.15]   Discovering: DesktopGuides.Core.Tests&#xD;
[xUnit.net 00:00:00.22]   Discovered:  DesktopGuides.Core.Tests&#xD;
[xUnit.net 00:00:00.26]   Starting:    DesktopGuides.Core.Tests&#xD;
[xUnit.net 00:00:00.40]   Finished:    DesktopGuides.Core.Tests&#xD;
</StdOut>
    </Output>
  </ResultSummary>
</TestRun>