<?xml version="1.0" encoding="utf-8"?>
<TestRun id="697a6843-198e-4130-a779-7631c208ef8a" name="runneradmin@runnervm99s1a 2026-09-25 15:53:15" runUser="runnervm99s1a\runneradmin" xmlns="http://microsoft.com/schemas/VisualStudio/TeamTest/2010">
  <Times creation="2026-09-25T15:53:15.7103454+00:00" queuing="2026-09-25T15:53:15.7103456+00:00" start="2026-09-25T15:53:14.5833925+00:00" finish="2026-09-25T15:53:15.8755962+00:00" />
  <TestSettings name="default" id="a0f05254-fb48-4f8a-b6ed-a6c045cc19b9">
    <Deployment runDeploymentRoot="runneradmin_runnervm99s1a_2026-09-25_15_53_15" />
  </TestSettings>
  <Results>
    <UnitTestResult executionId="6496da84-47b4-4e86-994b-56beac6349b1" testId="f69b579d-7f9d-1c10-a0fe-5c36b24b1c10" testName="DesktopGuides.Core.Tests.ManagedRelativePathTests.RejectsEscapesAndAmbiguousWindowsNames(path: &quot;styles\\main.css&quot;)" computerName="runnervm99s1a" duration="00:00:00.0000219" startTime="2026-09-25T15:53:15.6588883+00:00" endTime="2026-09-25T15:53:15.6589757+00:00" testType="13cdc9d9-ddb5-4fa4-a97d-d965ccfc6d4b" outcome="Passed" testListId="8c84fa94-04c1-424b-9868-57a2d4851a1d" relativeResultsDirectory="6496da84-47b4-4e86-994b-56beac6349b1" />
    <UnitTestResult executionId="e1438a46-1263-4fc1-a896-5e31de482de1" testId="1c1317f4-984d-5d84-c2dd-497b0cfa5914" testName="DesktopGuides.Core.Tests.ManagedRelativePathTests.RejectsEscapesAndAmbiguousWindowsNames(path: &quot;../secret.txt&quot;)" computerName="runnervm99s1a" duration="00:00:00.0000249" startTime="2026-09-25T15:53:15.6580026+00:00" endTime="2026-09-25T15:53:15.6580982+00:00" testType="13cdc9d9-ddb5-4fa4-a97d-d965ccfc6d4b" outcome="Passed" testListId="8c84fa94-04c1-424b-9868-57a2d4851a1d" relativeResultsDirectory="e1438a46-1263-4fc1-a896-5e31de482de1" />
    <UnitTestResult executionId="c77c00c0-1213-4234-9f76-b197f588bbae" testId="c78e4709-5751-678b-529b-575b04bc6c92" testName="DesktopGuides.Core.Tests.ReaderLocationCodecTests.RejectsMalformedOrIncompleteJson(json: &quot;{\&quot;format\&quot;:\&quot;Pdf\&quot;,\&quot;schemaVersion\&quot;:1,\&quot;contentS&quot;···)" computerName="runnervm99s1a" duration="00:00:00.0002942" startTime="2026-09-25T15:53:15.6707607+00:00" endTime="2026-09-25T15:53:15.6708329+00:00" testType="13cdc9d9-ddb5-4fa4-a97d-d965ccfc6d4b" outcome="Passed" testListId="8c84fa94-04c1-424b-9868-57a2d4851a1d" relativeResultsDirectory="c77c00c0-1213-4234-9f76-b197f588bbae" />
    <UnitTestResult executionId="c7c14d16-42e8-4aec-a87a-9a74376dde92" testId="bbf5840a-1b02-cfd6-ad7d-00cb3c8e28a8" testName="DesktopGuides.Core.Tests.ManagedRelativePathTests.RejectsEscapesAndAmbiguousWindowsNames(path: &quot;styles/%5csecret.css&quot;)" computerName="runnervm99s1a" duration="00:00:00.0000367" startTime="2026-09-25T15:53:15.6585752+00:00" endTime="2026-09-25T15:53:15.6587069+00:00" testType="13cdc9d9-ddb5-4fa4-a97d-d965ccfc6d4b" outcome="Passed" testListId="8c84fa94-04c1-424b-9868-57a2d4851a1d" relativeResultsDirectory="c7c14d16-42e8-4aec-a87a-9a74376dde92" />
    <UnitTestResult executionId="efb92d91-879f-498d-a11a-12dd54c370a0" testId="b379ae71-cd7e-938c-1eef-2d9c4001c9be" testName="DesktopGuides.Core.Tests.FixtureCatalogTests.RejectsContentWhoseHashDoesNotMatchTheManifest" computerName="runnervm99s1a" duration="00:00:00.0040523" startTime="2026-09-25T15:53:15.7425110+00:00" endTime="2026-09-25T15:53:15.7462853+00:00" testType="13cdc9d9-ddb5-4fa4-a97d-d965ccfc6d4b" outcome="Passed" testListId="8c84fa94-04c1-424b-9868-57a2d4851a1d" relativeResultsDirectory="efb92d91-879f-498d-a11a-12dd54c370a0" />
    <UnitTestResult executionId="f8a903d4-43bf-4e49-8f7e-118d03cdbd87" testId="9664020a-1c18-7b2e-ab55-1e85c22bf279" testName="DesktopGuides.Core.Tests.HtmlAssetPolicyTests.RejectsAnAssetChangedAfterManifestVerification" computerName="runnervm99s1a" duration="00:00:00.0090958" startTime="2026-09-25T15:53:15.7502655+00:00" endTime="2026-09-25T15:53:15.7592534+00:00" testType="13cdc9d9-ddb5-4fa4-a97d-d965ccfc6d4b" outcome="Passed" testListId="8c84fa94-04c1-424b-9868-57a2d4851a1d" relativeResultsDirectory="f8a903d4-43bf-4e49-8f7e-118d03cdbd87" />
    <UnitTestResult executionId="37e3fdc0-b6c0-4c88-b26c-af193c328d1c" testId="3bafceda-bee2-0698-1edb-0944b01bc21c" testName="DesktopGuides.Core.Tests.FixtureCatalogTests.RejectsAFixtureThatLinksOutsideTheManifestRoot" computerName="runnervm99s1a" duration="00:00:00.0060992" startTime="2026-09-25T15:53:15.7363276+00:00" endTime="2026-09-25T15:53:15.7421709+00:00" testType="13cdc9d9-ddb5-4fa4-a97d-d965ccfc6d4b" outcome="Passed" testListId="8c84fa94-04c1-424b-9868-57a2d4851a1d" relativeResultsDirectory="37e3fdc0-b6c0-4c88-b26c-af193c328d1c" />
    <UnitTestResult executionId="2c91c0c0-2bc7-4e52-8a73-7a349395c2da" testId="cbb0aed3-cab9-f324-2e2d-ce07993c4660" testName="DesktopGuides.Core.Tests.ManagedRelativePathTests.RejectsEscapesAndAmbiguousWindowsNames(path: &quot;styles/../secret.txt&quot;)" computerName="runnervm99s1a" duration="00:00:00.0000386" startTime="2026-09-25T15:53:15.6280864+00:00" endTime="2026-09-25T15:53:15.6282060+00:00" testType="13cdc9d9-ddb5-4fa4-a97d-d965ccfc6d4b" outcome="Passed" testListId="8c84fa94-04c1-424b-9868-57a2d4851a1d" relativeResultsDirectory="2c91c0c0-2bc7-4e52-8a73-7a349395c2da" />
    <UnitTestResult executionId="2a02b86d-eec4-41bc-9198-9ef42374d0a4" testId="4d45225f-6340-93fa-c1fe-205ce7dbcd19" testName="DesktopGuides.Core.Tests.ReaderLocationCodecTests.UnknownLocatorVersionsAreUnavailable(version: 2)" computerName="runnervm99s1a" duration="00:00:00.0012029" startTime="2026-09-25T15:53:15.6779585+00:00" endTime="2026-09-25T15:53:15.6780549+00:00" testType="13cdc9d9-ddb5-4fa4-a97d-d965ccfc6d4b" outcome="Passed" testListId="8c84fa94-04c1-424b-9868-57a2d4851a1d" relativeResultsDirectory="2a02b86d-eec4-41bc-9198-9ef42374d0a4" />
    <UnitTestResult executionId="794a2bfa-ea97-41ed-acf7-6300b5deaae6" testId="af1b606f-e528-a99c-b813-f91ca3953702" testName="DesktopGuides.Core.Tests.TextGuideDocumentTests.DecodesSelectedCp437WithoutChangingAsciiLayout" computerName="runnervm99s1a" duration="00:00:00.0022112" startTime="2026-09-25T15:53:15.6742714+00:00" endTime="2026-09-25T15:53:15.6743609+00:00" testType="13cdc9d9-ddb5-4fa4-a97d-d965ccfc6d4b" outcome="Passed" testListId="8c84fa94-04c1-424b-9868-57a2d4851a1d" relativeResultsDirectory="794a2bfa-ea97-41ed-acf7-6300b5deaae6" />
    <UnitTestResult executionId="a8b9a24a-1820-4238-8a99-5dc27232d666" testId="4bcd14ab-da5e-27fa-1113-d81275401668" testName="DesktopGuides.Core.Tests.ReaderLocationCodecTests.RejectsMalformedOrIncompleteJson(json: &quot;{&quot;)" computerName="runnervm99s1a" duration="00:00:00.0036464" startTime="2026-09-25T15:53:15.6709699+00:00" endTime="2026-09-25T15:53:15.6719724+00:00" testType="13cdc9d9-ddb5-4fa4-a97d-d965ccfc6d4b" outcome="Passed" testListId="8c84fa94-04c1-424b-9868-57a2d4851a1d" relativeResultsDirectory="a8b9a24a-1820-4238-8a99-5dc27232d666" />
    <UnitTestResult executionId="491fd867-bba8-4e7e-a658-e6b1e8d47442" testId="5d8fde1a-f3ef-3bf2-6577-9775eeb6e8e7" testName="DesktopGuides.Core.Tests.HtmlAssetPolicyTests.RejectsRequestsOutsideTheReadOnlyAssetScope(method: &quot;POST&quot;, url: &quot;https://guide.invalid/guide.html&quot;)" computerName="runnervm99s1a" duration="00:00:00.0085368" startTime="2026-09-25T15:53:15.7228267+00:00" endTime="2026-09-25T15:53:15.7297525+00:00" testType="13cdc9d9-ddb5-4fa4-a97d-d965ccfc6d4b" outcome="Passed" testListId="8c84fa94-04c1-424b-9868-57a2d4851a1d" relativeResultsDirectory="491fd867-bba8-4e7e-a658-e6b1e8d47442" />
    <UnitTestResult executionId="34b1ca52-2a78-48b2-9337-d64274ef63ad" testId="e214083d-9062-e92f-3551-3ad869a924b3" testName="DesktopGuides.Core.Tests.TextGuideDocumentTests.ChoosesTheNearestRepeatedContextAfterContentChanges" computerName="runnervm99s1a" duration="00:00:00.0081667" startTime="2026-09-25T15:53:15.6718651+00:00" endTime="2026-09-25T15:53:15.6722068+00:00" testType="13cdc9d9-ddb5-4fa4-a97d-d965ccfc6d4b" outcome="Passed" testListId="8c84fa94-04c1-424b-9868-57a2d4851a1d" relativeResultsDirectory="34b1ca52-2a78-48b2-9337-d64274ef63ad" />
    <UnitTestResult executionId="5013d89b-debd-4d2e-b42d-bece0a026442" testId="392bf07e-b020-b179-83d4-f351c2891a24" testName="DesktopGuides.Core.Tests.ReaderLocationCodecTests.RejectsInvalidPageAndOversizedQuote" computerName="runnervm99s1a" duration="00:00:00.0007762" startTime="2026-09-25T15:53:15.6788844+00:00" endTime="2026-09-25T15:53:15.6789698+00:00" testType="13cdc9d9-ddb5-4fa4-a97d-d965ccfc6d4b" outcome="Passed" testListId="8c84fa94-04c1-424b-9868-57a2d4851a1d" relativeResultsDirectory="5013d89b-debd-4d2e-b42d-bece0a026442" />
    <UnitTestResult executionId="4562d61a-ce1a-46c9-b8f7-4fe3cacc3049" testId="5e5f018a-cb57-be3d-3cc2-bdc405783398" testName="DesktopGuides.Core.Tests.ReaderContractTests.CommandVisibilityComesFromCapabilities" computerName="runnervm99s1a" duration="00:00:00.0013577" startTime="2026-09-25T15:53:15.6713215+00:00" endTime="2026-09-25T15:53:15.6714093+00:00" testType="13cdc9d9-ddb5-4fa4-a97d-d965ccfc6d4b" outcome="Passed" testListId="8c84fa94-04c1-424b-9868-57a2d4851a1d" relativeResultsDirectory="4562d61a-ce1a-46c9-b8f7-4fe3cacc3049" />
    <UnitTestResult executionId="ebeacaec-9179-41de-95d8-a3f82b4798d2" testId="88654ed1-7ac6-2123-05e5-eee1bfb6d1a0" testName="DesktopGuides.Core.Tests.ManagedRelativePathTests.RejectsEscapesAndAmbiguousWindowsNames(path: &quot;styles/./main.css&quot;)" computerName="runnervm99s1a" duration="00:00:00.0000171" startTime="2026-09-25T15:53:15.6573720+00:00" endTime="2026-09-25T15:53:15.6574973+00:00" testType="13cdc9d9-ddb5-4fa4-a97d-d965ccfc6d4b" outcome="Passed" testListId="8c84fa94-04c1-424b-9868-57a2d4851a1d" relativeResultsDirectory="ebeacaec-9179-41de-95d8-a3f82b4798d2" />
    <UnitTestResult executionId="a91ee29c-91d8-4c02-8200-c28456a20f6c" testId="973825c8-3e8f-82ce-d465-e9b44b88d1d0" testName="DesktopGuides.Core.Tests.ManagedRelativePathTests.RejectsEscapesAndAmbiguousWindowsNames(path: &quot;styles//main.css&quot;)" computerName="runnervm99s1a" duration="00:00:00.0000209" startTime="2026-09-25T15:53:15.6296829+00:00" endTime="2026-09-25T15:53:15.6297954+00:00" testType="13cdc9d9-ddb5-4fa4-a97d-d965ccfc6d4b" outcome="Passed" testListId="8c84fa94-04c1-424b-9868-57a2d4851a1d" relativeResultsDirectory="a91ee29c-91d8-4c02-8200-c28456a20f6c" />
    <UnitTestResult executionId="0c9230a1-a8b4-46bf-b79d-3e95273ee007" testId="d9d5a7ef-c627-a2c5-a023-7fbe2c220e22" testName="DesktopGuides.Core.Tests.TextGuideDocumentTests.IndexesLogicalLinesByNormalizedCharacterOffset" computerName="runnervm99s1a" duration="00:00:00.0056412" startTime="2026-09-25T15:53:15.6724514+00:00" endTime="2026-09-25T15:53:15.6725466+00:00" testType="13cdc9d9-ddb5-4fa4-a97d-d965ccfc6d4b" outcome="Passed" testListId="8c84fa94-04c1-424b-9868-57a2d4851a1d" relativeResultsDirectory="0c9230a1-a8b4-46bf-b79d-3e95273ee007" />
    <UnitTestResult executionId="761597fb-3b70-47eb-86f5-0f4ca031b2d9" testId="18b1b528-f844-0d22-24bc-f384cf75c891" testName="DesktopGuides.Core.Tests.ManagedRelativePathTests.RejectsEscapesAndAmbiguousWindowsNames(path: &quot;styles/%2fsecret.css&quot;)" computerName="runnervm99s1a" duration="00:00:00.0002774" startTime="2026-09-25T15:53:15.6267507+00:00" endTime="2026-09-25T15:53:15.6268863+00:00" testType="13cdc9d9-ddb5-4fa4-a97d-d965ccfc6d4b" outcome="Passed" testListId="8c84fa94-04c1-424b-9868-57a2d4851a1d" relativeResultsDirectory="761597fb-3b70-47eb-86f5-0f4ca031b2d9" />
    <UnitTestResult executionId="f6a6322a-3417-4631-8b83-2bd88f65039a" testId="5306eca0-b7b2-215e-3500-dc744dc0a606" testName="DesktopGuides.Core.Tests.TextGuideDocumentTests.FallsBackToFractionWhenContextCannotBeFound" computerName="runnervm99s1a" duration="00:00:00.0003317" startTime="2026-09-25T15:53:15.6727711+00:00" endTime="2026-09-25T15:53:15.6728432+00:00" testType="13cdc9d9-ddb5-4fa4-a97d-d965ccfc6d4b" outcome="Passed" testListId="8c84fa94-04c1-424b-9868-57a2d4851a1d" relativeResultsDirectory="f6a6322a-3417-4631-8b83-2bd88f65039a" />
    <UnitTestResult executionId="57e68e7d-1bb8-4a59-b94c-f1c2f8efbf83" testId="f5392f73-b8a1-6650-c8e1-f83347d441eb" testName="DesktopGuides.Core.Tests.ManagedRelativePathTests.RejectsEscapesAndAmbiguousWindowsNames(path: &quot;//server/share.txt&quot;)" computerName="runnervm99s1a" duration="00:00:00.0074551" startTime="2026-09-25T15:53:15.5847596+00:00" endTime="2026-09-25T15:53:15.6079603+00:00" testType="13cdc9d9-ddb5-4fa4-a97d-d965ccfc6d4b" outcome="Passed" testListId="8c84fa94-04c1-424b-9868-57a2d4851a1d" relativeResultsDirectory="57e68e7d-1bb8-4a59-b94c-f1c2f8efbf83" />
    <UnitTestResult executionId="b53fa756-29fd-4e47-ab54-6a4a7e768345" testId="0e37eb74-ac8e-e25d-6a1b-ae85a029e0d9" testName="DesktopGuides.Core.Tests.ManagedRelativePathTests.RejectsEscapesAndAmbiguousWindowsNames(path: &quot;styles/CON.txt&quot;)" computerName="runnervm99s1a" duration="00:00:00.0000317" startTime="2026-09-25T15:53:15.6290375+00:00" endTime="2026-09-25T15:53:15.6291546+00:00" testType="13cdc9d9-ddb5-4fa4-a97d-d965ccfc6d4b" outcome="Passed" testListId="8c84fa94-04c1-424b-9868-57a2d4851a1d" relativeResultsDirectory="b53fa756-29fd-4e47-ab54-6a4a7e768345" />
    <UnitTestResult executionId="b54cc8e5-40b0-4be7-8283-9b0ef21bc016" testId="32e77880-0ee3-f638-1cea-013c9b4e37e2" testName="DesktopGuides.Core.Tests.ReaderLocationCodecTests.ChangedPdfKeepsPageAsApproximateFallbackWithoutEstimate" computerName="runnervm99s1a" duration="00:00:00.0010491" startTime="2026-09-25T15:53:15.6785570+00:00" endTime="2026-09-25T15:53:15.6786618+00:00" testType="13cdc9d9-ddb5-4fa4-a97d-d965ccfc6d4b" outcome="Passed" testListId="8c84fa94-04c1-424b-9868-57a2d4851a1d" relativeResultsDirectory="b54cc8e5-40b0-4be7-8283-9b0ef21bc016" />
    <UnitTestResult executionId="cf97d1f2-5e2b-43f8-9b9d-fc50ed3acc6e" testId="2220fce6-a2c9-f342-77f6-2d561e754f34" testName="DesktopGuides.Core.Tests.ManagedRelativePathTests.RejectsEscapesAndAmbiguousWindowsNames(path: &quot;C:/Windows/win.ini&quot;)" computerName="runnervm99s1a" duration="00:00:00.0000226" startTime="2026-09-25T15:53:15.6287258+00:00" endTime="2026-09-25T15:53:15.6288407+00:00" testType="13cdc9d9-ddb5-4fa4-a97d-d965ccfc6d4b" outcome="Passed" testListId="8c84fa94-04c1-424b-9868-57a2d4851a1d" relativeResultsDirectory="cf97d1f2-5e2b-43f8-9b9d-fc50ed3acc6e" />
    <UnitTestResult executionId="27fe300b-3740-4164-8137-350289516ded" testId="83c103a0-1912-584a-eb90-fa56228bb5b9" testName="DesktopGuides.Core.Tests.ReaderLocationCodecTests.RoundTripsEachFormat(original: ReaderLocation { Format = Html, SchemaVersion = 1, ContentSha256 = aaaaaaaaaaaaaaaaaaaaaaaaaaaaaaaaaaaaaaaaaaaaaaaaaaaaaaaaaaaaaaaa, Payload = HtmlPosition { DocumentPath = guide.html, ElementId = chapter-2, TextQuote = bridge, TextOffset = 12, ScrollFraction = 0.6 }, EstimatedFraction = 0.6 }, htmlDocument: &quot;guide.html&quot;)" computerName="runnervm99s1a" duration="00:00:00.0008791" startTime="2026-09-25T15:53:15.6762725+00:00" endTime="2026-09-25T15:53:15.6763674+00:00" testType="13cdc9d9-ddb5-4fa4-a97d-d965ccfc6d4b" outcome="Passed" testListId="8c84fa94-04c1-424b-9868-57a2d4851a1d" relativeResultsDirectory="27fe300b-3740-4164-8137-350289516ded" />
    <UnitTestResult executionId="148fe549-4ad8-4328-b689-b4fca6fd8e59" testId="15c346bb-c657-9d05-a4a9-d83b4cd01667" testName="DesktopGuides.Core.Tests.ManagedRelativePathTests.RejectsEscapesAndAmbiguousWindowsNames(path: &quot;styles/NUL .txt&quot;)" computerName="runnervm99s1a" duration="00:00:00.0000205" startTime="2026-09-25T15:53:15.6284011+00:00" endTime="2026-09-25T15:53:15.6284917+00:00" testType="13cdc9d9-ddb5-4fa4-a97d-d965ccfc6d4b" outcome="Passed" testListId="8c84fa94-04c1-424b-9868-57a2d4851a1d" relativeResultsDirectory="148fe549-4ad8-4328-b689-b4fca6fd8e59" />
    <UnitTestResult executionId="8afcae81-9d7f-467c-9ff2-bb375c24f3eb" testId="663a2d05-e464-acf4-5956-5e397f967b63" testName="DesktopGuides.Core.Tests.ManagedRelativePathTests.RejectsEscapesAndAmbiguousWindowsNames(path: &quot;styles/COM0.txt&quot;)" computerName="runnervm99s1a" duration="00:00:00.0000184" startTime="2026-09-25T15:53:15.6597283+00:00" endTime="2026-09-25T15:53:15.6597981+00:00" testType="13cdc9d9-ddb5-4fa4-a97d-d965ccfc6d4b" outcome="Passed" testListId="8c84fa94-04c1-424b-9868-57a2d4851a1d" relativeResultsDirectory="8afcae81-9d7f-467c-9ff2-bb375c24f3eb" />
    <UnitTestResult executionId="2e7f37aa-5ce2-4eec-8f9f-a06c0334bd05" testId="07c7de27-26de-a9f7-9ab2-361772f15d1e" testName="DesktopGuides.Core.Tests.HtmlAssetPolicyTests.RejectsRequestsOutsideTheReadOnlyAssetScope(method: &quot;GET&quot;, url: &quot;https://guide.invalid/../outside.html&quot;)" computerName="runnervm99s1a" duration="00:00:00.0088365" startTime="2026-09-25T15:53:15.7064851+00:00" endTime="2026-09-25T15:53:15.7142083+00:00" testType="13cdc9d9-ddb5-4fa4-a97d-d965ccfc6d4b" outcome="Passed" testListId="8c84fa94-04c1-424b-9868-57a2d4851a1d" relativeResultsDirectory="2e7f37aa-5ce2-4eec-8f9f-a06c0334bd05" />
    <UnitTestResult executionId="e4b2b1d2-fd32-4724-ba95-679b8e408105" testId="4cdf9d0f-ed08-f80e-4cfe-c6136aea9563" testName="DesktopGuides.Core.Tests.ReaderLocationCodecTests.UnknownLocatorVersionsAreUnavailable(version: 0)" computerName="runnervm99s1a" duration="00:00:00.0002721" startTime="2026-09-25T15:53:15.6782164+00:00" endTime="2026-09-25T15:53:15.6783193+00:00" testType="13cdc9d9-ddb5-4fa4-a97d-d965ccfc6d4b" outcome="Passed" testListId="8c84fa94-04c1-424b-9868-57a2d4851a1d" relativeResultsDirectory="e4b2b1d2-fd32-4724-ba95-679b8e408105" />
    <UnitTestResult executionId="580c0150-2375-412a-bc23-feffea3848ce" testId="cec6b4c7-fa26-4898-a672-7386be54c7a0" testName="DesktopGuides.Core.Tests.ReaderContractTests.CapabilityChangesRefreshAvailableCommands" computerName="runnervm99s1a" duration="00:00:00.0225740" startTime="2026-09-25T15:53:15.6676425+00:00" endTime="2026-09-25T15:53:15.6681567+00:00" testType="13cdc9d9-ddb5-4fa4-a97d-d965ccfc6d4b" outcome="Passed" testListId="8c84fa94-04c1-424b-9868-57a2d4851a1d" relativeResultsDirectory="580c0150-2375-412a-bc23-feffea3848ce" />
    <UnitTestResult executionId="e62e3b0c-b2ef-4b01-8455-46858a065d2c" testId="83c103a0-1912-584a-eb90-fa56228bb5b9" testName="DesktopGuides.Core.Tests.ReaderLocationCodecTests.RoundTripsEachFormat(original: ReaderLocation { Format = Pdf, SchemaVersion = 1, ContentSha256 = aaaaaaaaaaaaaaaaaaaaaaaaaaaaaaaaaaaaaaaaaaaaaaaaaaaaaaaaaaaaaaaa, Payload = PdfPosition { PageIndex = 8, PageFraction = 0.37 }, EstimatedFraction = 0.37 }, htmlDocument: null)" computerName="runnervm99s1a" duration="00:00:00.0004709" startTime="2026-09-25T15:53:15.6764640+00:00" endTime="2026-09-25T15:53:15.6765495+00:00" testType="13cdc9d9-ddb5-4fa4-a97d-d965ccfc6d4b" outcome="Passed" testListId="8c84fa94-04c1-424b-9868-57a2d4851a1d" relativeResultsDirectory="e62e3b0c-b2ef-4b01-8455-46858a065d2c" />
    <UnitTestResult executionId="f7240c66-da02-4968-8a71-3a9b193d5725" testId="d74e39f2-0dc4-e973-e98e-f98c68304f3b" testName="DesktopGuides.Core.Tests.ManagedRelativePathTests.RejectsEscapesAndAmbiguousWindowsNames(path: &quot;styles/LPT².txt&quot;)" computerName="runnervm99s1a" duration="00:00:00.0000366" startTime="2026-09-25T15:53:15.6591479+00:00" endTime="2026-09-25T15:53:15.6592915+00:00" testType="13cdc9d9-ddb5-4fa4-a97d-d965ccfc6d4b" outcome="Passed" testListId="8c84fa94-04c1-424b-9868-57a2d4851a1d" relativeResultsDirectory="f7240c66-da02-4968-8a71-3a9b193d5725" />
    <UnitTestResult executionId="50370476-86f8-4beb-b73a-dea09e8beb8e" testId="b1142c99-8964-6e66-748c-081fbdb81b6a" testName="DesktopGuides.Core.Tests.ManagedRelativePathTests.AllowsNormalizedRelativePaths(path: &quot;images/\ud83d\uddfa️.png&quot;)" computerName="runnervm99s1a" duration="00:00:00.0000509" startTime="2026-09-25T15:53:15.6639950+00:00" endTime="2026-09-25T15:53:15.6640774+00:00" testType="13cdc9d9-ddb5-4fa4-a97d-d965ccfc6d4b" outcome="Passed" testListId="8c84fa94-04c1-424b-9868-57a2d4851a1d" relativeResultsDirectory="50370476-86f8-4beb-b73a-dea09e8beb8e" />
    <UnitTestResult executionId="dbfc30c3-d05b-4cfe-b3d4-fecc9c59b021" testId="e7213df8-d8d5-e3d2-6dd1-26ccf6d5681c" testName="DesktopGuides.Core.Tests.ManagedRelativePathTests.RejectsUnpairedSurrogate" computerName="runnervm99s1a" duration="00:00:00.0003770" startTime="2026-09-25T15:53:15.6643152+00:00" endTime="2026-09-25T15:53:15.6643892+00:00" testType="13cdc9d9-ddb5-4fa4-a97d-d965ccfc6d4b" outcome="Passed" testListId="8c84fa94-04c1-424b-9868-57a2d4851a1d" relativeResultsDirectory="dbfc30c3-d05b-4cfe-b3d4-fecc9c59b021" />
    <UnitTestResult executionId="8b3582c8-830c-4ae0-9ba7-8136b69ff2c9" testId="4315476c-740b-513a-8997-1b3a0c533ae3" testName="DesktopGuides.Core.Tests.ManagedRelativePathTests.AllowsNormalizedRelativePaths(path: &quot;guide.html&quot;)" computerName="runnervm99s1a" duration="00:00:00.0010598" startTime="2026-09-25T15:53:15.6632626+00:00" endTime="2026-09-25T15:53:15.6634072+00:00" testType="13cdc9d9-ddb5-4fa4-a97d-d965ccfc6d4b" outcome="Passed" testListId="8c84fa94-04c1-424b-9868-57a2d4851a1d" relativeResultsDirectory="8b3582c8-830c-4ae0-9ba7-8136b69ff2c9" />
    <UnitTestResult executionId="2c7eef5e-2819-464a-9d34-0f7b7035bbe6" testId="21d9f702-a60d-39ec-cfae-6ad62400c1a6" testName="DesktopGuides.Core.Tests.TextGuideDocumentTests.InvalidUtf8RequiresAnExplicitEncoding" computerName="runnervm99s1a" duration="00:00:00.0010452" startTime="2026-09-25T15:53:15.6751747+00:00" endTime="2026-09-25T15:53:15.6753059+00:00" testType="13cdc9d9-ddb5-4fa4-a97d-d965ccfc6d4b" outcome="Passed" testListId="8c84fa94-04c1-424b-9868-57a2d4851a1d" relativeResultsDirectory="2c7eef5e-2819-464a-9d34-0f7b7035bbe6" />
    <UnitTestResult executionId="f91ec9d8-8a93-4bba-8c95-76810f59b88e" testId="f9ea783f-3477-0506-a8f3-d01a2190f1bf" testName="DesktopGuides.Core.Tests.HtmlAssetPolicyTests.AllowsOnlyManifestAssetsWithinTheSelectedGuideRoot" computerName="runnervm99s1a" duration="00:00:00.0098829" startTime="2026-09-25T15:53:15.7607539+00:00" endTime="2026-09-25T15:53:15.7692913+00:00" testType="13cdc9d9-ddb5-4fa4-a97d-d965ccfc6d4b" outcome="Passed" testListId="8c84fa94-04c1-424b-9868-57a2d4851a1d" relativeResultsDirectory="f91ec9d8-8a93-4bba-8c95-76810f59b88e" />
    <UnitTestResult executionId="62d35d0e-795a-4662-be9f-a6ab42c43bed" testId="28e86855-d814-9f1e-0494-bcb896bacec3" testName="DesktopGuides.Core.Tests.TextGuideDocumentTests.RestoresExactOffsetForUnchangedContent" computerName="runnervm99s1a" duration="00:00:00.0002865" startTime="2026-09-25T15:53:15.6755460+00:00" endTime="2026-09-25T15:53:15.6756396+00:00" testType="13cdc9d9-ddb5-4fa4-a97d-d965ccfc6d4b" outcome="Passed" testListId="8c84fa94-04c1-424b-9868-57a2d4851a1d" relativeResultsDirectory="62d35d0e-795a-4662-be9f-a6ab42c43bed" />
    <UnitTestResult executionId="29546788-5b75-4450-8fe4-1da1c2369ed2" testId="ef0108d9-9be6-a5f1-6cd0-5fbb16b1c6ed" testName="DesktopGuides.Core.Tests.ManagedRelativePathTests.AllowsNormalizedRelativePaths(path: &quot;images/map.v2.png&quot;)" computerName="runnervm99s1a" duration="00:00:00.0000096" startTime="2026-09-25T15:53:15.6637872+00:00" endTime="2026-09-25T15:53:15.6638639+00:00" testType="13cdc9d9-ddb5-4fa4-a97d-d965ccfc6d4b" outcome="Passed" testListId="8c84fa94-04c1-424b-9868-57a2d4851a1d" relativeResultsDirectory="29546788-5b75-4450-8fe4-1da1c2369ed2" />
    <UnitTestResult executionId="9fe98beb-9719-403c-b170-4349e4838dd4" testId="355a0214-5e1c-a62f-aa47-3153b5b8f8ad" testName="DesktopGuides.Core.Tests.HtmlAssetPolicyTests.RejectsRequestsOutsideTheReadOnlyAssetScope(method: &quot;GET&quot;, url: &quot;https://guide.invalid/guide.html?remote=true&quot;)" computerName="runnervm99s1a" duration="00:00:00.0063397" startTime="2026-09-25T15:53:15.7366076+00:00" endTime="2026-09-25T15:53:15.7427163+00:00" testType="13cdc9d9-ddb5-4fa4-a97d-d965ccfc6d4b" outcome="Passed" testListId="8c84fa94-04c1-424b-9868-57a2d4851a1d" relativeResultsDirectory="9fe98beb-9719-403c-b170-4349e4838dd4" />
    <UnitTestResult executionId="8f352d7f-25cf-4cd5-a5ab-d47d7b031f1a" testId="fd7d4188-aefc-2c44-f063-fa3c69b46d85" testName="DesktopGuides.Core.Tests.ReaderLocationCodecTests.ChangedContentRetainsContextAndApproximateFallback" computerName="runnervm99s1a" duration="00:00:00.0269022" startTime="2026-09-25T15:53:15.6680426+00:00" endTime="2026-09-25T15:53:15.6684960+00:00" testType="13cdc9d9-ddb5-4fa4-a97d-d965ccfc6d4b" outcome="Passed" testListId="8c84fa94-04c1-424b-9868-57a2d4851a1d" relativeResultsDirectory="8f352d7f-25cf-4cd5-a5ab-d47d7b031f1a" />
    <UnitTestResult executionId="eda7719a-474d-402b-870d-7730ce527800" testId="291ae1df-c249-3ed3-bd0b-6fcec2027026" testName="DesktopGuides.Core.Tests.ManagedRelativePathTests.AllowsNormalizedRelativePaths(path: &quot;styles/main guide.css&quot;)" computerName="runnervm99s1a" duration="00:00:00.0002089" startTime="2026-09-25T15:53:15.6635581+00:00" endTime="2026-09-25T15:53:15.6636423+00:00" testType="13cdc9d9-ddb5-4fa4-a97d-d965ccfc6d4b" outcome="Passed" testListId="8c84fa94-04c1-424b-9868-57a2d4851a1d" relativeResultsDirectory="eda7719a-474d-402b-870d-7730ce527800" />
    <UnitTestResult executionId="8bd07508-8674-41d1-ac17-015fddfc93ed" testId="e17cd9fd-2512-a9dc-35b4-376e2e4cb330" testName="DesktopGuides.Core.Tests.ManagedRelativePathTests.RejectsEscapesAndAmbiguousWindowsNames(path: &quot;/absolute.txt&quot;)" computerName="runnervm99s1a" duration="00:00:00.0000129" startTime="2026-09-25T15:53:15.6599175+00:00" endTime="2026-09-25T15:53:15.6600093+00:00" testType="13cdc9d9-ddb5-4fa4-a97d-d965ccfc6d4b" outcome="Passed" testListId="8c84fa94-04c1-424b-9868-57a2d4851a1d" relativeResultsDirectory="8bd07508-8674-41d1-ac17-015fddfc93ed" />
    <UnitTestResult executionId="89d73d3a-cf07-44bd-aea4-3bec98327cab" testId="b3c1ae06-1324-2e21-f300-26010a4f7c93" testName="DesktopGuides.Core.Tests.ReaderLocationCodecTests.RejectsNumericFormatNamesAndDuplicateFields" computerName="runnervm99s1a" duration="00:00:00.0003261" startTime="2026-09-25T15:53:15.6791624+00:00" endTime="2026-09-25T15:53:15.6793644+00:00" testType="13cdc9d9-ddb5-4fa4-a97d-d965ccfc6d4b" outcome="Passed" testListId="8c84fa94-04c1-424b-9868-57a2d4851a1d" relativeResultsDirectory="89d73d3a-cf07-44bd-aea4-3bec98327cab" />
    <UnitTestResult executionId="69ec7e7e-230d-4b7e-87fb-4a8f97d4c83e" testId="0ec02c55-3516-8a2b-971a-b5a1c9666dbb" testName="DesktopGuides.Core.Tests.ReaderLocationCodecTests.RejectsMalformedOrIncompleteJson(json: &quot;{}&quot;)" computerName="runnervm99s1a" duration="00:00:00.0002146" startTime="2026-09-25T15:53:15.6705189+00:00" endTime="2026-09-25T15:53:15.6705986+00:00" testType="13cdc9d9-ddb5-4fa4-a97d-d965ccfc6d4b" outcome="Passed" testListId="8c84fa94-04c1-424b-9868-57a2d4851a1d" relativeResultsDirectory="69ec7e7e-230d-4b7e-87fb-4a8f97d4c83e" />
    <UnitTestResult executionId="45b0fbc9-1e08-40eb-ac3c-eca005d7af66" testId="d23bb650-686f-e5f0-ba71-d178ef8f42e9" testName="DesktopGuides.Core.Tests.HtmlAssetPolicyTests.RejectsRequestsOutsideTheReadOnlyAssetScope(method: &quot;GET&quot;, url: &quot;file:///C:/Windows/win.ini&quot;)" computerName="runnervm99s1a" duration="00:00:00.0083528" startTime="2026-09-25T15:53:15.7144188+00:00" endTime="2026-09-25T15:53:15.7211568+00:00" testType="13cdc9d9-ddb5-4fa4-a97d-d965ccfc6d4b" outcome="Passed" testListId="8c84fa94-04c1-424b-9868-57a2d4851a1d" relativeResultsDirectory="45b0fbc9-1e08-40eb-ac3c-eca005d7af66" />
    <UnitTestResult executionId="f097cb86-f612-4d09-8e16-866ac10f74bd" testId="afaebaff-4092-b82e-7bdd-5dcc8d2370e5" testName="DesktopGuides.Core.Tests.HtmlAssetPolicyTests.RejectsRequestsOutsideTheReadOnlyAssetScope(method: &quot;GET&quot;, url: &quot;https://guide.invalid:444/guide.html&quot;)" computerName="runnervm99s1a" duration="00:00:00.0065010" startTime="2026-09-25T15:53:15.7299532+00:00" endTime="2026-09-25T15:53:15.7364459+00:00" testType="13cdc9d9-ddb5-4fa4-a97d-d965ccfc6d4b" outcome="Passed" testListId="8c84fa94-04c1-424b-9868-57a2d4851a1d" relativeResultsDirectory="f097cb86-f612-4d09-8e16-866ac10f74bd" />
    <UnitTestResult executionId="39bf936d-1878-48c6-89be-6698aabf4e7d" testId="169d84f6-46e9-96c1-07d0-4723c1ad8e03" testName="DesktopGuides.Core.Tests.ManagedRelativePathTests.RejectsEscapesAndAmbiguousWindowsNames(path: &quot;styles/COM¹.txt&quot;)" computerName="runnervm99s1a" duration="00:00:00.0000196" startTime="2026-09-25T15:53:15.6594785+00:00" endTime="2026-09-25T15:53:15.6595677+00:00" testType="13cdc9d9-ddb5-4fa4-a97d-d965ccfc6d4b" outcome="Passed" testListId="8c84fa94-04c1-424b-9868-57a2d4851a1d" relativeResultsDirectory="39bf936d-1878-48c6-89be-6698aabf4e7d" />
    <UnitTestResult executionId="380d6f60-3cfb-4b2e-ab40-3403f61c1085" testId="65f2a884-7aaf-d6cf-a9a9-1fde173b9c0a" testName="DesktopGuides.Core.Tests.TextGuideDocumentTests.FindsNearbyContextAfterContentChanges" computerName="runnervm99s1a" duration="00:00:00.0005663" startTime="2026-09-25T15:53:15.6748635+00:00" endTime="2026-09-25T15:53:15.6749423+00:00" testType="13cdc9d9-ddb5-4fa4-a97d-d965ccfc6d4b" outcome="Passed" testListId="8c84fa94-04c1-424b-9868-57a2d4851a1d" relativeResultsDirectory="380d6f60-3cfb-4b2e-ab40-3403f61c1085" />
    <UnitTestResult executionId="61033249-fd1b-4515-8149-64e4d1083034" testId="38524e42-a035-5c1a-a5de-83319b7e745e" testName="DesktopGuides.Core.Tests.ManagedRelativePathTests.RejectsEscapesAndAmbiguousWindowsNames(path: &quot;styles/trailing.&quot;)" computerName="runnervm99s1a" duration="00:00:00.0000213" startTime="2026-09-25T15:53:15.6293350+00:00" endTime="2026-09-25T15:53:15.6294317+00:00" testType="13cdc9d9-ddb5-4fa4-a97d-d965ccfc6d4b" outcome="Passed" testListId="8c84fa94-04c1-424b-9868-57a2d4851a1d" relativeResultsDirectory="61033249-fd1b-4515-8149-64e4d1083034" />
    <UnitTestResult executionId="322a99ea-792d-4d54-8c7a-481089996cb6" testId="0a3ebbcc-3074-fdad-a691-281c6b0f5482" testName="DesktopGuides.Core.Tests.TextGuideDocumentTests.DecodesBomAndNormalizesNewlinesWithoutChangingWhitespace" computerName="runnervm99s1a" duration="00:00:00.0004380" startTime="2026-09-25T15:53:15.6745753+00:00" endTime="2026-09-25T15:53:15.6746593+00:00" testType="13cdc9d9-ddb5-4fa4-a97d-d965ccfc6d4b" outcome="Passed" testListId="8c84fa94-04c1-424b-9868-57a2d4851a1d" relativeResultsDirectory="322a99ea-792d-4d54-8c7a-481089996cb6" />
    <UnitTestResult executionId="e1bf4bf5-243e-4705-b29f-686dd07a3c66" testId="83c103a0-1912-584a-eb90-fa56228bb5b9" testName="DesktopGuides.Core.Tests.ReaderLocationCodecTests.RoundTripsEachFormat(original: ReaderLocation { Format = Txt, SchemaVersion = 1, ContentSha256 = aaaaaaaaaaaaaaaaaaaaaaaaaaaaaaaaaaaaaaaaaaaaaaaaaaaaaaaaaaaaaaaa, Payload = TextPosition { CharacterOffset = 204, Context = checkpoint }, EstimatedFraction = 0.25 }, htmlDocument: null)" computerName="runnervm99s1a" duration="00:00:00.0005674" startTime="2026-09-25T15:53:15.6760709+00:00" endTime="2026-09-25T15:53:15.6761547+00:00" testType="13cdc9d9-ddb5-4fa4-a97d-d965ccfc6d4b" outcome="Passed" testListId="8c84fa94-04c1-424b-9868-57a2d4851a1d" relativeResultsDirectory="e1bf4bf5-243e-4705-b29f-686dd07a3c66" />
    <UnitTestResult executionId="166b4fad-834f-4904-ad8a-8ed0648bf25a" testId="948b08ce-754e-d418-b141-c65fd8ac3ef2" testName="DesktopGuides.Core.Tests.ReaderContractTests.DispatchesTypedCommandsOnlyToCapableReader" computerName="runnervm99s1a" duration="00:00:00.0068524" startTime="2026-09-25T15:53:15.6683835+00:00" endTime="2026-09-25T15:53:15.6710599+00:00" testType="13cdc9d9-ddb5-4fa4-a97d-d965ccfc6d4b" outcome="Passed" testListId="8c84fa94-04c1-424b-9868-57a2d4851a1d" relativeResultsDirectory="166b4fad-834f-4904-ad8a-8ed0648bf25a" />
    <UnitTestResult executionId="0df72ee9-3fa1-4fd4-8a9d-06652d9bfc6f" testId="5632d11a-8dbe-b81f-09d4-d5540281d07e" testName="DesktopGuides.Core.Tests.ManagedRelativePathTests.RejectsEscapesAndAmbiguousWindowsNames(path: &quot;&quot;)" computerName="runnervm99s1a" duration="00:00:00.0000151" startTime="2026-09-25T15:53:15.6583040+00:00" endTime="2026-09-25T15:53:15.6583966+00:00" testType="13cdc9d9-ddb5-4fa4-a97d-d965ccfc6d4b" outcome="Passed" testListId="8c84fa94-04c1-424b-9868-57a2d4851a1d" relativeResultsDirectory="0df72ee9-3fa1-4fd4-8a9d-06652d9bfc6f" />
    <UnitTestResult executionId="69710bc7-b041-425a-90a0-b8f952e946b4" testId="2c3a769b-5867-fa9a-d2e1-089792eabeef" testName="DesktopGuides.Core.Tests.ReaderLocationCodecTests.RejectsWrongFormatAndAnotherGuideDocument" computerName="runnervm99s1a" duration="00:00:00.0223656" startTime="2026-09-25T15:53:15.5878161+00:00" endTime="2026-09-25T15:53:15.6677470+00:00" testType="13cdc9d9-ddb5-4fa4-a97d-d965ccfc6d4b" outcome="Passed" testListId="8c84fa94-04c1-424b-9868-57a2d4851a1d" relativeResultsDirectory="69710bc7-b041-425a-90a0-b8f952e946b4" />
    <UnitTestResult executionId="856fc888-e51d-44a2-a13b-9d871eec8712" testId="da1ce6eb-e7a0-554b-c1d8-4b184cfcf320" testName="DesktopGuides.Core.Tests.FixtureCatalogTests.LoadsAndVerifiesAFixtureById" computerName="runnervm99s1a" duration="00:00:00.0674971" startTime="2026-09-25T15:53:15.6759608+00:00" endTime="2026-09-25T15:53:15.7360131+00:00" testType="13cdc9d9-ddb5-4fa4-a97d-d965ccfc6d4b" outcome="Passed" testListId="8c84fa94-04c1-424b-9868-57a2d4851a1d" relativeResultsDirectory="856fc888-e51d-44a2-a13b-9d871eec8712" />
    <UnitTestResult executionId="a97770b3-1c05-40df-a775-8657281cd6d7" testId="b4ea6296-97ee-79d3-707f-71ce31e710b6" testName="DesktopGuides.Core.Tests.HtmlAssetPolicyTests.RejectsAnAssetReachedThroughADirectoryLink" computerName="runnervm99s1a" duration="00:00:00.0101061" startTime="2026-09-25T15:53:15.7696144+00:00" endTime="2026-09-25T15:53:15.7795007+00:00" testType="13cdc9d9-ddb5-4fa4-a97d-d965ccfc6d4b" outcome="Passed" testListId="8c84fa94-04c1-424b-9868-57a2d4851a1d" relativeResultsDirectory="a97770b3-1c05-40df-a775-8657281cd6d7" />
    <UnitTestResult executionId="b5efe003-9756-4dd0-81f7-c3b6530b23d0" testId="dd22a2e5-9769-89bd-cbc6-621d276d372c" testName="DesktopGuides.Core.Tests.FixtureCatalogTests.RejectsFixturePathOutsideTheRoot" computerName="runnervm99s1a" duration="00:00:00.0023493" startTime="2026-09-25T15:53:15.7465267+00:00" endTime="2026-09-25T15:53:15.7487031+00:00" testType="13cdc9d9-ddb5-4fa4-a97d-d965ccfc6d4b" outcome="Passed" testListId="8c84fa94-04c1-424b-9868-57a2d4851a1d" relativeResultsDirectory="b5efe003-9756-4dd0-81f7-c3b6530b23d0" />
    <UnitTestResult executionId="90753f59-36bf-439d-acf1-5c594b3a7395" testId="b47b4c1d-9920-7e22-aba4-f44acc04ae92" testName="DesktopGuides.Core.Tests.HtmlAssetPolicyTests.RejectsRequestsOutsideTheReadOnlyAssetScope(method: &quot;GET&quot;, url: &quot;http://guide.invalid/guide.html&quot;)" computerName="runnervm99s1a" duration="00:00:00.0060377" startTime="2026-09-25T15:53:15.6979252+00:00" endTime="2026-09-25T15:53:15.7062633+00:00" testType="13cdc9d9-ddb5-4fa4-a97d-d965ccfc6d4b" outcome="Passed" testListId="8c84fa94-04c1-424b-9868-57a2d4851a1d" relativeResultsDirectory="90753f59-36bf-439d-acf1-5c594b3a7395" />
    <UnitTestResult executionId="2441f1bd-546f-47b7-aef5-c1a494971f74" testId="e1f50f58-8062-72b9-cc9c-19db3a378266" testName="DesktopGuides.Core.Tests.HtmlAssetPolicyTests.RejectsRequestsOutsideTheReadOnlyAssetScope(method: &quot;GET&quot;, url: &quot;https://guide.invalid/%2e%2e/outside.html&quot;)" computerName="runnervm99s1a" duration="00:00:00.0072519" startTime="2026-09-25T15:53:15.7428814+00:00" endTime="2026-09-25T15:53:15.7500373+00:00" testType="13cdc9d9-ddb5-4fa4-a97d-d965ccfc6d4b" outcome="Passed" testListId="8c84fa94-04c1-424b-9868-57a2d4851a1d" relativeResultsDirectory="2441f1bd-546f-47b7-aef5-c1a494971f74" />
    <UnitTestResult executionId="536a675b-9de4-4851-880c-8dad8f9c1105" testId="5148b27a-ff51-5241-c0d8-eccb742088f7" testName="DesktopGuides.Core.Tests.HtmlAssetPolicyTests.RejectsRequestsOutsideTheReadOnlyAssetScope(method: &quot;GET&quot;, url: &quot;https://elsewhere.invalid/guide.html&quot;)" computerName="runnervm99s1a" duration="00:00:00.0210279" startTime="2026-09-25T15:53:15.6796679+00:00" endTime="2026-09-25T15:53:15.6976901+00:00" testType="13cdc9d9-ddb5-4fa4-a97d-d965ccfc6d4b" outcome="Passed" testListId="8c84fa94-04c1-424b-9868-57a2d4851a1d" relativeResultsDirectory="536a675b-9de4-4851-880c-8dad8f9c1105" />
  </Results>
  <TestDefinitions>
    <UnitTest name="DesktopGuides.Core.Tests.HtmlAssetPolicyTests.RejectsRequestsOutsideTheReadOnlyAssetScope(method: &quot;GET&quot;, url: &quot;https://guide.invalid/guide.html?remote=true&quot;)" storage="d:\a\desktop-guides\desktop-guides\tests\desktopguides.core.tests\bin\release\net10.0\desktopguides.core.tests.dll" id="355a0214-5e1c-a62f-aa47-3153b5b8f8ad">
      <Execution id="9fe98beb-9719-403c-b170-4349e4838dd4" />
      <TestMethod codeBase="D:\a\desktop-guides\desktop-guides\tests\DesktopGuides.Core.Tests\bin\Release\net10.0\DesktopGuides.Core.Tests.dll" adapterTypeName="executor://xunit/VsTestRunner3/netcore/" className="DesktopGuides.Core.Tests.HtmlAssetPolicyTests" name="RejectsRequestsOutsideTheReadOnlyAssetScope" />
    </UnitTest>
    <UnitTest name="DesktopGuides.Core.Tests.ReaderLocationCodecTests.ChangedPdfKeepsPageAsApproximateFallbackWithoutEstimate" storage="d:\a\desktop-guides\desktop-guides\tests\desktopguides.core.tests\bin\release\net10.0\desktopguides.core.tests.dll" id="32e77880-0ee3-f638-1cea-013c9b4e37e2">
      <Execution id="b54cc8e5-40b0-4be7-8283-9b0ef21bc016" />
      <TestMethod codeBase="D:\a\desktop-guides\desktop-guides\tests\DesktopGuides.Core.Tests\bin\Release\net10.0\DesktopGuides.Core.Tests.dll" adapterTypeName="executor://xunit/VsTestRunner3/netcore/" className="DesktopGuides.Core.Tests.ReaderLocationCodecTests" name="ChangedPdfKeepsPageAsApproximateFallbackWithoutEstimate" />
    </UnitTest>
    <UnitTest name="DesktopGuides.Core.Tests.ManagedRelativePathTests.RejectsEscapesAndAmbiguousWindowsNames(path: &quot;styles//main.css&quot;)" storage="d:\a\desktop-guides\desktop-guides\tests\desktopguides.core.tests\bin\release\net10.0\desktopguides.core.tests.dll" id="973825c8-3e8f-82ce-d465-e9b44b88d1d0">
      <Execution id="a91ee29c-91d8-4c02-8200-c28456a20f6c" />
      <TestMethod codeBase="D:\a\desktop-guides\desktop-guides\tests\DesktopGuides.Core.Tests\bin\Release\net10.0\DesktopGuides.Core.Tests.dll" adapterTypeName="executor://xunit/VsTestRunner3/netcore/" className="DesktopGuides.Core.Tests.ManagedRelativePathTests" name="RejectsEscapesAndAmbiguousWindowsNames" />
    </UnitTest>
    <UnitTest name="DesktopGuides.Core.Tests.ReaderContractTests.CommandVisibilityComesFromCapabilities" storage="d:\a\desktop-guides\desktop-guides\tests\desktopguides.core.tests\bin\release\net10.0\desktopguides.core.tests.dll" id="5e5f018a-cb57-be3d-3cc2-bdc405783398">
      <Execution id="4562d61a-ce1a-46c9-b8f7-4fe3cacc3049" />
      <TestMethod codeBase="D:\a\desktop-guides\desktop-guides\tests\DesktopGuides.Core.Tests\bin\Release\net10.0\DesktopGuides.Core.Tests.dll" adapterTypeName="executor://xunit/VsTestRunner3/netcore/" className="DesktopGuides.Core.Tests.ReaderContractTests" name="CommandVisibilityComesFromCapabilities" />
    </UnitTest>
    <UnitTest name="DesktopGuides.Core.Tests.ReaderLocationCodecTests.RejectsMalformedOrIncompleteJson(json: &quot;{\&quot;format\&quot;:\&quot;Pdf\&quot;,\&quot;schemaVersion\&quot;:1,\&quot;contentS&quot;···)" storage="d:\a\desktop-guides\desktop-guides\tests\desktopguides.core.tests\bin\release\net10.0\desktopguides.core.tests.dll" id="c78e4709-5751-678b-529b-575b04bc6c92">
      <Execution id="c77c00c0-1213-4234-9f76-b197f588bbae" />
      <TestMethod codeBase="D:\a\desktop-guides\desktop-guides\tests\DesktopGuides.Core.Tests\bin\Release\net10.0\DesktopGuides.Core.Tests.dll" adapterTypeName="executor://xunit/VsTestRunner3/netcore/" className="DesktopGuides.Core.Tests.ReaderLocationCodecTests" name="RejectsMalformedOrIncompleteJson" />
    </UnitTest>
    <UnitTest name="DesktopGuides.Core.Tests.ManagedRelativePathTests.AllowsNormalizedRelativePaths(path: &quot;styles/main guide.css&quot;)" storage="d:\a\desktop-guides\desktop-guides\tests\desktopguides.core.tests\bin\release\net10.0\desktopguides.core.tests.dll" id="291ae1df-c249-3ed3-bd0b-6fcec2027026">
      <Execution id="eda7719a-474d-402b-870d-7730ce527800" />
      <TestMethod codeBase="D:\a\desktop-guides\desktop-guides\tests\DesktopGuides.Core.Tests\bin\Release\net10.0\DesktopGuides.Core.Tests.dll" adapterTypeName="executor://xunit/VsTestRunner3/netcore/" className="DesktopGuides.Core.Tests.ManagedRelativePathTests" name="AllowsNormalizedRelativePaths" />
    </UnitTest>
    <UnitTest name="DesktopGuides.Core.Tests.TextGuideDocumentTests.DecodesSelectedCp437WithoutChangingAsciiLayout" storage="d:\a\desktop-guides\desktop-guides\tests\desktopguides.core.tests\bin\release\net10.0\desktopguides.core.tests.dll" id="af1b606f-e528-a99c-b813-f91ca3953702">
      <Execution id="794a2bfa-ea97-41ed-acf7-6300b5deaae6" />
      <TestMethod codeBase="D:\a\desktop-guides\desktop-guides\tests\DesktopGuides.Core.Tests\bin\Release\net10.0\DesktopGuides.Core.Tests.dll" adapterTypeName="executor://xunit/VsTestRunner3/netcore/" className="DesktopGuides.Core.Tests.TextGuideDocumentTests" name="DecodesSelectedCp437WithoutChangingAsciiLayout" />
    </UnitTest>
    <UnitTest name="DesktopGuides.Core.Tests.HtmlAssetPolicyTests.RejectsRequestsOutsideTheReadOnlyAssetScope(method: &quot;GET&quot;, url: &quot;https://guide.invalid/../outside.html&quot;)" storage="d:\a\desktop-guides\desktop-guides\tests\desktopguides.core.tests\bin\release\net10.0\desktopguides.core.tests.dll" id="07c7de27-26de-a9f7-9ab2-361772f15d1e">
      <Execution id="2e7f37aa-5ce2-4eec-8f9f-a06c0334bd05" />
      <TestMethod codeBase="D:\a\desktop-guides\desktop-guides\tests\DesktopGuides.Core.Tests\bin\Release\net10.0\DesktopGuides.Core.Tests.dll" adapterTypeName="executor://xunit/VsTestRunner3/netcore/" className="DesktopGuides.Core.Tests.HtmlAssetPolicyTests" name="RejectsRequestsOutsideTheReadOnlyAssetScope" />
    </UnitTest>
    <UnitTest name="DesktopGuides.Core.Tests.FixtureCatalogTests.RejectsContentWhoseHashDoesNotMatchTheManifest" storage="d:\a\desktop-guides\desktop-guides\tests\desktopguides.core.tests\bin\release\net10.0\desktopguides.core.tests.dll" id="b379ae71-cd7e-938c-1eef-2d9c4001c9be">
      <Execution id="efb92d91-879f-498d-a11a-12dd54c370a0" />
      <TestMethod codeBase="D:\a\desktop-guides\desktop-guides\tests\DesktopGuides.Core.Tests\bin\Release\net10.0\DesktopGuides.Core.Tests.dll" adapterTypeName="executor://xunit/VsTestRunner3/netcore/" className="DesktopGuides.Core.Tests.FixtureCatalogTests" name="RejectsContentWhoseHashDoesNotMatchTheManifest" />
    </UnitTest>
    <UnitTest name="DesktopGuides.Core.Tests.HtmlAssetPolicyTests.RejectsRequestsOutsideTheReadOnlyAssetScope(method: &quot;GET&quot;, url: &quot;http://guide.invalid/guide.html&quot;)" storage="d:\a\desktop-guides\desktop-guides\tests\desktopguides.core.tests\bin\release\net10.0\desktopguides.core.tests.dll" id="b47b4c1d-9920-7e22-aba4-f44acc04ae92">
      <Execution id="90753f59-36bf-439d-acf1-5c594b3a7395" />
      <TestMethod codeBase="D:\a\desktop-guides\desktop-guides\tests\DesktopGuides.Core.Tests\bin\Release\net10.0\DesktopGuides.Core.Tests.dll" adapterTypeName="executor://xunit/VsTestRunner3/netcore/" className="DesktopGuides.Core.Tests.HtmlAssetPolicyTests" name="RejectsRequestsOutsideTheReadOnlyAssetScope" />
    </UnitTest>
    <UnitTest name="DesktopGuides.Core.Tests.ManagedRelativePathTests.AllowsNormalizedRelativePaths(path: &quot;images/map.v2.png&quot;)" storage="d:\a\desktop-guides\desktop-guides\tests\desktopguides.core.tests\bin\release\net10.0\desktopguides.core.tests.dll" id="ef0108d9-9be6-a5f1-6cd0-5fbb16b1c6ed">
      <Execution id="29546788-5b75-4450-8fe4-1da1c2369ed2" />
      <TestMethod codeBase="D:\a\desktop-guides\desktop-guides\tests\DesktopGuides.Core.Tests\bin\Release\net10.0\DesktopGuides.Core.Tests.dll" adapterTypeName="executor://xunit/VsTestRunner3/netcore/" className="DesktopGuides.Core.Tests.ManagedRelativePathTests" name="AllowsNormalizedRelativePaths" />
    </UnitTest>
    <UnitTest name="DesktopGuides.Core.Tests.TextGuideDocumentTests.FindsNearbyContextAfterContentChanges" storage="d:\a\desktop-guides\desktop-guides\tests\desktopguides.core.tests\bin\release\net10.0\desktopguides.core.tests.dll" id="65f2a884-7aaf-d6cf-a9a9-1fde173b9c0a">
      <Execution id="380d6f60-3cfb-4b2e-ab40-3403f61c1085" />
      <TestMethod codeBase="D:\a\desktop-guides\desktop-guides\tests\DesktopGuides.Core.Tests\bin\Release\net10.0\DesktopGuides.Core.Tests.dll" adapterTypeName="executor://xunit/VsTestRunner3/netcore/" className="DesktopGuides.Core.Tests.TextGuideDocumentTests" name="FindsNearbyContextAfterContentChanges" />
    </UnitTest>
    <UnitTest name="DesktopGuides.Core.Tests.FixtureCatalogTests.RejectsAFixtureThatLinksOutsideTheManifestRoot" storage="d:\a\desktop-guides\desktop-guides\tests\desktopguides.core.tests\bin\release\net10.0\desktopguides.core.tests.dll" id="3bafceda-bee2-0698-1edb-0944b01bc21c">
      <Execution id="37e3fdc0-b6c0-4c88-b26c-af193c328d1c" />
      <TestMethod codeBase="D:\a\desktop-guides\desktop-guides\tests\DesktopGuides.Core.Tests\bin\Release\net10.0\DesktopGuides.Core.Tests.dll" adapterTypeName="executor://xunit/VsTestRunner3/netcore/" className="DesktopGuides.Core.Tests.FixtureCatalogTests" name="RejectsAFixtureThatLinksOutsideTheManifestRoot" />
    </UnitTest>
    <UnitTest name="DesktopGuides.Core.Tests.ManagedRelativePathTests.RejectsEscapesAndAmbiguousWindowsNames(path: &quot;styles/CON.txt&quot;)" storage="d:\a\desktop-guides\desktop-guides\tests\desktopguides.core.tests\bin\release\net10.0\desktopguides.core.tests.dll" id="0e37eb74-ac8e-e25d-6a1b-ae85a029e0d9">
      <Execution id="b53fa756-29fd-4e47-ab54-6a4a7e768345" />
      <TestMethod codeBase="D:\a\desktop-guides\desktop-guides\tests\DesktopGuides.Core.Tests\bin\Release\net10.0\DesktopGuides.Core.Tests.dll" adapterTypeName="executor://xunit/VsTestRunner3/netcore/" className="DesktopGuides.Core.Tests.ManagedRelativePathTests" name="RejectsEscapesAndAmbiguousWindowsNames" />
    </UnitTest>
    <UnitTest name="DesktopGuides.Core.Tests.TextGuideDocumentTests.IndexesLogicalLinesByNormalizedCharacterOffset" storage="d:\a\desktop-guides\desktop-guides\tests\desktopguides.core.tests\bin\release\net10.0\desktopguides.core.tests.dll" id="d9d5a7ef-c627-a2c5-a023-7fbe2c220e22">
      <Execution id="0c9230a1-a8b4-46bf-b79d-3e95273ee007" />
      <TestMethod codeBase="D:\a\desktop-guides\desktop-guides\tests\DesktopGuides.Core.Tests\bin\Release\net10.0\DesktopGuides.Core.Tests.dll" adapterTypeName="executor://xunit/VsTestRunner3/netcore/" className="DesktopGuides.Core.Tests.TextGuideDocumentTests" name="IndexesLogicalLinesByNormalizedCharacterOffset" />
    </UnitTest>
    <UnitTest name="DesktopGuides.Core.Tests.ReaderLocationCodecTests.RejectsNumericFormatNamesAndDuplicateFields" storage="d:\a\desktop-guides\desktop-guides\tests\desktopguides.core.tests\bin\release\net10.0\desktopguides.core.tests.dll" id="b3c1ae06-1324-2e21-f300-26010a4f7c93">
      <Execution id="89d73d3a-cf07-44bd-aea4-3bec98327cab" />
      <TestMethod codeBase="D:\a\desktop-guides\desktop-guides\tests\DesktopGuides.Core.Tests\bin\Release\net10.0\DesktopGuides.Core.Tests.dll" adapterTypeName="executor://xunit/VsTestRunner3/netcore/" className="DesktopGuides.Core.Tests.ReaderLocationCodecTests" name="RejectsNumericFormatNamesAndDuplicateFields" />
    </UnitTest>
    <UnitTest name="DesktopGuides.Core.Tests.ManagedRelativePathTests.RejectsEscapesAndAmbiguousWindowsNames(path: &quot;styles/COM0.txt&quot;)" storage="d:\a\desktop-guides\desktop-guides\tests\desktopguides.core.tests\bin\release\net10.0\desktopguides.core.tests.dll" id="663a2d05-e464-acf4-5956-5e397f967b63">
      <Execution id="8afcae81-9d7f-467c-9ff2-bb375c24f3eb" />
      <TestMethod codeBase="D:\a\desktop-guides\desktop-guides\tests\DesktopGuides.Core.Tests\bin\Release\net10.0\DesktopGuides.Core.Tests.dll" adapterTypeName="executor://xunit/VsTestRunner3/netcore/" className="DesktopGuides.Core.Tests.ManagedRelativePathTests" name="RejectsEscapesAndAmbiguousWindowsNames" />
    </UnitTest>
    <UnitTest name="DesktopGuides.Core.Tests.ManagedRelativePathTests.RejectsEscapesAndAmbiguousWindowsNames(path: &quot;/absolute.txt&quot;)" storage="d:\a\desktop-guides\desktop-guides\tests\desktopguides.core.tests\bin\release\net10.0\desktopguides.core.tests.dll" id="e17cd9fd-2512-a9dc-35b4-376e2e4cb330">
      <Execution id="8bd07508-8674-41d1-ac17-015fddfc93ed" />
      <TestMethod codeBase="D:\a\desktop-guides\desktop-guides\tests\DesktopGuides.Core.Tests\bin\Release\net10.0\DesktopGuides.Core.Tests.dll" adapterTypeName="executor://xunit/VsTestRunner3/netcore/" className="DesktopGuides.Core.Tests.ManagedRelativePathTests" name="RejectsEscapesAndAmbiguousWindowsNames" />
    </UnitTest>
    <UnitTest name="DesktopGuides.Core.Tests.ManagedRelativePathTests.AllowsNormalizedRelativePaths(path: &quot;images/\ud83d\uddfa️.png&quot;)" storage="d:\a\desktop-guides\desktop-guides\tests\desktopguides.core.tests\bin\release\net10.0\desktopguides.core.tests.dll" id="b1142c99-8964-6e66-748c-081fbdb81b6a">
      <Execution id="50370476-86f8-4beb-b73a-dea09e8beb8e" />
      <TestMethod codeBase="D:\a\desktop-guides\desktop-guides\tests\DesktopGuides.Core.Tests\bin\Release\net10.0\DesktopGuides.Core.Tests.dll" adapterTypeName="executor://xunit/VsTestRunner3/netcore/" className="DesktopGuides.Core.Tests.ManagedRelativePathTests" name="AllowsNormalizedRelativePaths" />
    </UnitTest>
    <UnitTest name="DesktopGuides.Core.Tests.ReaderContractTests.DispatchesTypedCommandsOnlyToCapableReader" storage="d:\a\desktop-guides\desktop-guides\tests\desktopguides.core.tests\bin\release\net10.0\desktopguides.core.tests.dll" id="948b08ce-754e-d418-b141-c65fd8ac3ef2">
      <Execution id="166b4fad-834f-4904-ad8a-8ed0648bf25a" />
      <TestMethod codeBase="D:\a\desktop-guides\desktop-guides\tests\DesktopGuides.Core.Tests\bin\Release\net10.0\DesktopGuides.Core.Tests.dll" adapterTypeName="executor://xunit/VsTestRunner3/netcore/" className="DesktopGuides.Core.Tests.ReaderContractTests" name="DispatchesTypedCommandsOnlyToCapableReader" />
    </UnitTest>
    <UnitTest name="DesktopGuides.Core.Tests.ReaderLocationCodecTests.RejectsMalformedOrIncompleteJson(json: &quot;{&quot;)" storage="d:\a\desktop-guides\desktop-guides\tests\desktopguides.core.tests\bin\release\net10.0\desktopguides.core.tests.dll" id="4bcd14ab-da5e-27fa-1113-d81275401668">
      <Execution id="a8b9a24a-1820-4238-8a99-5dc27232d666" />
      <TestMethod codeBase="D:\a\desktop-guides\desktop-guides\tests\DesktopGuides.Core.Tests\bin\Release\net10.0\DesktopGuides.Core.Tests.dll" adapterTypeName="executor://xunit/VsTestRunner3/netcore/" className="DesktopGuides.Core.Tests.ReaderLocationCodecTests" name="RejectsMalformedOrIncompleteJson" />
    </UnitTest>
    <UnitTest name="DesktopGuides.Core.Tests.ManagedRelativePathTests.RejectsEscapesAndAmbiguousWindowsNames(path: &quot;//server/share.txt&quot;)" storage="d:\a\desktop-guides\desktop-guides\tests\desktopguides.core.tests\bin\release\net10.0\desktopguides.core.tests.dll" id="f5392f73-b8a1-6650-c8e1-f83347d441eb">
      <Execution id="57e68e7d-1bb8-4a59-b94c-f1c2f8efbf83" />
      <TestMethod codeBase="D:\a\desktop-guides\desktop-guides\tests\DesktopGuides.Core.Tests\bin\Release\net10.0\DesktopGuides.Core.Tests.dll" adapterTypeName="executor://xunit/VsTestRunner3/netcore/" className="DesktopGuides.Core.Tests.ManagedRelativePathTests" name="RejectsEscapesAndAmbiguousWindowsNames" />
    </UnitTest>
    <UnitTest name="DesktopGuides.Core.Tests.HtmlAssetPolicyTests.RejectsAnAssetReachedThroughADirectoryLink" storage="d:\a\desktop-guides\desktop-guides\tests\desktopguides.core.tests\bin\release\net10.0\desktopguides.core.tests.dll" id="b4ea6296-97ee-79d3-707f-71ce31e710b6">
      <Execution id="a97770b3-1c05-40df-a775-8657281cd6d7" />
      <TestMethod codeBase="D:\a\desktop-guides\desktop-guides\tests\DesktopGuides.Core.Tests\bin\Release\net10.0\DesktopGuides.Core.Tests.dll" adapterTypeName="executor://xunit/VsTestRunner3/netcore/" className="DesktopGuides.Core.Tests.HtmlAssetPolicyTests" name="RejectsAnAssetReachedThroughADirectoryLink" />
    </UnitTest>
    <UnitTest name="DesktopGuides.Core.Tests.HtmlAssetPolicyTests.RejectsRequestsOutsideTheReadOnlyAssetScope(method: &quot;GET&quot;, url: &quot;https://guide.invalid/%2e%2e/outside.html&quot;)" storage="d:\a\desktop-guides\desktop-guides\tests\desktopguides.core.tests\bin\release\net10.0\desktopguides.core.tests.dll" id="e1f50f58-8062-72b9-cc9c-19db3a378266">
      <Execution id="2441f1bd-546f-47b7-aef5-c1a494971f74" />
      <TestMethod codeBase="D:\a\desktop-guides\desktop-guides\tests\DesktopGuides.Core.Tests\bin\Release\net10.0\DesktopGuides.Core.Tests.dll" adapterTypeName="executor://xunit/VsTestRunner3/netcore/" className="DesktopGuides.Core.Tests.HtmlAssetPolicyTests" name="RejectsRequestsOutsideTheReadOnlyAssetScope" />
    </UnitTest>
    <UnitTest name="DesktopGuides.Core.Tests.ManagedRelativePathTests.RejectsEscapesAndAmbiguousWindowsNames(path: &quot;styles/LPT².txt&quot;)" storage="d:\a\desktop-guides\desktop-guides\tests\desktopguides.core.tests\bin\release\net10.0\desktopguides.core.tests.dll" id="d74e39f2-0dc4-e973-e98e-f98c68304f3b">
      <Execution id="f7240c66-da02-4968-8a71-3a9b193d5725" />
      <TestMethod codeBase="D:\a\desktop-guides\desktop-guides\tests\DesktopGuides.Core.Tests\bin\Release\net10.0\DesktopGuides.Core.Tests.dll" adapterTypeName="executor://xunit/VsTestRunner3/netcore/" className="DesktopGuides.Core.Tests.ManagedRelativePathTests" name="RejectsEscapesAndAmbiguousWindowsNames" />
    </UnitTest>
    <UnitTest name="DesktopGuides.Core.Tests.ManagedRelativePathTests.RejectsEscapesAndAmbiguousWindowsNames(path: &quot;styles/COM¹.txt&quot;)" storage="d:\a\desktop-guides\desktop-guides\tests\desktopguides.core.tests\bin\release\net10.0\desktopguides.core.tests.dll" id="169d84f6-46e9-96c1-07d0-4723c1ad8e03">
      <Execution id="39bf936d-1878-48c6-89be-6698aabf4e7d" />
      <TestMethod codeBase="D:\a\desktop-guides\desktop-guides\tests\DesktopGuides.Core.Tests\bin\Release\net10.0\DesktopGuides.Core.Tests.dll" adapterTypeName="executor://xunit/VsTestRunner3/netcore/" className="DesktopGuides.Core.Tests.ManagedRelativePathTests" name="RejectsEscapesAndAmbiguousWindowsNames" />
    </UnitTest>
    <UnitTest name="DesktopGuides.Core.Tests.ManagedRelativePathTests.RejectsEscapesAndAmbiguousWindowsNames(path: &quot;styles/./main.css&quot;)" storage="d:\a\desktop-guides\desktop-guides\tests\desktopguides.core.tests\bin\release\net10.0\desktopguides.core.tests.dll" id="88654ed1-7ac6-2123-05e5-eee1bfb6d1a0">
      <Execution id="ebeacaec-9179-41de-95d8-a3f82b4798d2" />
      <TestMethod codeBase="D:\a\desktop-guides\desktop-guides\tests\DesktopGuides.Core.Tests\bin\Release\net10.0\DesktopGuides.Core.Tests.dll" adapterTypeName="executor://xunit/VsTestRunner3/netcore/" className="DesktopGuides.Core.Tests.ManagedRelativePathTests" name="RejectsEscapesAndAmbiguousWindowsNames" />
    </UnitTest>
    <UnitTest name="DesktopGuides.Core.Tests.ReaderContractTests.CapabilityChangesRefreshAvailableCommands" storage="d:\a\desktop-guides\desktop-guides\tests\desktopguides.core.tests\bin\release\net10.0\desktopguides.core.tests.dll" id="cec6b4c7-fa26-4898-a672-7386be54c7a0">
      <Execution id="580c0150-2375-412a-bc23-feffea3848ce" />
      <TestMethod codeBase="D:\a\desktop-guides\desktop-guides\tests\DesktopGuides.Core.Tests\bin\Release\net10.0\DesktopGuides.Core.Tests.dll" adapterTypeName="executor://xunit/VsTestRunner3/netcore/" className="DesktopGuides.Core.Tests.ReaderContractTests" name="CapabilityChangesRefreshAvailableCommands" />
    </UnitTest>
    <UnitTest name="DesktopGuides.Core.Tests.ReaderLocationCodecTests.RejectsWrongFormatAndAnotherGuideDocument" storage="d:\a\desktop-guides\desktop-guides\tests\desktopguides.core.tests\bin\release\net10.0\desktopguides.core.tests.dll" id="2c3a769b-5867-fa9a-d2e1-089792eabeef">
      <Execution id="69710bc7-b041-425a-90a0-b8f952e946b4" />
      <TestMethod codeBase="D:\a\desktop-guides\desktop-guides\tests\DesktopGuides.Core.Tests\bin\Release\net10.0\DesktopGuides.Core.Tests.dll" adapterTypeName="executor://xunit/VsTestRunner3/netcore/" className="DesktopGuides.Core.Tests.ReaderLocationCodecTests" name="RejectsWrongFormatAndAnotherGuideDocument" />
    </UnitTest>
    <UnitTest name="DesktopGuides.Core.Tests.ManagedRelativePathTests.RejectsEscapesAndAmbiguousWindowsNames(path: &quot;styles/../secret.txt&quot;)" storage="d:\a\desktop-guides\desktop-guides\tests\desktopguides.core.tests\bin\release\net10.0\desktopguides.core.tests.dll" id="cbb0aed3-cab9-f324-2e2d-ce07993c4660">
      <Execution id="2c91c0c0-2bc7-4e52-8a73-7a349395c2da" />
      <TestMethod codeBase="D:\a\desktop-guides\desktop-guides\tests\DesktopGuides.Core.Tests\bin\Release\net10.0\DesktopGuides.Core.Tests.dll" adapterTypeName="executor://xunit/VsTestRunner3/netcore/" className="DesktopGuides.Core.Tests.ManagedRelativePathTests" name="RejectsEscapesAndAmbiguousWindowsNames" />
    </UnitTest>
    <UnitTest name="DesktopGuides.Core.Tests.HtmlAssetPolicyTests.RejectsRequestsOutsideTheReadOnlyAssetScope(method: &quot;GET&quot;, url: &quot;file:///C:/Windows/win.ini&quot;)" storage="d:\a\desktop-guides\desktop-guides\tests\desktopguides.core.tests\bin\release\net10.0\desktopguides.core.tests.dll" id="d23bb650-686f-e5f0-ba71-d178ef8f42e9">
      <Execution id="45b0fbc9-1e08-40eb-ac3c-eca005d7af66" />
      <TestMethod codeBase="D:\a\desktop-guides\desktop-guides\tests\DesktopGuides.Core.Tests\bin\Release\net10.0\DesktopGuides.Core.Tests.dll" adapterTypeName="executor://xunit/VsTestRunner3/netcore/" className="DesktopGuides.Core.Tests.HtmlAssetPolicyTests" name="RejectsRequestsOutsideTheReadOnlyAssetScope" />
    </UnitTest>
    <UnitTest name="DesktopGuides.Core.Tests.TextGuideDocumentTests.RestoresExactOffsetForUnchangedContent" storage="d:\a\desktop-guides\desktop-guides\tests\desktopguides.core.tests\bin\release\net10.0\desktopguides.core.tests.dll" id="28e86855-d814-9f1e-0494-bcb896bacec3">
      <Execution id="62d35d0e-795a-4662-be9f-a6ab42c43bed" />
      <TestMethod codeBase="D:\a\desktop-guides\desktop-guides\tests\DesktopGuides.Core.Tests\bin\Release\net10.0\DesktopGuides.Core.Tests.dll" adapterTypeName="executor://xunit/VsTestRunner3/netcore/" className="DesktopGuides.Core.Tests.TextGuideDocumentTests" name="RestoresExactOffsetForUnchangedContent" />
    </UnitTest>
    <UnitTest name="DesktopGuides.Core.Tests.ManagedRelativePathTests.RejectsEscapesAndAmbiguousWindowsNames(path: &quot;styles/trailing.&quot;)" storage="d:\a\desktop-guides\desktop-guides\tests\desktopguides.core.tests\bin\release\net10.0\desktopguides.core.tests.dll" id="38524e42-a035-5c1a-a5de-83319b7e745e">
      <Execution id="61033249-fd1b-4515-8149-64e4d1083034" />
      <TestMethod codeBase="D:\a\desktop-guides\desktop-guides\tests\DesktopGuides.Core.Tests\bin\Release\net10.0\DesktopGuides.Core.Tests.dll" adapterTypeName="executor://xunit/VsTestRunner3/netcore/" className="DesktopGuides.Core.Tests.ManagedRelativePathTests" name="RejectsEscapesAndAmbiguousWindowsNames" />
    </UnitTest>
    <UnitTest name="DesktopGuides.Core.Tests.HtmlAssetPolicyTests.RejectsRequestsOutsideTheReadOnlyAssetScope(method: &quot;GET&quot;, url: &quot;https://elsewhere.invalid/guide.html&quot;)" storage="d:\a\desktop-guides\desktop-guides\tests\desktopguides.core.tests\bin\release\net10.0\desktopguides.core.tests.dll" id="5148b27a-ff51-5241-c0d8-eccb742088f7">
      <Execution id="536a675b-9de4-4851-880c-8dad8f9c1105" />
      <TestMethod codeBase="D:\a\desktop-guides\desktop-guides\tests\DesktopGuides.Core.Tests\bin\Release\net10.0\DesktopGuides.Core.Tests.dll" adapterTypeName="executor://xunit/VsTestRunner3/netcore/" className="DesktopGuides.Core.Tests.HtmlAssetPolicyTests" name="RejectsRequestsOutsideTheReadOnlyAssetScope" />
    </UnitTest>
    <UnitTest name="DesktopGuides.Core.Tests.HtmlAssetPolicyTests.RejectsAnAssetChangedAfterManifestVerification" storage="d:\a\desktop-guides\desktop-guides\tests\desktopguides.core.tests\bin\release\net10.0\desktopguides.core.tests.dll" id="9664020a-1c18-7b2e-ab55-1e85c22bf279">
      <Execution id="f8a903d4-43bf-4e49-8f7e-118d03cdbd87" />
      <TestMethod codeBase="D:\a\desktop-guides\desktop-guides\tests\DesktopGuides.Core.Tests\bin\Release\net10.0\DesktopGuides.Core.Tests.dll" adapterTypeName="executor://xunit/VsTestRunner3/netcore/" className="DesktopGuides.Core.Tests.HtmlAssetPolicyTests" name="RejectsAnAssetChangedAfterManifestVerification" />
    </UnitTest>
    <UnitTest name="DesktopGuides.Core.Tests.ReaderLocationCodecTests.UnknownLocatorVersionsAreUnavailable(version: 0)" storage="d:\a\desktop-guides\desktop-guides\tests\desktopguides.core.tests\bin\release\net10.0\desktopguides.core.tests.dll" id="4cdf9d0f-ed08-f80e-4cfe-c6136aea9563">
      <Execution id="e4b2b1d2-fd32-4724-ba95-679b8e408105" />
      <TestMethod codeBase="D:\a\desktop-guides\desktop-guides\tests\DesktopGuides.Core.Tests\bin\Release\net10.0\DesktopGuides.Core.Tests.dll" adapterTypeName="executor://xunit/VsTestRunner3/netcore/" className="DesktopGuides.Core.Tests.ReaderLocationCodecTests" name="UnknownLocatorVersionsAreUnavailable" />
    </UnitTest>
    <UnitTest name="DesktopGuides.Core.Tests.ManagedRelativePathTests.AllowsNormalizedRelativePaths(path: &quot;guide.html&quot;)" storage="d:\a\desktop-guides\desktop-guides\tests\desktopguides.core.tests\bin\release\net10.0\desktopguides.core.tests.dll" id="4315476c-740b-513a-8997-1b3a0c533ae3">
      <Execution id="8b3582c8-830c-4ae0-9ba7-8136b69ff2c9" />
      <TestMethod codeBase="D:\a\desktop-guides\desktop-guides\tests\DesktopGuides.Core.Tests\bin\Release\net10.0\DesktopGuides.Core.Tests.dll" adapterTypeName="executor://xunit/VsTestRunner3/netcore/" className="DesktopGuides.Core.Tests.ManagedRelativePathTests" name="AllowsNormalizedRelativePaths" />
    </UnitTest>
    <UnitTest name="DesktopGuides.Core.Tests.HtmlAssetPolicyTests.RejectsRequestsOutsideTheReadOnlyAssetScope(method: &quot;POST&quot;, url: &quot;https://guide.invalid/guide.html&quot;)" storage="d:\a\desktop-guides\desktop-guides\tests\desktopguides.core.tests\bin\release\net10.0\desktopguides.core.tests.dll" id="5d8fde1a-f3ef-3bf2-6577-9775eeb6e8e7">
      <Execution id="491fd867-bba8-4e7e-a658-e6b1e8d47442" />
      <TestMethod codeBase="D:\a\desktop-guides\desktop-guides\tests\DesktopGuides.Core.Tests\bin\Release\net10.0\DesktopGuides.Core.Tests.dll" adapterTypeName="executor://xunit/VsTestRunner3/netcore/" className="DesktopGuides.Core.Tests.HtmlAssetPolicyTests" name="RejectsRequestsOutsideTheReadOnlyAssetScope" />
    </UnitTest>
    <UnitTest name="DesktopGuides.Core.Tests.TextGuideDocumentTests.ChoosesTheNearestRepeatedContextAfterContentChanges" storage="d:\a\desktop-guides\desktop-guides\tests\desktopguides.core.tests\bin\release\net10.0\desktopguides.core.tests.dll" id="e214083d-9062-e92f-3551-3ad869a924b3">
      <Execution id="34b1ca52-2a78-48b2-9337-d64274ef63ad" />
      <TestMethod codeBase="D:\a\desktop-guides\desktop-guides\tests\DesktopGuides.Core.Tests\bin\Release\net10.0\DesktopGuides.Core.Tests.dll" adapterTypeName="executor://xunit/VsTestRunner3/netcore/" className="DesktopGuides.Core.Tests.TextGuideDocumentTests" name="ChoosesTheNearestRepeatedContextAfterContentChanges" />
    </UnitTest>
    <UnitTest name="DesktopGuides.Core.Tests.TextGuideDocumentTests.FallsBackToFractionWhenContextCannotBeFound" storage="d:\a\desktop-guides\desktop-guides\tests\desktopguides.core.tests\bin\release\net10.0\desktopguides.core.tests.dll" id="5306eca0-b7b2-215e-3500-dc744dc0a606">
      <Execution id="f6a6322a-3417-4631-8b83-2bd88f65039a" />
      <TestMethod codeBase="D:\a\desktop-guides\desktop-guides\tests\DesktopGuides.Core.Tests\bin\Release\net10.0\DesktopGuides.Core.Tests.dll" adapterTypeName="executor://xunit/VsTestRunner3/netcore/" className="DesktopGuides.Core.Tests.TextGuideDocumentTests" name="FallsBackToFractionWhenContextCannotBeFound" />
    </UnitTest>
    <UnitTest name="DesktopGuides.Core.Tests.ManagedRelativePathTests.RejectsEscapesAndAmbiguousWindowsNames(path: &quot;styles/%5csecret.css&quot;)" storage="d:\a\desktop-guides\desktop-guides\tests\desktopguides.core.tests\bin\release\net10.0\desktopguides.core.tests.dll" id="bbf5840a-1b02-cfd6-ad7d-00cb3c8e28a8">
      <Execution id="c7c14d16-42e8-4aec-a87a-9a74376dde92" />
      <TestMethod codeBase="D:\a\desktop-guides\desktop-guides\tests\DesktopGuides.Core.Tests\bin\Release\net10.0\DesktopGuides.Core.Tests.dll" adapterTypeName="executor://xunit/VsTestRunner3/netcore/" className="DesktopGuides.Core.Tests.ManagedRelativePathTests" name="RejectsEscapesAndAmbiguousWindowsNames" />
    </UnitTest>
    <UnitTest name="DesktopGuides.Core.Tests.FixtureCatalogTests.LoadsAndVerifiesAFixtureById" storage="d:\a\desktop-guides\desktop-guides\tests\desktopguides.core.tests\bin\release\net10.0\desktopguides.core.tests.dll" id="da1ce6eb-e7a0-554b-c1d8-4b184cfcf320">
      <Execution id="856fc888-e51d-44a2-a13b-9d871eec8712" />
      <TestMethod codeBase="D:\a\desktop-guides\desktop-guides\tests\DesktopGuides.Core.Tests\bin\Release\net10.0\DesktopGuides.Core.Tests.dll" adapterTypeName="executor://xunit/VsTestRunner3/netcore/" className="DesktopGuides.Core.Tests.FixtureCatalogTests" name="LoadsAndVerifiesAFixtureById" />
    </UnitTest>
    <UnitTest name="DesktopGuides.Core.Tests.ReaderLocationCodecTests.RejectsMalformedOrIncompleteJson(json: &quot;{}&quot;)" storage="d:\a\desktop-guides\desktop-guides\tests\desktopguides.core.tests\bin\release\net10.0\desktopguides.core.tests.dll" id="0ec02c55-3516-8a2b-971a-b5a1c9666dbb">
      <Execution id="69ec7e7e-230d-4b7e-87fb-4a8f97d4c83e" />
      <TestMethod codeBase="D:\a\desktop-guides\desktop-guides\tests\DesktopGuides.Core.Tests\bin\Release\net10.0\DesktopGuides.Core.Tests.dll" adapterTypeName="executor://xunit/VsTestRunner3/netcore/" className="DesktopGuides.Core.Tests.ReaderLocationCodecTests" name="RejectsMalformedOrIncompleteJson" />
    </UnitTest>
    <UnitTest name="DesktopGuides.Core.Tests.ManagedRelativePathTests.RejectsEscapesAndAmbiguousWindowsNames(path: &quot;styles/%2fsecret.css&quot;)" storage="d:\a\desktop-guides\desktop-guides\tests\desktopguides.core.tests\bin\release\net10.0\desktopguides.core.tests.dll" id="18b1b528-f844-0d22-24bc-f384cf75c891">
      <Execution id="761597fb-3b70-47eb-86f5-0f4ca031b2d9" />
      <TestMethod codeBase="D:\a\desktop-guides\desktop-guides\tests\DesktopGuides.Core.Tests\bin\Release\net10.0\DesktopGuides.Core.Tests.dll" adapterTypeName="executor://xunit/VsTestRunner3/netcore/" className="DesktopGuides.Core.Tests.ManagedRelativePathTests" name="RejectsEscapesAndAmbiguousWindowsNames" />
    </UnitTest>
    <UnitTest name="DesktopGuides.Core.Tests.ReaderLocationCodecTests.UnknownLocatorVersionsAreUnavailable(version: 2)" storage="d:\a\desktop-guides\desktop-guides\tests\desktopguides.core.tests\bin\release\net10.0\desktopguides.core.tests.dll" id="4d45225f-6340-93fa-c1fe-205ce7dbcd19">
      <Execution id="2a02b86d-eec4-41bc-9198-9ef42374d0a4" />
      <TestMethod codeBase="D:\a\desktop-guides\desktop-guides\tests\DesktopGuides.Core.Tests\bin\Release\net10.0\DesktopGuides.Core.Tests.dll" adapterTypeName="executor://xunit/VsTestRunner3/netcore/" className="DesktopGuides.Core.Tests.ReaderLocationCodecTests" name="UnknownLocatorVersionsAreUnavailable" />
    </UnitTest>
    <UnitTest name="DesktopGuides.Core.Tests.TextGuideDocumentTests.InvalidUtf8RequiresAnExplicitEncoding" storage="d:\a\desktop-guides\desktop-guides\tests\desktopguides.core.tests\bin\release\net10.0\desktopguides.core.tests.dll" id="21d9f702-a60d-39ec-cfae-6ad62400c1a6">
      <Execution id="2c7eef5e-2819-464a-9d34-0f7b7035bbe6" />
      <TestMethod codeBase="D:\a\desktop-guides\desktop-guides\tests\DesktopGuides.Core.Tests\bin\Release\net10.0\DesktopGuides.Core.Tests.dll" adapterTypeName="executor://xunit/VsTestRunner3/netcore/" className="DesktopGuides.Core.Tests.TextGuideDocumentTests" name="InvalidUtf8RequiresAnExplicitEncoding" />
    </UnitTest>
    <UnitTest name="DesktopGuides.Core.Tests.HtmlAssetPolicyTests.AllowsOnlyManifestAssetsWithinTheSelectedGuideRoot" storage="d:\a\desktop-guides\desktop-guides\tests\desktopguides.core.tests\bin\release\net10.0\desktopguides.core.tests.dll" id="f9ea783f-3477-0506-a8f3-d01a2190f1bf">
      <Execution id="f91ec9d8-8a93-4bba-8c95-76810f59b88e" />
      <TestMethod codeBase="D:\a\desktop-guides\desktop-guides\tests\DesktopGuides.Core.Tests\bin\Release\net10.0\DesktopGuides.Core.Tests.dll" adapterTypeName="executor://xunit/VsTestRunner3/netcore/" className="DesktopGuides.Core.Tests.HtmlAssetPolicyTests" name="AllowsOnlyManifestAssetsWithinTheSelectedGuideRoot" />
    </UnitTest>
    <UnitTest name="DesktopGuides.Core.Tests.ManagedRelativePathTests.RejectsEscapesAndAmbiguousWindowsNames(path: &quot;&quot;)" storage="d:\a\desktop-guides\desktop-guides\tests\desktopguides.core.tests\bin\release\net10.0\desktopguides.core.tests.dll" id="5632d11a-8dbe-b81f-09d4-d5540281d07e">
      <Execution id="0df72ee9-3fa1-4fd4-8a9d-06652d9bfc6f" />
      <TestMethod codeBase="D:\a\desktop-guides\desktop-guides\tests\DesktopGuides.Core.Tests\bin\Release\net10.0\DesktopGuides.Core.Tests.dll" adapterTypeName="executor://xunit/VsTestRunner3/netcore/" className="DesktopGuides.Core.Tests.ManagedRelativePathTests" name="RejectsEscapesAndAmbiguousWindowsNames" />
    </UnitTest>
    <UnitTest name="DesktopGuides.Core.Tests.ManagedRelativePathTests.RejectsEscapesAndAmbiguousWindowsNames(path: &quot;styles\\main.css&quot;)" storage="d:\a\desktop-guides\desktop-guides\tests\desktopguides.core.tests\bin\release\net10.0\desktopguides.core.tests.dll" id="f69b579d-7f9d-1c10-a0fe-5c36b24b1c10">
      <Execution id="6496da84-47b4-4e86-994b-56beac6349b1" />
      <TestMethod codeBase="D:\a\desktop-guides\desktop-guides\tests\DesktopGuides.Core.Tests\bin\Release\net10.0\DesktopGuides.Core.Tests.dll" adapterTypeName="executor://xunit/VsTestRunner3/netcore/" className="DesktopGuides.Core.Tests.ManagedRelativePathTests" name="RejectsEscapesAndAmbiguousWindowsNames" />
    </UnitTest>
    <UnitTest name="DesktopGuides.Core.Tests.ManagedRelativePathTests.RejectsEscapesAndAmbiguousWindowsNames(path: &quot;../secret.txt&quot;)" storage="d:\a\desktop-guides\desktop-guides\tests\desktopguides.core.tests\bin\release\net10.0\desktopguides.core.tests.dll" id="1c1317f4-984d-5d84-c2dd-497b0cfa5914">
      <Execution id="e1438a46-1263-4fc1-a896-5e31de482de1" />
      <TestMethod codeBase="D:\a\desktop-guides\desktop-guides\tests\DesktopGuides.Core.Tests\bin\Release\net10.0\DesktopGuides.Core.Tests.dll" adapterTypeName="executor://xunit/VsTestRunner3/netcore/" className="DesktopGuides.Core.Tests.ManagedRelativePathTests" name="RejectsEscapesAndAmbiguousWindowsNames" />
    </UnitTest>
    <UnitTest name="DesktopGuides.Core.Tests.ManagedRelativePathTests.RejectsUnpairedSurrogate" storage="d:\a\desktop-guides\desktop-guides\tests\desktopguides.core.tests\bin\release\net10.0\desktopguides.core.tests.dll" id="e7213df8-d8d5-e3d2-6dd1-26ccf6d5681c">
      <Execution id="dbfc30c3-d05b-4cfe-b3d4-fecc9c59b021" />
      <TestMethod codeBase="D:\a\desktop-guides\desktop-guides\tests\DesktopGuides.Core.Tests\bin\Release\net10.0\DesktopGuides.Core.Tests.dll" adapterTypeName="executor://xunit/VsTestRunner3/netcore/" className="DesktopGuides.Core.Tests.ManagedRelativePathTests" name="RejectsUnpairedSurrogate" />
    </UnitTest>
    <UnitTest name="DesktopGuides.Core.Tests.ManagedRelativePathTests.RejectsEscapesAndAmbiguousWindowsNames(path: &quot;styles/NUL .txt&quot;)" storage="d:\a\desktop-guides\desktop-guides\tests\desktopguides.core.tests\bin\release\net10.0\desktopguides.core.tests.dll" id="15c346bb-c657-9d05-a4a9-d83b4cd01667">
      <Execution id="148fe549-4ad8-4328-b689-b4fca6fd8e59" />
      <TestMethod codeBase="D:\a\desktop-guides\desktop-guides\tests\DesktopGuides.Core.Tests\bin\Release\net10.0\DesktopGuides.Core.Tests.dll" adapterTypeName="executor://xunit/VsTestRunner3/netcore/" className="DesktopGuides.Core.Tests.ManagedRelativePathTests" name="RejectsEscapesAndAmbiguousWindowsNames" />
    </UnitTest>
    <UnitTest name="DesktopGuides.Core.Tests.ManagedRelativePathTests.RejectsEscapesAndAmbiguousWindowsNames(path: &quot;C:/Windows/win.ini&quot;)" storage="d:\a\desktop-guides\desktop-guides\tests\desktopguides.core.tests\bin\release\net10.0\desktopguides.core.tests.dll" id="2220fce6-a2c9-f342-77f6-2d561e754f34">
      <Execution id="cf97d1f2-5e2b-43f8-9b9d-fc50ed3acc6e" />
      <TestMethod codeBase="D:\a\desktop-guides\desktop-guides\tests\DesktopGuides.Core.Tests\bin\Release\net10.0\DesktopGuides.Core.Tests.dll" adapterTypeName="executor://xunit/VsTestRunner3/netcore/" className="DesktopGuides.Core.Tests.ManagedRelativePathTests" name="RejectsEscapesAndAmbiguousWindowsNames" />
    </UnitTest>
    <UnitTest name="DesktopGuides.Core.Tests.HtmlAssetPolicyTests.RejectsRequestsOutsideTheReadOnlyAssetScope(method: &quot;GET&quot;, url: &quot;https://guide.invalid:444/guide.html&quot;)" storage="d:\a\desktop-guides\desktop-guides\tests\desktopguides.core.tests\bin\release\net10.0\desktopguides.core.tests.dll" id="afaebaff-4092-b82e-7bdd-5dcc8d2370e5">
      <Execution id="f097cb86-f612-4d09-8e16-866ac10f74bd" />
      <TestMethod codeBase="D:\a\desktop-guides\desktop-guides\tests\DesktopGuides.Core.Tests\bin\Release\net10.0\DesktopGuides.Core.Tests.dll" adapterTypeName="executor://xunit/VsTestRunner3/netcore/" className="DesktopGuides.Core.Tests.HtmlAssetPolicyTests" name="RejectsRequestsOutsideTheReadOnlyAssetScope" />
    </UnitTest>
    <UnitTest name="DesktopGuides.Core.Tests.ReaderLocationCodecTests.RoundTripsEachFormat" storage="d:\a\desktop-guides\desktop-guides\tests\desktopguides.core.tests\bin\release\net10.0\desktopguides.core.tests.dll" id="83c103a0-1912-584a-eb90-fa56228bb5b9">
      <Execution id="e1bf4bf5-243e-4705-b29f-686dd07a3c66" />
      <TestMethod codeBase="D:\a\desktop-guides\desktop-guides\tests\DesktopGuides.Core.Tests\bin\Release\net10.0\DesktopGuides.Core.Tests.dll" adapterTypeName="executor://xunit/VsTestRunner3/netcore/" className="DesktopGuides.Core.Tests.ReaderLocationCodecTests" name="RoundTripsEachFormat" />
    </UnitTest>
    <UnitTest name="DesktopGuides.Core.Tests.FixtureCatalogTests.RejectsFixturePathOutsideTheRoot" storage="d:\a\desktop-guides\desktop-guides\tests\desktopguides.core.tests\bin\release\net10.0\desktopguides.core.tests.dll" id="dd22a2e5-9769-89bd-cbc6-621d276d372c">
      <Execution id="b5efe003-9756-4dd0-81f7-c3b6530b23d0" />
      <TestMethod codeBase="D:\a\desktop-guides\desktop-guides\tests\DesktopGuides.Core.Tests\bin\Release\net10.0\DesktopGuides.Core.Tests.dll" adapterTypeName="executor://xunit/VsTestRunner3/netcore/" className="DesktopGuides.Core.Tests.FixtureCatalogTests" name="RejectsFixturePathOutsideTheRoot" />
    </UnitTest>
    <UnitTest name="DesktopGuides.Core.Tests.TextGuideDocumentTests.DecodesBomAndNormalizesNewlinesWithoutChangingWhitespace" storage="d:\a\desktop-guides\desktop-guides\tests\desktopguides.core.tests\bin\release\net10.0\desktopguides.core.tests.dll" id="0a3ebbcc-3074-fdad-a691-281c6b0f5482">
      <Execution id="322a99ea-792d-4d54-8c7a-481089996cb6" />
      <TestMethod codeBase="D:\a\desktop-guides\desktop-guides\tests\DesktopGuides.Core.Tests\bin\Release\net10.0\DesktopGuides.Core.Tests.dll" adapterTypeName="executor://xunit/VsTestRunner3/netcore/" className="DesktopGuides.Core.Tests.TextGuideDocumentTests" name="DecodesBomAndNormalizesNewlinesWithoutChangingWhitespace" />
    </UnitTest>
    <UnitTest name="DesktopGuides.Core.Tests.ReaderLocationCodecTests.RejectsInvalidPageAndOversizedQuote" storage="d:\a\desktop-guides\desktop-guides\tests\desktopguides.core.tests\bin\release\net10.0\desktopguides.core.tests.dll" id="392bf07e-b020-b179-83d4-f351c2891a24">
      <Execution id="5013d89b-debd-4d2e-b42d-bece0a026442" />
      <TestMethod codeBase="D:\a\desktop-guides\desktop-guides\tests\DesktopGuides.Core.Tests\bin\Release\net10.0\DesktopGuides.Core.Tests.dll" adapterTypeName="executor://xunit/VsTestRunner3/netcore/" className="DesktopGuides.Core.Tests.ReaderLocationCodecTests" name="RejectsInvalidPageAndOversizedQuote" />
    </UnitTest>
    <UnitTest name="DesktopGuides.Core.Tests.ReaderLocationCodecTests.ChangedContentRetainsContextAndApproximateFallback" storage="d:\a\desktop-guides\desktop-guides\tests\desktopguides.core.tests\bin\release\net10.0\desktopguides.core.tests.dll" id="fd7d4188-aefc-2c44-f063-fa3c69b46d85">
      <Execution id="8f352d7f-25cf-4cd5-a5ab-d47d7b031f1a" />
      <TestMethod codeBase="D:\a\desktop-guides\desktop-guides\tests\DesktopGuides.Core.Tests\bin\Release\net10.0\DesktopGuides.Core.Tests.dll" adapterTypeName="executor://xunit/VsTestRunner3/netcore/" className="DesktopGuides.Core.Tests.ReaderLocationCodecTests" name="ChangedContentRetainsContextAndApproximateFallback" />
    </UnitTest>
  </TestDefinitions>
  <TestEntries>
    <TestEntry testId="f69b579d-7f9d-1c10-a0fe-5c36b24b1c10" executionId="6496da84-47b4-4e86-994b-56beac6349b1" testListId="8c84fa94-04c1-424b-9868-57a2d4851a1d" />
    <TestEntry testId="1c1317f4-984d-5d84-c2dd-497b0cfa5914" executionId="e1438a46-1263-4fc1-a896-5e31de482de1" testListId="8c84fa94-04c1-424b-9868-57a2d4851a1d" />
    <TestEntry testId="c78e4709-5751-678b-529b-575b04bc6c92" executionId="c77c00c0-1213-4234-9f76-b197f588bbae" testListId="8c84fa94-04c1-424b-9868-57a2d4851a1d" />
    <TestEntry testId="bbf5840a-1b02-cfd6-ad7d-00cb3c8e28a8" executionId="c7c14d16-42e8-4aec-a87a-9a74376dde92" testListId="8c84fa94-04c1-424b-9868-57a2d4851a1d" />
    <TestEntry testId="b379ae71-cd7e-938c-1eef-2d9c4001c9be" executionId="efb92d91-879f-498d-a11a-12dd54c370a0" testListId="8c84fa94-04c1-424b-9868-57a2d4851a1d" />
    <TestEntry testId="9664020a-1c18-7b2e-ab55-1e85c22bf279" executionId="f8a903d4-43bf-4e49-8f7e-118d03cdbd87" testListId="8c84fa94-04c1-424b-9868-57a2d4851a1d" />
    <TestEntry testId="3bafceda-bee2-0698-1edb-0944b01bc21c" executionId="37e3fdc0-b6c0-4c88-b26c-af193c328d1c" testListId="8c84fa94-04c1-424b-9868-57a2d4851a1d" />
    <TestEntry testId="cbb0aed3-cab9-f324-2e2d-ce07993c4660" executionId="2c91c0c0-2bc7-4e52-8a73-7a349395c2da" testListId="8c84fa94-04c1-424b-9868-57a2d4851a1d" />
    <TestEntry testId="4d45225f-6340-93fa-c1fe-205ce7dbcd19" executionId="2a02b86d-eec4-41bc-9198-9ef42374d0a4" testListId="8c84fa94-04c1-424b-9868-57a2d4851a1d" />
    <TestEntry testId="af1b606f-e528-a99c-b813-f91ca3953702" executionId="794a2bfa-ea97-41ed-acf7-6300b5deaae6" testListId="8c84fa94-04c1-424b-9868-57a2d4851a1d" />
    <TestEntry testId="4bcd14ab-da5e-27fa-1113-d81275401668" executionId="a8b9a24a-1820-4238-8a99-5dc27232d666" testListId="8c84fa94-04c1-424b-9868-57a2d4851a1d" />
    <TestEntry testId="5d8fde1a-f3ef-3bf2-6577-9775eeb6e8e7" executionId="491fd867-bba8-4e7e-a658-e6b1e8d47442" testListId="8c84fa94-04c1-424b-9868-57a2d4851a1d" />
    <TestEntry testId="e214083d-9062-e92f-3551-3ad869a924b3" executionId="34b1ca52-2a78-48b2-9337-d64274ef63ad" testListId="8c84fa94-04c1-424b-9868-57a2d4851a1d" />
    <TestEntry testId="392bf07e-b020-b179-83d4-f351c2891a24" executionId="5013d89b-debd-4d2e-b42d-bece0a026442" testListId="8c84fa94-04c1-424b-9868-57a2d4851a1d" />
    <TestEntry testId="5e5f018a-cb57-be3d-3cc2-bdc405783398" executionId="4562d61a-ce1a-46c9-b8f7-4fe3cacc3049" testListId="8c84fa94-04c1-424b-9868-57a2d4851a1d" />
    <TestEntry testId="88654ed1-7ac6-2123-05e5-eee1bfb6d1a0" executionId="ebeacaec-9179-41de-95d8-a3f82b4798d2" testListId="8c84fa94-04c1-424b-9868-57a2d4851a1d" />
    <TestEntry testId="973825c8-3e8f-82ce-d465-e9b44b88d1d0" executionId="a91ee29c-91d8-4c02-8200-c28456a20f6c" testListId="8c84fa94-04c1-424b-9868-57a2d4851a1d" />
    <TestEntry testId="d9d5a7ef-c627-a2c5-a023-7fbe2c220e22" executionId="0c9230a1-a8b4-46bf-b79d-3e95273ee007" testListId="8c84fa94-04c1-424b-9868-57a2d4851a1d" />
    <TestEntry testId="18b1b528-f844-0d22-24bc-f384cf75c891" executionId="761597fb-3b70-47eb-86f5-0f4ca031b2d9" testListId="8c84fa94-04c1-424b-9868-57a2d4851a1d" />
    <TestEntry testId="5306eca0-b7b2-215e-3500-dc744dc0a606" executionId="f6a6322a-3417-4631-8b83-2bd88f65039a" testListId="8c84fa94-04c1-424b-9868-57a2d4851a1d" />
    <TestEntry testId="f5392f73-b8a1-6650-c8e1-f83347d441eb" executionId="57e68e7d-1bb8-4a59-b94c-f1c2f8efbf83" testListId="8c84fa94-04c1-424b-9868-57a2d4851a1d" />
    <TestEntry testId="0e37eb74-ac8e-e25d-6a1b-ae85a029e0d9" executionId="b53fa756-29fd-4e47-ab54-6a4a7e768345" testListId="8c84fa94-04c1-424b-9868-57a2d4851a1d" />
    <TestEntry testId="32e77880-0ee3-f638-1cea-013c9b4e37e2" executionId="b54cc8e5-40b0-4be7-8283-9b0ef21bc016" testListId="8c84fa94-04c1-424b-9868-57a2d4851a1d" />
    <TestEntry testId="2220fce6-a2c9-f342-77f6-2d561e754f34" executionId="cf97d1f2-5e2b-43f8-9b9d-fc50ed3acc6e" testListId="8c84fa94-04c1-424b-9868-57a2d4851a1d" />
    <TestEntry testId="83c103a0-1912-584a-eb90-fa56228bb5b9" executionId="27fe300b-3740-4164-8137-350289516ded" testListId="8c84fa94-04c1-424b-9868-57a2d4851a1d" />
    <TestEntry testId="15c346bb-c657-9d05-a4a9-d83b4cd01667" executionId="148fe549-4ad8-4328-b689-b4fca6fd8e59" testListId="8c84fa94-04c1-424b-9868-57a2d4851a1d" />
    <TestEntry testId="663a2d05-e464-acf4-5956-5e397f967b63" executionId="8afcae81-9d7f-467c-9ff2-bb375c24f3eb" testListId="8c84fa94-04c1-424b-9868-57a2d4851a1d" />
    <TestEntry testId="07c7de27-26de-a9f7-9ab2-361772f15d1e" executionId="2e7f37aa-5ce2-4eec-8f9f-a06c0334bd05" testListId="8c84fa94-04c1-424b-9868-57a2d4851a1d" />
    <TestEntry testId="4cdf9d0f-ed08-f80e-4cfe-c6136aea9563" executionId="e4b2b1d2-fd32-4724-ba95-679b8e408105" testListId="8c84fa94-04c1-424b-9868-57a2d4851a1d" />
    <TestEntry testId="cec6b4c7-fa26-4898-a672-7386be54c7a0" executionId="580c0150-2375-412a-bc23-feffea3848ce" testListId="8c84fa94-04c1-424b-9868-57a2d4851a1d" />
    <TestEntry testId="83c103a0-1912-584a-eb90-fa56228bb5b9" executionId="e62e3b0c-b2ef-4b01-8455-46858a065d2c" testListId="8c84fa94-04c1-424b-9868-57a2d4851a1d" />
    <TestEntry testId="d74e39f2-0dc4-e973-e98e-f98c68304f3b" executionId="f7240c66-da02-4968-8a71-3a9b193d5725" testListId="8c84fa94-04c1-424b-9868-57a2d4851a1d" />
    <TestEntry testId="b1142c99-8964-6e66-748c-081fbdb81b6a" executionId="50370476-86f8-4beb-b73a-dea09e8beb8e" testListId="8c84fa94-04c1-424b-9868-57a2d4851a1d" />
    <TestEntry testId="e7213df8-d8d5-e3d2-6dd1-26ccf6d5681c" executionId="dbfc30c3-d05b-4cfe-b3d4-fecc9c59b021" testListId="8c84fa94-04c1-424b-9868-57a2d4851a1d" />
    <TestEntry testId="4315476c-740b-513a-8997-1b3a0c533ae3" executionId="8b3582c8-830c-4ae0-9ba7-8136b69ff2c9" testListId="8c84fa94-04c1-424b-9868-57a2d4851a1d" />
    <TestEntry testId="21d9f702-a60d-39ec-cfae-6ad62400c1a6" executionId="2c7eef5e-2819-464a-9d34-0f7b7035bbe6" testListId="8c84fa94-04c1-424b-9868-57a2d4851a1d" />
    <TestEntry testId="f9ea783f-3477-0506-a8f3-d01a2190f1bf" executionId="f91ec9d8-8a93-4bba-8c95-76810f59b88e" testListId="8c84fa94-04c1-424b-9868-57a2d4851a1d" />
    <TestEntry testId="28e86855-d814-9f1e-0494-bcb896bacec3" executionId="62d35d0e-795a-4662-be9f-a6ab42c43bed" testListId="8c84fa94-04c1-424b-9868-57a2d4851a1d" />
    <TestEntry testId="ef0108d9-9be6-a5f1-6cd0-5fbb16b1c6ed" executionId="29546788-5b75-4450-8fe4-1da1c2369ed2" testListId="8c84fa94-04c1-424b-9868-57a2d4851a1d" />
    <TestEntry testId="355a0214-5e1c-a62f-aa47-3153b5b8f8ad" executionId="9fe98beb-9719-403c-b170-4349e4838dd4" testListId="8c84fa94-04c1-424b-9868-57a2d4851a1d" />
    <TestEntry testId="fd7d4188-aefc-2c44-f063-fa3c69b46d85" executionId="8f352d7f-25cf-4cd5-a5ab-d47d7b031f1a" testListId="8c84fa94-04c1-424b-9868-57a2d4851a1d" />
    <TestEntry testId="291ae1df-c249-3ed3-bd0b-6fcec2027026" executionId="eda7719a-474d-402b-870d-7730ce527800" testListId="8c84fa94-04c1-424b-9868-57a2d4851a1d" />
    <TestEntry testId="e17cd9fd-2512-a9dc-35b4-376e2e4cb330" executionId="8bd07508-8674-41d1-ac17-015fddfc93ed" testListId="8c84fa94-04c1-424b-9868-57a2d4851a1d" />
    <TestEntry testId="b3c1ae06-1324-2e21-f300-26010a4f7c93" executionId="89d73d3a-cf07-44bd-aea4-3bec98327cab" testListId="8c84fa94-04c1-424b-9868-57a2d4851a1d" />
    <TestEntry testId="0ec02c55-3516-8a2b-971a-b5a1c9666dbb" executionId="69ec7e7e-230d-4b7e-87fb-4a8f97d4c83e" testListId="8c84fa94-04c1-424b-9868-57a2d4851a1d" />
    <TestEntry testId="d23bb650-686f-e5f0-ba71-d178ef8f42e9" executionId="45b0fbc9-1e08-40eb-ac3c-eca005d7af66" testListId="8c84fa94-04c1-424b-9868-57a2d4851a1d" />
    <TestEntry testId="afaebaff-4092-b82e-7bdd-5dcc8d2370e5" executionId="f097cb86-f612-4d09-8e16-866ac10f74bd" testListId="8c84fa94-04c1-424b-9868-57a2d4851a1d" />
    <TestEntry testId="169d84f6-46e9-96c1-07d0-4723c1ad8e03" executionId="39bf936d-1878-48c6-89be-6698aabf4e7d" testListId="8c84fa94-04c1-424b-9868-57a2d4851a1d" />
    <TestEntry testId="65f2a884-7aaf-d6cf-a9a9-1fde173b9c0a" executionId="380d6f60-3cfb-4b2e-ab40-3403f61c1085" testListId="8c84fa94-04c1-424b-9868-57a2d4851a1d" />
    <TestEntry testId="38524e42-a035-5c1a-a5de-83319b7e745e" executionId="61033249-fd1b-4515-8149-64e4d1083034" testListId="8c84fa94-04c1-424b-9868-57a2d4851a1d" />
    <TestEntry testId="0a3ebbcc-3074-fdad-a691-281c6b0f5482" executionId="322a99ea-792d-4d54-8c7a-481089996cb6" testListId="8c84fa94-04c1-424b-9868-57a2d4851a1d" />
    <TestEntry testId="83c103a0-1912-584a-eb90-fa56228bb5b9" executionId="e1bf4bf5-243e-4705-b29f-686dd07a3c66" testListId="8c84fa94-04c1-424b-9868-57a2d4851a1d" />
    <TestEntry testId="948b08ce-754e-d418-b141-c65fd8ac3ef2" executionId="166b4fad-834f-4904-ad8a-8ed0648bf25a" testListId="8c84fa94-04c1-424b-9868-57a2d4851a1d" />
    <TestEntry testId="5632d11a-8dbe-b81f-09d4-d5540281d07e" executionId="0df72ee9-3fa1-4fd4-8a9d-06652d9bfc6f" testListId="8c84fa94-04c1-424b-9868-57a2d4851a1d" />
    <TestEntry testId="2c3a769b-5867-fa9a-d2e1-089792eabeef" executionId="69710bc7-b041-425a-90a0-b8f952e946b4" testListId="8c84fa94-04c1-424b-9868-57a2d4851a1d" />
    <TestEntry testId="da1ce6eb-e7a0-554b-c1d8-4b184cfcf320" executionId="856fc888-e51d-44a2-a13b-9d871eec8712" testListId="8c84fa94-04c1-424b-9868-57a2d4851a1d" />
    <TestEntry testId="b4ea6296-97ee-79d3-707f-71ce31e710b6" executionId="a97770b3-1c05-40df-a775-8657281cd6d7" testListId="8c84fa94-04c1-424b-9868-57a2d4851a1d" />
    <TestEntry testId="dd22a2e5-9769-89bd-cbc6-621d276d372c" executionId="b5efe003-9756-4dd0-81f7-c3b6530b23d0" testListId="8c84fa94-04c1-424b-9868-57a2d4851a1d" />
    <TestEntry testId="b47b4c1d-9920-7e22-aba4-f44acc04ae92" executionId="90753f59-36bf-439d-acf1-5c594b3a7395" testListId="8c84fa94-04c1-424b-9868-57a2d4851a1d" />
    <TestEntry testId="e1f50f58-8062-72b9-cc9c-19db3a378266" executionId="2441f1bd-546f-47b7-aef5-c1a494971f74" testListId="8c84fa94-04c1-424b-9868-57a2d4851a1d" />
    <TestEntry testId="5148b27a-ff51-5241-c0d8-eccb742088f7" executionId="536a675b-9de4-4851-880c-8dad8f9c1105" testListId="8c84fa94-04c1-424b-9868-57a2d4851a1d" />
  </TestEntries>
  <TestLists>
    <TestList name="Results Not in a List" id="8c84fa94-04c1-424b-9868-57a2d4851a1d" />
    <TestList name="All Loaded Results" id="19431567-8539-422a-85d7-44ee4e166bda" />
  </TestLists>
  <ResultSummary outcome="Completed">
    <Counters total="61" executed="61" passed="61" failed="0" error="0" timeout="0" aborted="0" inconclusive="0" passedButRunAborted="0" notRunnable="0" notExecuted="0" disconnected="0" warning="0" completed="0" inProgress="0" pending="0" />
    <Output>
      <StdOut>[xUnit.net 00:00:00.00] xUnit.net VSTest Adapter v3.1.5+1b188a7b0a (64-bit .NET 10.0.12)&#xD;
[xUnit.net 00:00:00.17]   Discovering: DesktopGuides.Core.Tests&#xD;
[xUnit.net 00:00:00.29]   Discovered:  DesktopGuides.Core.Tests&#xD;
[xUnit.net 00:00:00.36]   Starting:    DesktopGuides.Core.Tests&#xD;
[xUnit.net 00:00:00.61]   Finished:    DesktopGuides.Core.Tests&#xD;
</StdOut>
    </Output>
  </ResultSummary>
</TestRun>