<?xml version="1.0" encoding="utf-8"?>
<TestRun id="5b9baeed-1dbf-4e50-97bb-d1cd9e98c3eb" name="runneradmin@runnervm1vfjv 2026-09-25 08:55:59" runUser="runnervm1vfjv\runneradmin" xmlns="http://microsoft.com/schemas/VisualStudio/TeamTest/2010">
  <Times creation="2026-09-25T08:55:59.5034822-07:00" queuing="2026-09-25T08:55:59.5034823-07:00" start="2026-09-25T08:55:58.6617927-07:00" finish="2026-09-25T08:55:59.5970307-07:00" />
  <TestSettings name="default" id="29166029-5eab-42ea-8c69-5da852d0b052">
    <Deployment runDeploymentRoot="runneradmin_runnervm1vfjv_2026-09-25_08_55_59" />
  </TestSettings>
  <Results>
    <UnitTestResult executionId="323b9c4f-b09f-40ce-b229-30a486fcfc14" testId="d23bb650-686f-e5f0-ba71-d178ef8f42e9" testName="DesktopGuides.Core.Tests.HtmlAssetPolicyTests.RejectsRequestsOutsideTheReadOnlyAssetScope(method: &quot;GET&quot;, url: &quot;file:///C:/Windows/win.ini&quot;)" computerName="runnervm1vfjv" duration="00:00:00.0065674" startTime="2026-09-25T08:55:59.4798421-07:00" endTime="2026-09-25T08:55:59.4876526-07:00" testType="13cdc9d9-ddb5-4fa4-a97d-d965ccfc6d4b" outcome="Passed" testListId="8c84fa94-04c1-424b-9868-57a2d4851a1d" relativeResultsDirectory="323b9c4f-b09f-40ce-b229-30a486fcfc14" />
    <UnitTestResult executionId="da4d4a33-30d7-4633-9694-0d494c10f0ef" testId="3bafceda-bee2-0698-1edb-0944b01bc21c" testName="DesktopGuides.Core.Tests.FixtureCatalogTests.RejectsAFixtureThatLinksOutsideTheManifestRoot" computerName="runnervm1vfjv" duration="00:00:00.0044389" startTime="2026-09-25T08:55:59.5019079-07:00" endTime="2026-09-25T08:55:59.5054175-07:00" testType="13cdc9d9-ddb5-4fa4-a97d-d965ccfc6d4b" outcome="Passed" testListId="8c84fa94-04c1-424b-9868-57a2d4851a1d" relativeResultsDirectory="da4d4a33-30d7-4633-9694-0d494c10f0ef" />
    <UnitTestResult executionId="d42bde87-f679-40bf-ab72-44feb73e6d07" testId="1c1317f4-984d-5d84-c2dd-497b0cfa5914" testName="DesktopGuides.Core.Tests.ManagedRelativePathTests.RejectsEscapesAndAmbiguousWindowsNames(path: &quot;../secret.txt&quot;)" computerName="runnervm1vfjv" duration="00:00:00.0000077" startTime="2026-09-25T08:55:59.4695512-07:00" endTime="2026-09-25T08:55:59.4695984-07:00" testType="13cdc9d9-ddb5-4fa4-a97d-d965ccfc6d4b" outcome="Passed" testListId="8c84fa94-04c1-424b-9868-57a2d4851a1d" relativeResultsDirectory="d42bde87-f679-40bf-ab72-44feb73e6d07" />
    <UnitTestResult executionId="0e5e66ce-10c9-4e80-aff2-71aac4a35790" testId="da1ce6eb-e7a0-554b-c1d8-4b184cfcf320" testName="DesktopGuides.Core.Tests.FixtureCatalogTests.LoadsAndVerifiesAFixtureById" computerName="runnervm1vfjv" duration="00:00:00.0188287" startTime="2026-09-25T08:55:59.4817614-07:00" endTime="2026-09-25T08:55:59.5017215-07:00" testType="13cdc9d9-ddb5-4fa4-a97d-d965ccfc6d4b" outcome="Passed" testListId="8c84fa94-04c1-424b-9868-57a2d4851a1d" relativeResultsDirectory="0e5e66ce-10c9-4e80-aff2-71aac4a35790" />
    <UnitTestResult executionId="38587df8-1581-4910-9a50-23ab14473909" testId="83c103a0-1912-584a-eb90-fa56228bb5b9" testName="DesktopGuides.Core.Tests.ReaderLocationCodecTests.RoundTripsEachFormat(original: ReaderLocation { Format = Pdf, SchemaVersion = 1, ContentSha256 = aaaaaaaaaaaaaaaaaaaaaaaaaaaaaaaaaaaaaaaaaaaaaaaaaaaaaaaaaaaaaaaa, Payload = PdfPosition { PageIndex = 8, PageFraction = 0.37 }, EstimatedFraction = 0.37 }, htmlDocument: null)" computerName="runnervm1vfjv" duration="00:00:00.0003044" startTime="2026-09-25T08:55:59.4736944-07:00" endTime="2026-09-25T08:55:59.4737490-07:00" testType="13cdc9d9-ddb5-4fa4-a97d-d965ccfc6d4b" outcome="Passed" testListId="8c84fa94-04c1-424b-9868-57a2d4851a1d" relativeResultsDirectory="38587df8-1581-4910-9a50-23ab14473909" />
    <UnitTestResult executionId="576b704d-afca-4c26-814c-3ab6d3c0469e" testId="e214083d-9062-e92f-3551-3ad869a924b3" testName="DesktopGuides.Core.Tests.TextGuideDocumentTests.ChoosesTheNearestRepeatedContextAfterContentChanges" computerName="runnervm1vfjv" duration="00:00:00.0161025" startTime="2026-09-25T08:55:59.4069075-07:00" endTime="2026-09-25T08:55:59.4340708-07:00" testType="13cdc9d9-ddb5-4fa4-a97d-d965ccfc6d4b" outcome="Passed" testListId="8c84fa94-04c1-424b-9868-57a2d4851a1d" relativeResultsDirectory="576b704d-afca-4c26-814c-3ab6d3c0469e" />
    <UnitTestResult executionId="8a20a853-4dd1-4004-a92f-a9c5325e34e3" testId="b1142c99-8964-6e66-748c-081fbdb81b6a" testName="DesktopGuides.Core.Tests.ManagedRelativePathTests.AllowsNormalizedRelativePaths(path: &quot;images/\ud83d\uddfa️.png&quot;)" computerName="runnervm1vfjv" duration="00:00:00.0004040" startTime="2026-09-25T08:55:59.4721457-07:00" endTime="2026-09-25T08:55:59.4721958-07:00" testType="13cdc9d9-ddb5-4fa4-a97d-d965ccfc6d4b" outcome="Passed" testListId="8c84fa94-04c1-424b-9868-57a2d4851a1d" relativeResultsDirectory="8a20a853-4dd1-4004-a92f-a9c5325e34e3" />
    <UnitTestResult executionId="0baa4262-5399-4508-b975-5e15ec7b08d7" testId="bbf5840a-1b02-cfd6-ad7d-00cb3c8e28a8" testName="DesktopGuides.Core.Tests.ManagedRelativePathTests.RejectsEscapesAndAmbiguousWindowsNames(path: &quot;styles/%5csecret.css&quot;)" computerName="runnervm1vfjv" duration="00:00:00.0000118" startTime="2026-09-25T08:55:59.4698354-07:00" endTime="2026-09-25T08:55:59.4698920-07:00" testType="13cdc9d9-ddb5-4fa4-a97d-d965ccfc6d4b" outcome="Passed" testListId="8c84fa94-04c1-424b-9868-57a2d4851a1d" relativeResultsDirectory="0baa4262-5399-4508-b975-5e15ec7b08d7" />
    <UnitTestResult executionId="dfe1a91d-bc52-40dd-91e6-e2307d0e7aa1" testId="f9ea783f-3477-0506-a8f3-d01a2190f1bf" testName="DesktopGuides.Core.Tests.HtmlAssetPolicyTests.AllowsOnlyManifestAssetsWithinTheSelectedGuideRoot" computerName="runnervm1vfjv" duration="00:00:00.0043309" startTime="2026-09-25T08:55:59.5142161-07:00" endTime="2026-09-25T08:55:59.5179001-07:00" testType="13cdc9d9-ddb5-4fa4-a97d-d965ccfc6d4b" outcome="Passed" testListId="8c84fa94-04c1-424b-9868-57a2d4851a1d" relativeResultsDirectory="dfe1a91d-bc52-40dd-91e6-e2307d0e7aa1" />
    <UnitTestResult executionId="c6f5bb17-2688-4415-94b6-632d80f11a11" testId="392bf07e-b020-b179-83d4-f351c2891a24" testName="DesktopGuides.Core.Tests.ReaderLocationCodecTests.RejectsInvalidPageAndOversizedQuote" computerName="runnervm1vfjv" duration="00:00:00.0004876" startTime="2026-09-25T08:55:59.4744922-07:00" endTime="2026-09-25T08:55:59.4746003-07:00" testType="13cdc9d9-ddb5-4fa4-a97d-d965ccfc6d4b" outcome="Passed" testListId="8c84fa94-04c1-424b-9868-57a2d4851a1d" relativeResultsDirectory="c6f5bb17-2688-4415-94b6-632d80f11a11" />
    <UnitTestResult executionId="de3f6563-087e-4b0b-9dd5-c672900eac4c" testId="32e77880-0ee3-f638-1cea-013c9b4e37e2" testName="DesktopGuides.Core.Tests.ReaderLocationCodecTests.ChangedPdfKeepsPageAsApproximateFallbackWithoutEstimate" computerName="runnervm1vfjv" duration="00:00:00.0007732" startTime="2026-09-25T08:55:59.4742290-07:00" endTime="2026-09-25T08:55:59.4742761-07:00" testType="13cdc9d9-ddb5-4fa4-a97d-d965ccfc6d4b" outcome="Passed" testListId="8c84fa94-04c1-424b-9868-57a2d4851a1d" relativeResultsDirectory="de3f6563-087e-4b0b-9dd5-c672900eac4c" />
    <UnitTestResult executionId="98ef8aa3-6df4-4c7a-b0d2-831d5652edec" testId="0ec02c55-3516-8a2b-971a-b5a1c9666dbb" testName="DesktopGuides.Core.Tests.ReaderLocationCodecTests.RejectsMalformedOrIncompleteJson(json: &quot;{}&quot;)" computerName="runnervm1vfjv" duration="00:00:00.0002000" startTime="2026-09-25T08:55:59.4440395-07:00" endTime="2026-09-25T08:55:59.4441046-07:00" testType="13cdc9d9-ddb5-4fa4-a97d-d965ccfc6d4b" outcome="Passed" testListId="8c84fa94-04c1-424b-9868-57a2d4851a1d" relativeResultsDirectory="98ef8aa3-6df4-4c7a-b0d2-831d5652edec" />
    <UnitTestResult executionId="aba5af6b-28fd-4744-9176-a1ae050f0b3e" testId="973825c8-3e8f-82ce-d465-e9b44b88d1d0" testName="DesktopGuides.Core.Tests.ManagedRelativePathTests.RejectsEscapesAndAmbiguousWindowsNames(path: &quot;styles//main.css&quot;)" computerName="runnervm1vfjv" duration="00:00:00.0000079" startTime="2026-09-25T08:55:59.4691638-07:00" endTime="2026-09-25T08:55:59.4692863-07:00" testType="13cdc9d9-ddb5-4fa4-a97d-d965ccfc6d4b" outcome="Passed" testListId="8c84fa94-04c1-424b-9868-57a2d4851a1d" relativeResultsDirectory="aba5af6b-28fd-4744-9176-a1ae050f0b3e" />
    <UnitTestResult executionId="9d5048ab-2503-4830-a6cf-024186b2a622" testId="07c7de27-26de-a9f7-9ab2-361772f15d1e" testName="DesktopGuides.Core.Tests.HtmlAssetPolicyTests.RejectsRequestsOutsideTheReadOnlyAssetScope(method: &quot;GET&quot;, url: &quot;https://guide.invalid/../outside.html&quot;)" computerName="runnervm1vfjv" duration="00:00:00.0077724" startTime="2026-09-25T08:55:59.4757628-07:00" endTime="2026-09-25T08:55:59.4796940-07:00" testType="13cdc9d9-ddb5-4fa4-a97d-d965ccfc6d4b" outcome="Passed" testListId="8c84fa94-04c1-424b-9868-57a2d4851a1d" relativeResultsDirectory="9d5048ab-2503-4830-a6cf-024186b2a622" />
    <UnitTestResult executionId="e661351f-4837-41cb-923f-e117a1552880" testId="9664020a-1c18-7b2e-ab55-1e85c22bf279" testName="DesktopGuides.Core.Tests.HtmlAssetPolicyTests.RejectsAnAssetChangedAfterManifestVerification" computerName="runnervm1vfjv" duration="00:00:00.0050016" startTime="2026-09-25T08:55:59.5085726-07:00" endTime="2026-09-25T08:55:59.5134966-07:00" testType="13cdc9d9-ddb5-4fa4-a97d-d965ccfc6d4b" outcome="Passed" testListId="8c84fa94-04c1-424b-9868-57a2d4851a1d" relativeResultsDirectory="e661351f-4837-41cb-923f-e117a1552880" />
    <UnitTestResult executionId="89cdb775-3837-46e6-8c22-14defbed2935" testId="2c3a769b-5867-fa9a-d2e1-089792eabeef" testName="DesktopGuides.Core.Tests.ReaderLocationCodecTests.RejectsWrongFormatAndAnotherGuideDocument" computerName="runnervm1vfjv" duration="00:00:00.0158443" startTime="2026-09-25T08:55:59.4052746-07:00" endTime="2026-09-25T08:55:59.4301684-07:00" testType="13cdc9d9-ddb5-4fa4-a97d-d965ccfc6d4b" outcome="Passed" testListId="8c84fa94-04c1-424b-9868-57a2d4851a1d" relativeResultsDirectory="89cdb775-3837-46e6-8c22-14defbed2935" />
    <UnitTestResult executionId="7e77a347-be29-4159-9409-41dbf851841e" testId="948b08ce-754e-d418-b141-c65fd8ac3ef2" testName="DesktopGuides.Core.Tests.ReaderContractTests.DispatchesTypedCommandsOnlyToCapableReader" computerName="runnervm1vfjv" duration="00:00:00.0037749" startTime="2026-09-25T08:55:59.4766471-07:00" endTime="2026-09-25T08:55:59.4805605-07:00" testType="13cdc9d9-ddb5-4fa4-a97d-d965ccfc6d4b" outcome="Passed" testListId="8c84fa94-04c1-424b-9868-57a2d4851a1d" relativeResultsDirectory="7e77a347-be29-4159-9409-41dbf851841e" />
    <UnitTestResult executionId="1f62bc79-6149-484a-973a-2717faa1ec34" testId="af1b606f-e528-a99c-b813-f91ca3953702" testName="DesktopGuides.Core.Tests.TextGuideDocumentTests.DecodesSelectedCp437WithoutChangingAsciiLayout" computerName="runnervm1vfjv" duration="00:00:00.0025378" startTime="2026-09-25T08:55:59.4438161-07:00" endTime="2026-09-25T08:55:59.4444577-07:00" testType="13cdc9d9-ddb5-4fa4-a97d-d965ccfc6d4b" outcome="Passed" testListId="8c84fa94-04c1-424b-9868-57a2d4851a1d" relativeResultsDirectory="1f62bc79-6149-484a-973a-2717faa1ec34" />
    <UnitTestResult executionId="41644457-b794-4b0a-9b56-3cd71672a4b9" testId="38524e42-a035-5c1a-a5de-83319b7e745e" testName="DesktopGuides.Core.Tests.ManagedRelativePathTests.RejectsEscapesAndAmbiguousWindowsNames(path: &quot;styles/trailing.&quot;)" computerName="runnervm1vfjv" duration="00:00:00.0000128" startTime="2026-09-25T08:55:59.4690032-07:00" endTime="2026-09-25T08:55:59.4690577-07:00" testType="13cdc9d9-ddb5-4fa4-a97d-d965ccfc6d4b" outcome="Passed" testListId="8c84fa94-04c1-424b-9868-57a2d4851a1d" relativeResultsDirectory="41644457-b794-4b0a-9b56-3cd71672a4b9" />
    <UnitTestResult executionId="165cf6d8-598c-48f5-b8a4-9c6f2bb685af" testId="355a0214-5e1c-a62f-aa47-3153b5b8f8ad" testName="DesktopGuides.Core.Tests.HtmlAssetPolicyTests.RejectsRequestsOutsideTheReadOnlyAssetScope(method: &quot;GET&quot;, url: &quot;https://guide.invalid/guide.html?remote=true&quot;)" computerName="runnervm1vfjv" duration="00:00:00.0080849" startTime="2026-09-25T08:55:59.4978881-07:00" endTime="2026-09-25T08:55:59.5026787-07:00" testType="13cdc9d9-ddb5-4fa4-a97d-d965ccfc6d4b" outcome="Passed" testListId="8c84fa94-04c1-424b-9868-57a2d4851a1d" relativeResultsDirectory="165cf6d8-598c-48f5-b8a4-9c6f2bb685af" />
    <UnitTestResult executionId="24360be7-00b5-4b39-9f25-1c5bf7f29407" testId="291ae1df-c249-3ed3-bd0b-6fcec2027026" testName="DesktopGuides.Core.Tests.ManagedRelativePathTests.AllowsNormalizedRelativePaths(path: &quot;styles/main guide.css&quot;)" computerName="runnervm1vfjv" duration="00:00:00.0001632" startTime="2026-09-25T08:55:59.4717387-07:00" endTime="2026-09-25T08:55:59.4718888-07:00" testType="13cdc9d9-ddb5-4fa4-a97d-d965ccfc6d4b" outcome="Passed" testListId="8c84fa94-04c1-424b-9868-57a2d4851a1d" relativeResultsDirectory="24360be7-00b5-4b39-9f25-1c5bf7f29407" />
    <UnitTestResult executionId="b60100ef-19df-4e86-99fb-2e79870aa585" testId="b4ea6296-97ee-79d3-707f-71ce31e710b6" testName="DesktopGuides.Core.Tests.HtmlAssetPolicyTests.RejectsAnAssetReachedThroughADirectoryLink" computerName="runnervm1vfjv" duration="00:00:00.0061505" startTime="2026-09-25T08:55:59.5180685-07:00" endTime="2026-09-25T08:55:59.5241019-07:00" testType="13cdc9d9-ddb5-4fa4-a97d-d965ccfc6d4b" outcome="Passed" testListId="8c84fa94-04c1-424b-9868-57a2d4851a1d" relativeResultsDirectory="b60100ef-19df-4e86-99fb-2e79870aa585" />
    <UnitTestResult executionId="4a9d2533-00fb-4af1-8e8f-ffcb6d92af28" testId="e7213df8-d8d5-e3d2-6dd1-26ccf6d5681c" testName="DesktopGuides.Core.Tests.ManagedRelativePathTests.RejectsUnpairedSurrogate" computerName="runnervm1vfjv" duration="00:00:00.0002485" startTime="2026-09-25T08:55:59.4731053-07:00" endTime="2026-09-25T08:55:59.4732791-07:00" testType="13cdc9d9-ddb5-4fa4-a97d-d965ccfc6d4b" outcome="Passed" testListId="8c84fa94-04c1-424b-9868-57a2d4851a1d" relativeResultsDirectory="4a9d2533-00fb-4af1-8e8f-ffcb6d92af28" />
    <UnitTestResult executionId="d4866b78-f9ce-436e-8f65-7c2f5807ed37" testId="83c103a0-1912-584a-eb90-fa56228bb5b9" testName="DesktopGuides.Core.Tests.ReaderLocationCodecTests.RoundTripsEachFormat(original: ReaderLocation { Format = Html, SchemaVersion = 1, ContentSha256 = aaaaaaaaaaaaaaaaaaaaaaaaaaaaaaaaaaaaaaaaaaaaaaaaaaaaaaaaaaaaaaaa, Payload = HtmlPosition { DocumentPath = guide.html, ElementId = chapter-2, TextQuote = bridge, TextOffset = 12, ScrollFraction = 0.6 }, EstimatedFraction = 0.6 }, htmlDocument: &quot;guide.html&quot;)" computerName="runnervm1vfjv" duration="00:00:00.0006022" startTime="2026-09-25T08:55:59.4732130-07:00" endTime="2026-09-25T08:55:59.4736142-07:00" testType="13cdc9d9-ddb5-4fa4-a97d-d965ccfc6d4b" outcome="Passed" testListId="8c84fa94-04c1-424b-9868-57a2d4851a1d" relativeResultsDirectory="d4866b78-f9ce-436e-8f65-7c2f5807ed37" />
    <UnitTestResult executionId="d28c34fe-4624-48c0-a91b-8877bf843aec" testId="d9d5a7ef-c627-a2c5-a023-7fbe2c220e22" testName="DesktopGuides.Core.Tests.TextGuideDocumentTests.IndexesLogicalLinesByNormalizedCharacterOffset" computerName="runnervm1vfjv" duration="00:00:00.0103943" startTime="2026-09-25T08:55:59.4430200-07:00" endTime="2026-09-25T08:55:59.4431448-07:00" testType="13cdc9d9-ddb5-4fa4-a97d-d965ccfc6d4b" outcome="Passed" testListId="8c84fa94-04c1-424b-9868-57a2d4851a1d" relativeResultsDirectory="d28c34fe-4624-48c0-a91b-8877bf843aec" />
    <UnitTestResult executionId="78796f9b-20ce-4551-a56b-41172ba12934" testId="f69b579d-7f9d-1c10-a0fe-5c36b24b1c10" testName="DesktopGuides.Core.Tests.ManagedRelativePathTests.RejectsEscapesAndAmbiguousWindowsNames(path: &quot;styles\\main.css&quot;)" computerName="runnervm1vfjv" duration="00:00:00.0000067" startTime="2026-09-25T08:55:59.4704861-07:00" endTime="2026-09-25T08:55:59.4705343-07:00" testType="13cdc9d9-ddb5-4fa4-a97d-d965ccfc6d4b" outcome="Passed" testListId="8c84fa94-04c1-424b-9868-57a2d4851a1d" relativeResultsDirectory="78796f9b-20ce-4551-a56b-41172ba12934" />
    <UnitTestResult executionId="61f7075e-ef9c-4d8d-93d3-98f5e00f78d2" testId="2220fce6-a2c9-f342-77f6-2d561e754f34" testName="DesktopGuides.Core.Tests.ManagedRelativePathTests.RejectsEscapesAndAmbiguousWindowsNames(path: &quot;C:/Windows/win.ini&quot;)" computerName="runnervm1vfjv" duration="00:00:00.0000094" startTime="2026-09-25T08:55:59.4686827-07:00" endTime="2026-09-25T08:55:59.4687356-07:00" testType="13cdc9d9-ddb5-4fa4-a97d-d965ccfc6d4b" outcome="Passed" testListId="8c84fa94-04c1-424b-9868-57a2d4851a1d" relativeResultsDirectory="61f7075e-ef9c-4d8d-93d3-98f5e00f78d2" />
    <UnitTestResult executionId="84466854-11c8-4d76-b713-9ade9b8d3ecc" testId="65f2a884-7aaf-d6cf-a9a9-1fde173b9c0a" testName="DesktopGuides.Core.Tests.TextGuideDocumentTests.FindsNearbyContextAfterContentChanges" computerName="runnervm1vfjv" duration="00:00:00.0004015" startTime="2026-09-25T08:55:59.4647106-07:00" endTime="2026-09-25T08:55:59.4648152-07:00" testType="13cdc9d9-ddb5-4fa4-a97d-d965ccfc6d4b" outcome="Passed" testListId="8c84fa94-04c1-424b-9868-57a2d4851a1d" relativeResultsDirectory="84466854-11c8-4d76-b713-9ade9b8d3ecc" />
    <UnitTestResult executionId="934868e1-de28-4173-b900-e4c86c61fe77" testId="e1f50f58-8062-72b9-cc9c-19db3a378266" testName="DesktopGuides.Core.Tests.HtmlAssetPolicyTests.RejectsRequestsOutsideTheReadOnlyAssetScope(method: &quot;GET&quot;, url: &quot;https://guide.invalid/%2e%2e/outside.html&quot;)" computerName="runnervm1vfjv" duration="00:00:00.0057976" startTime="2026-09-25T08:55:59.5028221-07:00" endTime="2026-09-25T08:55:59.5084016-07:00" testType="13cdc9d9-ddb5-4fa4-a97d-d965ccfc6d4b" outcome="Passed" testListId="8c84fa94-04c1-424b-9868-57a2d4851a1d" relativeResultsDirectory="934868e1-de28-4173-b900-e4c86c61fe77" />
    <UnitTestResult executionId="4573930b-26f1-486b-aed2-6be89d4fc8bd" testId="f5392f73-b8a1-6650-c8e1-f83347d441eb" testName="DesktopGuides.Core.Tests.ManagedRelativePathTests.RejectsEscapesAndAmbiguousWindowsNames(path: &quot;//server/share.txt&quot;)" computerName="runnervm1vfjv" duration="00:00:00.0003156" startTime="2026-09-25T08:55:59.4672824-07:00" endTime="2026-09-25T08:55:59.4673465-07:00" testType="13cdc9d9-ddb5-4fa4-a97d-d965ccfc6d4b" outcome="Passed" testListId="8c84fa94-04c1-424b-9868-57a2d4851a1d" relativeResultsDirectory="4573930b-26f1-486b-aed2-6be89d4fc8bd" />
    <UnitTestResult executionId="49fd9762-f983-480f-9507-05c7887fe3dd" testId="28e86855-d814-9f1e-0494-bcb896bacec3" testName="DesktopGuides.Core.Tests.TextGuideDocumentTests.RestoresExactOffsetForUnchangedContent" computerName="runnervm1vfjv" duration="00:00:00.0002050" startTime="2026-09-25T08:55:59.4654587-07:00" endTime="2026-09-25T08:55:59.4655099-07:00" testType="13cdc9d9-ddb5-4fa4-a97d-d965ccfc6d4b" outcome="Passed" testListId="8c84fa94-04c1-424b-9868-57a2d4851a1d" relativeResultsDirectory="49fd9762-f983-480f-9507-05c7887fe3dd" />
    <UnitTestResult executionId="b9fcf024-8497-4801-8607-734600d72edf" testId="dd22a2e5-9769-89bd-cbc6-621d276d372c" testName="DesktopGuides.Core.Tests.FixtureCatalogTests.RejectsFixturePathOutsideTheRoot" computerName="runnervm1vfjv" duration="00:00:00.0026840" startTime="2026-09-25T08:55:59.5083127-07:00" endTime="2026-09-25T08:55:59.5107102-07:00" testType="13cdc9d9-ddb5-4fa4-a97d-d965ccfc6d4b" outcome="Passed" testListId="8c84fa94-04c1-424b-9868-57a2d4851a1d" relativeResultsDirectory="b9fcf024-8497-4801-8607-734600d72edf" />
    <UnitTestResult executionId="fd9f8920-d09d-4a6c-a514-72631d3d342e" testId="21d9f702-a60d-39ec-cfae-6ad62400c1a6" testName="DesktopGuides.Core.Tests.TextGuideDocumentTests.InvalidUtf8RequiresAnExplicitEncoding" computerName="runnervm1vfjv" duration="00:00:00.0013233" startTime="2026-09-25T08:55:59.4650707-07:00" endTime="2026-09-25T08:55:59.4651793-07:00" testType="13cdc9d9-ddb5-4fa4-a97d-d965ccfc6d4b" outcome="Passed" testListId="8c84fa94-04c1-424b-9868-57a2d4851a1d" relativeResultsDirectory="fd9f8920-d09d-4a6c-a514-72631d3d342e" />
    <UnitTestResult executionId="02877783-a06c-4e97-9c59-5bbc7881cdf2" testId="afaebaff-4092-b82e-7bdd-5dcc8d2370e5" testName="DesktopGuides.Core.Tests.HtmlAssetPolicyTests.RejectsRequestsOutsideTheReadOnlyAssetScope(method: &quot;GET&quot;, url: &quot;https://guide.invalid:444/guide.html&quot;)" computerName="runnervm1vfjv" duration="00:00:00.0041044" startTime="2026-09-25T08:55:59.4918021-07:00" endTime="2026-09-25T08:55:59.4977273-07:00" testType="13cdc9d9-ddb5-4fa4-a97d-d965ccfc6d4b" outcome="Passed" testListId="8c84fa94-04c1-424b-9868-57a2d4851a1d" relativeResultsDirectory="02877783-a06c-4e97-9c59-5bbc7881cdf2" />
    <UnitTestResult executionId="292c4275-c901-4c83-9212-0e232740a687" testId="5e5f018a-cb57-be3d-3cc2-bdc405783398" testName="DesktopGuides.Core.Tests.ReaderContractTests.CommandVisibilityComesFromCapabilities" computerName="runnervm1vfjv" duration="00:00:00.0008197" startTime="2026-09-25T08:55:59.4807305-07:00" endTime="2026-09-25T08:55:59.4815252-07:00" testType="13cdc9d9-ddb5-4fa4-a97d-d965ccfc6d4b" outcome="Passed" testListId="8c84fa94-04c1-424b-9868-57a2d4851a1d" relativeResultsDirectory="292c4275-c901-4c83-9212-0e232740a687" />
    <UnitTestResult executionId="c4abcd97-22e1-44c0-ba97-1952d12bb3d0" testId="b379ae71-cd7e-938c-1eef-2d9c4001c9be" testName="DesktopGuides.Core.Tests.FixtureCatalogTests.RejectsContentWhoseHashDoesNotMatchTheManifest" computerName="runnervm1vfjv" duration="00:00:00.0027198" startTime="2026-09-25T08:55:59.5056073-07:00" endTime="2026-09-25T08:55:59.5080496-07:00" testType="13cdc9d9-ddb5-4fa4-a97d-d965ccfc6d4b" outcome="Passed" testListId="8c84fa94-04c1-424b-9868-57a2d4851a1d" relativeResultsDirectory="c4abcd97-22e1-44c0-ba97-1952d12bb3d0" />
    <UnitTestResult executionId="85007635-e83b-4f4f-90b7-59297f65d916" testId="15c346bb-c657-9d05-a4a9-d83b4cd01667" testName="DesktopGuides.Core.Tests.ManagedRelativePathTests.RejectsEscapesAndAmbiguousWindowsNames(path: &quot;styles/NUL .txt&quot;)" computerName="runnervm1vfjv" duration="00:00:00.0000093" startTime="2026-09-25T08:55:59.4684880-07:00" endTime="2026-09-25T08:55:59.4685539-07:00" testType="13cdc9d9-ddb5-4fa4-a97d-d965ccfc6d4b" outcome="Passed" testListId="8c84fa94-04c1-424b-9868-57a2d4851a1d" relativeResultsDirectory="85007635-e83b-4f4f-90b7-59297f65d916" />
    <UnitTestResult executionId="56c7f1b0-6dc5-448b-8e09-1437d5bc0ab0" testId="b3c1ae06-1324-2e21-f300-26010a4f7c93" testName="DesktopGuides.Core.Tests.ReaderLocationCodecTests.RejectsNumericFormatNamesAndDuplicateFields" computerName="runnervm1vfjv" duration="00:00:00.0002942" startTime="2026-09-25T08:55:59.4752112-07:00" endTime="2026-09-25T08:55:59.4752577-07:00" testType="13cdc9d9-ddb5-4fa4-a97d-d965ccfc6d4b" outcome="Passed" testListId="8c84fa94-04c1-424b-9868-57a2d4851a1d" relativeResultsDirectory="56c7f1b0-6dc5-448b-8e09-1437d5bc0ab0" />
    <UnitTestResult executionId="24828965-51f5-428f-abde-d5906d3eddde" testId="4315476c-740b-513a-8997-1b3a0c533ae3" testName="DesktopGuides.Core.Tests.ManagedRelativePathTests.AllowsNormalizedRelativePaths(path: &quot;guide.html&quot;)" computerName="runnervm1vfjv" duration="00:00:00.0001057" startTime="2026-09-25T08:55:59.4714707-07:00" endTime="2026-09-25T08:55:59.4715673-07:00" testType="13cdc9d9-ddb5-4fa4-a97d-d965ccfc6d4b" outcome="Passed" testListId="8c84fa94-04c1-424b-9868-57a2d4851a1d" relativeResultsDirectory="24828965-51f5-428f-abde-d5906d3eddde" />
    <UnitTestResult executionId="c1d5c333-fbb9-4d20-8049-f787a1d609e3" testId="ef0108d9-9be6-a5f1-6cd0-5fbb16b1c6ed" testName="DesktopGuides.Core.Tests.ManagedRelativePathTests.AllowsNormalizedRelativePaths(path: &quot;images/map.v2.png&quot;)" computerName="runnervm1vfjv" duration="00:00:00.0000078" startTime="2026-09-25T08:55:59.4720058-07:00" endTime="2026-09-25T08:55:59.4720516-07:00" testType="13cdc9d9-ddb5-4fa4-a97d-d965ccfc6d4b" outcome="Passed" testListId="8c84fa94-04c1-424b-9868-57a2d4851a1d" relativeResultsDirectory="c1d5c333-fbb9-4d20-8049-f787a1d609e3" />
    <UnitTestResult executionId="822cdc78-e79e-4aa8-9333-d5418dd31bbd" testId="e17cd9fd-2512-a9dc-35b4-376e2e4cb330" testName="DesktopGuides.Core.Tests.ManagedRelativePathTests.RejectsEscapesAndAmbiguousWindowsNames(path: &quot;/absolute.txt&quot;)" computerName="runnervm1vfjv" duration="00:00:00.0000065" startTime="2026-09-25T08:55:59.4712831-07:00" endTime="2026-09-25T08:55:59.4713379-07:00" testType="13cdc9d9-ddb5-4fa4-a97d-d965ccfc6d4b" outcome="Passed" testListId="8c84fa94-04c1-424b-9868-57a2d4851a1d" relativeResultsDirectory="822cdc78-e79e-4aa8-9333-d5418dd31bbd" />
    <UnitTestResult executionId="30efc329-f808-48b4-ba3a-dcdcb7b95945" testId="0a3ebbcc-3074-fdad-a691-281c6b0f5482" testName="DesktopGuides.Core.Tests.TextGuideDocumentTests.DecodesBomAndNormalizesNewlinesWithoutChangingWhitespace" computerName="runnervm1vfjv" duration="00:00:00.0003958" startTime="2026-09-25T08:55:59.4640405-07:00" endTime="2026-09-25T08:55:59.4644064-07:00" testType="13cdc9d9-ddb5-4fa4-a97d-d965ccfc6d4b" outcome="Passed" testListId="8c84fa94-04c1-424b-9868-57a2d4851a1d" relativeResultsDirectory="30efc329-f808-48b4-ba3a-dcdcb7b95945" />
    <UnitTestResult executionId="b5b00640-acb4-4b52-bf63-76e7f0e9a495" testId="b47b4c1d-9920-7e22-aba4-f44acc04ae92" testName="DesktopGuides.Core.Tests.HtmlAssetPolicyTests.RejectsRequestsOutsideTheReadOnlyAssetScope(method: &quot;GET&quot;, url: &quot;http://guide.invalid/guide.html&quot;)" computerName="runnervm1vfjv" duration="00:00:00.0078120" startTime="2026-09-25T08:55:59.4756123-07:00" endTime="2026-09-25T08:55:59.4756728-07:00" testType="13cdc9d9-ddb5-4fa4-a97d-d965ccfc6d4b" outcome="Passed" testListId="8c84fa94-04c1-424b-9868-57a2d4851a1d" relativeResultsDirectory="b5b00640-acb4-4b52-bf63-76e7f0e9a495" />
    <UnitTestResult executionId="519e63b9-a216-4e76-b5eb-eae7b276e9aa" testId="d74e39f2-0dc4-e973-e98e-f98c68304f3b" testName="DesktopGuides.Core.Tests.ManagedRelativePathTests.RejectsEscapesAndAmbiguousWindowsNames(path: &quot;styles/LPT².txt&quot;)" computerName="runnervm1vfjv" duration="00:00:00.0000226" startTime="2026-09-25T08:55:59.4706784-07:00" endTime="2026-09-25T08:55:59.4707982-07:00" testType="13cdc9d9-ddb5-4fa4-a97d-d965ccfc6d4b" outcome="Passed" testListId="8c84fa94-04c1-424b-9868-57a2d4851a1d" relativeResultsDirectory="519e63b9-a216-4e76-b5eb-eae7b276e9aa" />
    <UnitTestResult executionId="fc6d3e93-c209-4476-a8fc-cc83a8748322" testId="4d45225f-6340-93fa-c1fe-205ce7dbcd19" testName="DesktopGuides.Core.Tests.ReaderLocationCodecTests.UnknownLocatorVersionsAreUnavailable(version: 2)" computerName="runnervm1vfjv" duration="00:00:00.0009648" startTime="2026-09-25T08:55:59.4738844-07:00" endTime="2026-09-25T08:55:59.4739444-07:00" testType="13cdc9d9-ddb5-4fa4-a97d-d965ccfc6d4b" outcome="Passed" testListId="8c84fa94-04c1-424b-9868-57a2d4851a1d" relativeResultsDirectory="fc6d3e93-c209-4476-a8fc-cc83a8748322" />
    <UnitTestResult executionId="835b760c-3175-4006-b411-a9bc81aa409a" testId="cbb0aed3-cab9-f324-2e2d-ce07993c4660" testName="DesktopGuides.Core.Tests.ManagedRelativePathTests.RejectsEscapesAndAmbiguousWindowsNames(path: &quot;styles/../secret.txt&quot;)" computerName="runnervm1vfjv" duration="00:00:00.0000230" startTime="2026-09-25T08:55:59.4676475-07:00" endTime="2026-09-25T08:55:59.4677097-07:00" testType="13cdc9d9-ddb5-4fa4-a97d-d965ccfc6d4b" outcome="Passed" testListId="8c84fa94-04c1-424b-9868-57a2d4851a1d" relativeResultsDirectory="835b760c-3175-4006-b411-a9bc81aa409a" />
    <UnitTestResult executionId="b8d1fcd2-dcd6-456e-9441-002876ea392d" testId="5148b27a-ff51-5241-c0d8-eccb742088f7" testName="DesktopGuides.Core.Tests.HtmlAssetPolicyTests.RejectsRequestsOutsideTheReadOnlyAssetScope(method: &quot;GET&quot;, url: &quot;https://elsewhere.invalid/guide.html&quot;)" computerName="runnervm1vfjv" duration="00:00:00.0078165" startTime="2026-09-25T08:55:59.4754566-07:00" endTime="2026-09-25T08:55:59.4755087-07:00" testType="13cdc9d9-ddb5-4fa4-a97d-d965ccfc6d4b" outcome="Passed" testListId="8c84fa94-04c1-424b-9868-57a2d4851a1d" relativeResultsDirectory="b8d1fcd2-dcd6-456e-9441-002876ea392d" />
    <UnitTestResult executionId="9e69d79e-8f81-4f12-82f5-d9c1c12c5268" testId="5632d11a-8dbe-b81f-09d4-d5540281d07e" testName="DesktopGuides.Core.Tests.ManagedRelativePathTests.RejectsEscapesAndAmbiguousWindowsNames(path: &quot;&quot;)" computerName="runnervm1vfjv" duration="00:00:00.0000068" startTime="2026-09-25T08:55:59.4696945-07:00" endTime="2026-09-25T08:55:59.4697477-07:00" testType="13cdc9d9-ddb5-4fa4-a97d-d965ccfc6d4b" outcome="Passed" testListId="8c84fa94-04c1-424b-9868-57a2d4851a1d" relativeResultsDirectory="9e69d79e-8f81-4f12-82f5-d9c1c12c5268" />
    <UnitTestResult executionId="78b86547-7354-4b22-b95c-e1e7f13fcbba" testId="169d84f6-46e9-96c1-07d0-4723c1ad8e03" testName="DesktopGuides.Core.Tests.ManagedRelativePathTests.RejectsEscapesAndAmbiguousWindowsNames(path: &quot;styles/COM¹.txt&quot;)" computerName="runnervm1vfjv" duration="00:00:00.0000090" startTime="2026-09-25T08:55:59.4709616-07:00" endTime="2026-09-25T08:55:59.4710136-07:00" testType="13cdc9d9-ddb5-4fa4-a97d-d965ccfc6d4b" outcome="Passed" testListId="8c84fa94-04c1-424b-9868-57a2d4851a1d" relativeResultsDirectory="78b86547-7354-4b22-b95c-e1e7f13fcbba" />
    <UnitTestResult executionId="f96c344b-d371-4a6b-90e1-44fe98ef507c" testId="83c103a0-1912-584a-eb90-fa56228bb5b9" testName="DesktopGuides.Core.Tests.ReaderLocationCodecTests.RoundTripsEachFormat(original: ReaderLocation { Format = Txt, SchemaVersion = 1, ContentSha256 = aaaaaaaaaaaaaaaaaaaaaaaaaaaaaaaaaaaaaaaaaaaaaaaaaaaaaaaaaaaaaaaa, Payload = TextPosition { CharacterOffset = 204, Context = checkpoint }, EstimatedFraction = 0.25 }, htmlDocument: null)" computerName="runnervm1vfjv" duration="00:00:00.0006684" startTime="2026-09-25T08:55:59.4718230-07:00" endTime="2026-09-25T08:55:59.4731552-07:00" testType="13cdc9d9-ddb5-4fa4-a97d-d965ccfc6d4b" outcome="Passed" testListId="8c84fa94-04c1-424b-9868-57a2d4851a1d" relativeResultsDirectory="f96c344b-d371-4a6b-90e1-44fe98ef507c" />
    <UnitTestResult executionId="26430868-7004-45f2-8a19-a0fe829054e3" testId="c78e4709-5751-678b-529b-575b04bc6c92" testName="DesktopGuides.Core.Tests.ReaderLocationCodecTests.RejectsMalformedOrIncompleteJson(json: &quot;{\&quot;format\&quot;:\&quot;Pdf\&quot;,\&quot;schemaVersion\&quot;:1,\&quot;contentS&quot;···)" computerName="runnervm1vfjv" duration="00:00:00.0002688" startTime="2026-09-25T08:55:59.4442118-07:00" endTime="2026-09-25T08:55:59.4442681-07:00" testType="13cdc9d9-ddb5-4fa4-a97d-d965ccfc6d4b" outcome="Passed" testListId="8c84fa94-04c1-424b-9868-57a2d4851a1d" relativeResultsDirectory="26430868-7004-45f2-8a19-a0fe829054e3" />
    <UnitTestResult executionId="7b6aa93d-9eca-4d95-bccf-3a21c83cb561" testId="cec6b4c7-fa26-4898-a672-7386be54c7a0" testName="DesktopGuides.Core.Tests.ReaderContractTests.CapabilityChangesRefreshAvailableCommands" computerName="runnervm1vfjv" duration="00:00:00.0247676" startTime="2026-09-25T08:55:59.4735568-07:00" endTime="2026-09-25T08:55:59.4763698-07:00" testType="13cdc9d9-ddb5-4fa4-a97d-d965ccfc6d4b" outcome="Passed" testListId="8c84fa94-04c1-424b-9868-57a2d4851a1d" relativeResultsDirectory="7b6aa93d-9eca-4d95-bccf-3a21c83cb561" />
    <UnitTestResult executionId="040c5934-d45b-43b3-ab9d-1ab657d68a67" testId="4cdf9d0f-ed08-f80e-4cfe-c6136aea9563" testName="DesktopGuides.Core.Tests.ReaderLocationCodecTests.UnknownLocatorVersionsAreUnavailable(version: 0)" computerName="runnervm1vfjv" duration="00:00:00.0002761" startTime="2026-09-25T08:55:59.4740422-07:00" endTime="2026-09-25T08:55:59.4740899-07:00" testType="13cdc9d9-ddb5-4fa4-a97d-d965ccfc6d4b" outcome="Passed" testListId="8c84fa94-04c1-424b-9868-57a2d4851a1d" relativeResultsDirectory="040c5934-d45b-43b3-ab9d-1ab657d68a67" />
    <UnitTestResult executionId="250ad791-0f2c-4882-8342-32bb7f4e2d4a" testId="18b1b528-f844-0d22-24bc-f384cf75c891" testName="DesktopGuides.Core.Tests.ManagedRelativePathTests.RejectsEscapesAndAmbiguousWindowsNames(path: &quot;styles/%2fsecret.css&quot;)" computerName="runnervm1vfjv" duration="00:00:00.0002012" startTime="2026-09-25T08:55:59.4674657-07:00" endTime="2026-09-25T08:55:59.4675166-07:00" testType="13cdc9d9-ddb5-4fa4-a97d-d965ccfc6d4b" outcome="Passed" testListId="8c84fa94-04c1-424b-9868-57a2d4851a1d" relativeResultsDirectory="250ad791-0f2c-4882-8342-32bb7f4e2d4a" />
    <UnitTestResult executionId="c1a926d0-3275-4264-bf04-f5636cb2696f" testId="663a2d05-e464-acf4-5956-5e397f967b63" testName="DesktopGuides.Core.Tests.ManagedRelativePathTests.RejectsEscapesAndAmbiguousWindowsNames(path: &quot;styles/COM0.txt&quot;)" computerName="runnervm1vfjv" duration="00:00:00.0000079" startTime="2026-09-25T08:55:59.4711201-07:00" endTime="2026-09-25T08:55:59.4711923-07:00" testType="13cdc9d9-ddb5-4fa4-a97d-d965ccfc6d4b" outcome="Passed" testListId="8c84fa94-04c1-424b-9868-57a2d4851a1d" relativeResultsDirectory="c1a926d0-3275-4264-bf04-f5636cb2696f" />
    <UnitTestResult executionId="3ce0cf49-33ad-4881-a521-f7433bb00f21" testId="88654ed1-7ac6-2123-05e5-eee1bfb6d1a0" testName="DesktopGuides.Core.Tests.ManagedRelativePathTests.RejectsEscapesAndAmbiguousWindowsNames(path: &quot;styles/./main.css&quot;)" computerName="runnervm1vfjv" duration="00:00:00.0000089" startTime="2026-09-25T08:55:59.4693888-07:00" endTime="2026-09-25T08:55:59.4694544-07:00" testType="13cdc9d9-ddb5-4fa4-a97d-d965ccfc6d4b" outcome="Passed" testListId="8c84fa94-04c1-424b-9868-57a2d4851a1d" relativeResultsDirectory="3ce0cf49-33ad-4881-a521-f7433bb00f21" />
    <UnitTestResult executionId="606c5aef-9454-43d9-b219-1a814a760d0c" testId="5d8fde1a-f3ef-3bf2-6577-9775eeb6e8e7" testName="DesktopGuides.Core.Tests.HtmlAssetPolicyTests.RejectsRequestsOutsideTheReadOnlyAssetScope(method: &quot;POST&quot;, url: &quot;https://guide.invalid/guide.html&quot;)" computerName="runnervm1vfjv" duration="00:00:00.0038927" startTime="2026-09-25T08:55:59.4882515-07:00" endTime="2026-09-25T08:55:59.4916580-07:00" testType="13cdc9d9-ddb5-4fa4-a97d-d965ccfc6d4b" outcome="Passed" testListId="8c84fa94-04c1-424b-9868-57a2d4851a1d" relativeResultsDirectory="606c5aef-9454-43d9-b219-1a814a760d0c" />
    <UnitTestResult executionId="3651dc87-ed9d-4e18-b1d0-172be99de0aa" testId="fd7d4188-aefc-2c44-f063-fa3c69b46d85" testName="DesktopGuides.Core.Tests.ReaderLocationCodecTests.ChangedContentRetainsContextAndApproximateFallback" computerName="runnervm1vfjv" duration="00:00:00.0118370" startTime="2026-09-25T08:55:59.4429912-07:00" endTime="2026-09-25T08:55:59.4438854-07:00" testType="13cdc9d9-ddb5-4fa4-a97d-d965ccfc6d4b" outcome="Passed" testListId="8c84fa94-04c1-424b-9868-57a2d4851a1d" relativeResultsDirectory="3651dc87-ed9d-4e18-b1d0-172be99de0aa" />
    <UnitTestResult executionId="4c7019b5-6243-4640-92d8-73060116457c" testId="0e37eb74-ac8e-e25d-6a1b-ae85a029e0d9" testName="DesktopGuides.Core.Tests.ManagedRelativePathTests.RejectsEscapesAndAmbiguousWindowsNames(path: &quot;styles/CON.txt&quot;)" computerName="runnervm1vfjv" duration="00:00:00.0000106" startTime="2026-09-25T08:55:59.4688247-07:00" endTime="2026-09-25T08:55:59.4689046-07:00" testType="13cdc9d9-ddb5-4fa4-a97d-d965ccfc6d4b" outcome="Passed" testListId="8c84fa94-04c1-424b-9868-57a2d4851a1d" relativeResultsDirectory="4c7019b5-6243-4640-92d8-73060116457c" />
    <UnitTestResult executionId="025a71d4-de31-47dc-b998-7c751599c36d" testId="5306eca0-b7b2-215e-3500-dc744dc0a606" testName="DesktopGuides.Core.Tests.TextGuideDocumentTests.FallsBackToFractionWhenContextCannotBeFound" computerName="runnervm1vfjv" duration="00:00:00.0003025" startTime="2026-09-25T08:55:59.4436145-07:00" endTime="2026-09-25T08:55:59.4436806-07:00" testType="13cdc9d9-ddb5-4fa4-a97d-d965ccfc6d4b" outcome="Passed" testListId="8c84fa94-04c1-424b-9868-57a2d4851a1d" relativeResultsDirectory="025a71d4-de31-47dc-b998-7c751599c36d" />
    <UnitTestResult executionId="2cdcef69-f735-4725-a95f-d29721c25662" testId="4bcd14ab-da5e-27fa-1113-d81275401668" testName="DesktopGuides.Core.Tests.ReaderLocationCodecTests.RejectsMalformedOrIncompleteJson(json: &quot;{&quot;)" computerName="runnervm1vfjv" duration="00:00:00.0013618" startTime="2026-09-25T08:55:59.4443974-07:00" endTime="2026-09-25T08:55:59.4641343-07:00" testType="13cdc9d9-ddb5-4fa4-a97d-d965ccfc6d4b" outcome="Passed" testListId="8c84fa94-04c1-424b-9868-57a2d4851a1d" relativeResultsDirectory="2cdcef69-f735-4725-a95f-d29721c25662" />
  </Results>
  <TestDefinitions>
    <UnitTest name="DesktopGuides.Core.Tests.HtmlAssetPolicyTests.RejectsRequestsOutsideTheReadOnlyAssetScope(method: &quot;GET&quot;, url: &quot;https://guide.invalid/guide.html?remote=true&quot;)" storage="c:\a\desktop-guides\desktop-guides\tests\desktopguides.core.tests\bin\release\net10.0\desktopguides.core.tests.dll" id="355a0214-5e1c-a62f-aa47-3153b5b8f8ad">
      <Execution id="165cf6d8-598c-48f5-b8a4-9c6f2bb685af" />
      <TestMethod codeBase="C:\a\desktop-guides\desktop-guides\tests\DesktopGuides.Core.Tests\bin\Release\net10.0\DesktopGuides.Core.Tests.dll" adapterTypeName="executor://xunit/VsTestRunner3/netcore/" className="DesktopGuides.Core.Tests.HtmlAssetPolicyTests" name="RejectsRequestsOutsideTheReadOnlyAssetScope" />
    </UnitTest>
    <UnitTest name="DesktopGuides.Core.Tests.ReaderLocationCodecTests.ChangedPdfKeepsPageAsApproximateFallbackWithoutEstimate" storage="c:\a\desktop-guides\desktop-guides\tests\desktopguides.core.tests\bin\release\net10.0\desktopguides.core.tests.dll" id="32e77880-0ee3-f638-1cea-013c9b4e37e2">
      <Execution id="de3f6563-087e-4b0b-9dd5-c672900eac4c" />
      <TestMethod codeBase="C:\a\desktop-guides\desktop-guides\tests\DesktopGuides.Core.Tests\bin\Release\net10.0\DesktopGuides.Core.Tests.dll" adapterTypeName="executor://xunit/VsTestRunner3/netcore/" className="DesktopGuides.Core.Tests.ReaderLocationCodecTests" name="ChangedPdfKeepsPageAsApproximateFallbackWithoutEstimate" />
    </UnitTest>
    <UnitTest name="DesktopGuides.Core.Tests.ManagedRelativePathTests.RejectsEscapesAndAmbiguousWindowsNames(path: &quot;styles//main.css&quot;)" storage="c:\a\desktop-guides\desktop-guides\tests\desktopguides.core.tests\bin\release\net10.0\desktopguides.core.tests.dll" id="973825c8-3e8f-82ce-d465-e9b44b88d1d0">
      <Execution id="aba5af6b-28fd-4744-9176-a1ae050f0b3e" />
      <TestMethod codeBase="C:\a\desktop-guides\desktop-guides\tests\DesktopGuides.Core.Tests\bin\Release\net10.0\DesktopGuides.Core.Tests.dll" adapterTypeName="executor://xunit/VsTestRunner3/netcore/" className="DesktopGuides.Core.Tests.ManagedRelativePathTests" name="RejectsEscapesAndAmbiguousWindowsNames" />
    </UnitTest>
    <UnitTest name="DesktopGuides.Core.Tests.ReaderContractTests.CommandVisibilityComesFromCapabilities" storage="c:\a\desktop-guides\desktop-guides\tests\desktopguides.core.tests\bin\release\net10.0\desktopguides.core.tests.dll" id="5e5f018a-cb57-be3d-3cc2-bdc405783398">
      <Execution id="292c4275-c901-4c83-9212-0e232740a687" />
      <TestMethod codeBase="C:\a\desktop-guides\desktop-guides\tests\DesktopGuides.Core.Tests\bin\Release\net10.0\DesktopGuides.Core.Tests.dll" adapterTypeName="executor://xunit/VsTestRunner3/netcore/" className="DesktopGuides.Core.Tests.ReaderContractTests" name="CommandVisibilityComesFromCapabilities" />
    </UnitTest>
    <UnitTest name="DesktopGuides.Core.Tests.ReaderLocationCodecTests.RejectsMalformedOrIncompleteJson(json: &quot;{\&quot;format\&quot;:\&quot;Pdf\&quot;,\&quot;schemaVersion\&quot;:1,\&quot;contentS&quot;···)" storage="c:\a\desktop-guides\desktop-guides\tests\desktopguides.core.tests\bin\release\net10.0\desktopguides.core.tests.dll" id="c78e4709-5751-678b-529b-575b04bc6c92">
      <Execution id="26430868-7004-45f2-8a19-a0fe829054e3" />
      <TestMethod codeBase="C:\a\desktop-guides\desktop-guides\tests\DesktopGuides.Core.Tests\bin\Release\net10.0\DesktopGuides.Core.Tests.dll" adapterTypeName="executor://xunit/VsTestRunner3/netcore/" className="DesktopGuides.Core.Tests.ReaderLocationCodecTests" name="RejectsMalformedOrIncompleteJson" />
    </UnitTest>
    <UnitTest name="DesktopGuides.Core.Tests.ManagedRelativePathTests.AllowsNormalizedRelativePaths(path: &quot;styles/main guide.css&quot;)" storage="c:\a\desktop-guides\desktop-guides\tests\desktopguides.core.tests\bin\release\net10.0\desktopguides.core.tests.dll" id="291ae1df-c249-3ed3-bd0b-6fcec2027026">
      <Execution id="24360be7-00b5-4b39-9f25-1c5bf7f29407" />
      <TestMethod codeBase="C:\a\desktop-guides\desktop-guides\tests\DesktopGuides.Core.Tests\bin\Release\net10.0\DesktopGuides.Core.Tests.dll" adapterTypeName="executor://xunit/VsTestRunner3/netcore/" className="DesktopGuides.Core.Tests.ManagedRelativePathTests" name="AllowsNormalizedRelativePaths" />
    </UnitTest>
    <UnitTest name="DesktopGuides.Core.Tests.TextGuideDocumentTests.DecodesSelectedCp437WithoutChangingAsciiLayout" storage="c:\a\desktop-guides\desktop-guides\tests\desktopguides.core.tests\bin\release\net10.0\desktopguides.core.tests.dll" id="af1b606f-e528-a99c-b813-f91ca3953702">
      <Execution id="1f62bc79-6149-484a-973a-2717faa1ec34" />
      <TestMethod codeBase="C:\a\desktop-guides\desktop-guides\tests\DesktopGuides.Core.Tests\bin\Release\net10.0\DesktopGuides.Core.Tests.dll" adapterTypeName="executor://xunit/VsTestRunner3/netcore/" className="DesktopGuides.Core.Tests.TextGuideDocumentTests" name="DecodesSelectedCp437WithoutChangingAsciiLayout" />
    </UnitTest>
    <UnitTest name="DesktopGuides.Core.Tests.HtmlAssetPolicyTests.RejectsRequestsOutsideTheReadOnlyAssetScope(method: &quot;GET&quot;, url: &quot;https://guide.invalid/../outside.html&quot;)" storage="c:\a\desktop-guides\desktop-guides\tests\desktopguides.core.tests\bin\release\net10.0\desktopguides.core.tests.dll" id="07c7de27-26de-a9f7-9ab2-361772f15d1e">
      <Execution id="9d5048ab-2503-4830-a6cf-024186b2a622" />
      <TestMethod codeBase="C:\a\desktop-guides\desktop-guides\tests\DesktopGuides.Core.Tests\bin\Release\net10.0\DesktopGuides.Core.Tests.dll" adapterTypeName="executor://xunit/VsTestRunner3/netcore/" className="DesktopGuides.Core.Tests.HtmlAssetPolicyTests" name="RejectsRequestsOutsideTheReadOnlyAssetScope" />
    </UnitTest>
    <UnitTest name="DesktopGuides.Core.Tests.FixtureCatalogTests.RejectsContentWhoseHashDoesNotMatchTheManifest" storage="c:\a\desktop-guides\desktop-guides\tests\desktopguides.core.tests\bin\release\net10.0\desktopguides.core.tests.dll" id="b379ae71-cd7e-938c-1eef-2d9c4001c9be">
      <Execution id="c4abcd97-22e1-44c0-ba97-1952d12bb3d0" />
      <TestMethod codeBase="C:\a\desktop-guides\desktop-guides\tests\DesktopGuides.Core.Tests\bin\Release\net10.0\DesktopGuides.Core.Tests.dll" adapterTypeName="executor://xunit/VsTestRunner3/netcore/" className="DesktopGuides.Core.Tests.FixtureCatalogTests" name="RejectsContentWhoseHashDoesNotMatchTheManifest" />
    </UnitTest>
    <UnitTest name="DesktopGuides.Core.Tests.HtmlAssetPolicyTests.RejectsRequestsOutsideTheReadOnlyAssetScope(method: &quot;GET&quot;, url: &quot;http://guide.invalid/guide.html&quot;)" storage="c:\a\desktop-guides\desktop-guides\tests\desktopguides.core.tests\bin\release\net10.0\desktopguides.core.tests.dll" id="b47b4c1d-9920-7e22-aba4-f44acc04ae92">
      <Execution id="b5b00640-acb4-4b52-bf63-76e7f0e9a495" />
      <TestMethod codeBase="C:\a\desktop-guides\desktop-guides\tests\DesktopGuides.Core.Tests\bin\Release\net10.0\DesktopGuides.Core.Tests.dll" adapterTypeName="executor://xunit/VsTestRunner3/netcore/" className="DesktopGuides.Core.Tests.HtmlAssetPolicyTests" name="RejectsRequestsOutsideTheReadOnlyAssetScope" />
    </UnitTest>
    <UnitTest name="DesktopGuides.Core.Tests.ManagedRelativePathTests.AllowsNormalizedRelativePaths(path: &quot;images/map.v2.png&quot;)" storage="c:\a\desktop-guides\desktop-guides\tests\desktopguides.core.tests\bin\release\net10.0\desktopguides.core.tests.dll" id="ef0108d9-9be6-a5f1-6cd0-5fbb16b1c6ed">
      <Execution id="c1d5c333-fbb9-4d20-8049-f787a1d609e3" />
      <TestMethod codeBase="C:\a\desktop-guides\desktop-guides\tests\DesktopGuides.Core.Tests\bin\Release\net10.0\DesktopGuides.Core.Tests.dll" adapterTypeName="executor://xunit/VsTestRunner3/netcore/" className="DesktopGuides.Core.Tests.ManagedRelativePathTests" name="AllowsNormalizedRelativePaths" />
    </UnitTest>
    <UnitTest name="DesktopGuides.Core.Tests.TextGuideDocumentTests.FindsNearbyContextAfterContentChanges" storage="c:\a\desktop-guides\desktop-guides\tests\desktopguides.core.tests\bin\release\net10.0\desktopguides.core.tests.dll" id="65f2a884-7aaf-d6cf-a9a9-1fde173b9c0a">
      <Execution id="84466854-11c8-4d76-b713-9ade9b8d3ecc" />
      <TestMethod codeBase="C:\a\desktop-guides\desktop-guides\tests\DesktopGuides.Core.Tests\bin\Release\net10.0\DesktopGuides.Core.Tests.dll" adapterTypeName="executor://xunit/VsTestRunner3/netcore/" className="DesktopGuides.Core.Tests.TextGuideDocumentTests" name="FindsNearbyContextAfterContentChanges" />
    </UnitTest>
    <UnitTest name="DesktopGuides.Core.Tests.FixtureCatalogTests.RejectsAFixtureThatLinksOutsideTheManifestRoot" storage="c:\a\desktop-guides\desktop-guides\tests\desktopguides.core.tests\bin\release\net10.0\desktopguides.core.tests.dll" id="3bafceda-bee2-0698-1edb-0944b01bc21c">
      <Execution id="da4d4a33-30d7-4633-9694-0d494c10f0ef" />
      <TestMethod codeBase="C:\a\desktop-guides\desktop-guides\tests\DesktopGuides.Core.Tests\bin\Release\net10.0\DesktopGuides.Core.Tests.dll" adapterTypeName="executor://xunit/VsTestRunner3/netcore/" className="DesktopGuides.Core.Tests.FixtureCatalogTests" name="RejectsAFixtureThatLinksOutsideTheManifestRoot" />
    </UnitTest>
    <UnitTest name="DesktopGuides.Core.Tests.ManagedRelativePathTests.RejectsEscapesAndAmbiguousWindowsNames(path: &quot;styles/CON.txt&quot;)" storage="c:\a\desktop-guides\desktop-guides\tests\desktopguides.core.tests\bin\release\net10.0\desktopguides.core.tests.dll" id="0e37eb74-ac8e-e25d-6a1b-ae85a029e0d9">
      <Execution id="4c7019b5-6243-4640-92d8-73060116457c" />
      <TestMethod codeBase="C:\a\desktop-guides\desktop-guides\tests\DesktopGuides.Core.Tests\bin\Release\net10.0\DesktopGuides.Core.Tests.dll" adapterTypeName="executor://xunit/VsTestRunner3/netcore/" className="DesktopGuides.Core.Tests.ManagedRelativePathTests" name="RejectsEscapesAndAmbiguousWindowsNames" />
    </UnitTest>
    <UnitTest name="DesktopGuides.Core.Tests.TextGuideDocumentTests.IndexesLogicalLinesByNormalizedCharacterOffset" storage="c:\a\desktop-guides\desktop-guides\tests\desktopguides.core.tests\bin\release\net10.0\desktopguides.core.tests.dll" id="d9d5a7ef-c627-a2c5-a023-7fbe2c220e22">
      <Execution id="d28c34fe-4624-48c0-a91b-8877bf843aec" />
      <TestMethod codeBase="C:\a\desktop-guides\desktop-guides\tests\DesktopGuides.Core.Tests\bin\Release\net10.0\DesktopGuides.Core.Tests.dll" adapterTypeName="executor://xunit/VsTestRunner3/netcore/" className="DesktopGuides.Core.Tests.TextGuideDocumentTests" name="IndexesLogicalLinesByNormalizedCharacterOffset" />
    </UnitTest>
    <UnitTest name="DesktopGuides.Core.Tests.ReaderLocationCodecTests.RejectsNumericFormatNamesAndDuplicateFields" storage="c:\a\desktop-guides\desktop-guides\tests\desktopguides.core.tests\bin\release\net10.0\desktopguides.core.tests.dll" id="b3c1ae06-1324-2e21-f300-26010a4f7c93">
      <Execution id="56c7f1b0-6dc5-448b-8e09-1437d5bc0ab0" />
      <TestMethod codeBase="C:\a\desktop-guides\desktop-guides\tests\DesktopGuides.Core.Tests\bin\Release\net10.0\DesktopGuides.Core.Tests.dll" adapterTypeName="executor://xunit/VsTestRunner3/netcore/" className="DesktopGuides.Core.Tests.ReaderLocationCodecTests" name="RejectsNumericFormatNamesAndDuplicateFields" />
    </UnitTest>
    <UnitTest name="DesktopGuides.Core.Tests.ManagedRelativePathTests.RejectsEscapesAndAmbiguousWindowsNames(path: &quot;styles/COM0.txt&quot;)" storage="c:\a\desktop-guides\desktop-guides\tests\desktopguides.core.tests\bin\release\net10.0\desktopguides.core.tests.dll" id="663a2d05-e464-acf4-5956-5e397f967b63">
      <Execution id="c1a926d0-3275-4264-bf04-f5636cb2696f" />
      <TestMethod codeBase="C:\a\desktop-guides\desktop-guides\tests\DesktopGuides.Core.Tests\bin\Release\net10.0\DesktopGuides.Core.Tests.dll" adapterTypeName="executor://xunit/VsTestRunner3/netcore/" className="DesktopGuides.Core.Tests.ManagedRelativePathTests" name="RejectsEscapesAndAmbiguousWindowsNames" />
    </UnitTest>
    <UnitTest name="DesktopGuides.Core.Tests.ManagedRelativePathTests.RejectsEscapesAndAmbiguousWindowsNames(path: &quot;/absolute.txt&quot;)" storage="c:\a\desktop-guides\desktop-guides\tests\desktopguides.core.tests\bin\release\net10.0\desktopguides.core.tests.dll" id="e17cd9fd-2512-a9dc-35b4-376e2e4cb330">
      <Execution id="822cdc78-e79e-4aa8-9333-d5418dd31bbd" />
      <TestMethod codeBase="C:\a\desktop-guides\desktop-guides\tests\DesktopGuides.Core.Tests\bin\Release\net10.0\DesktopGuides.Core.Tests.dll" adapterTypeName="executor://xunit/VsTestRunner3/netcore/" className="DesktopGuides.Core.Tests.ManagedRelativePathTests" name="RejectsEscapesAndAmbiguousWindowsNames" />
    </UnitTest>
    <UnitTest name="DesktopGuides.Core.Tests.ManagedRelativePathTests.AllowsNormalizedRelativePaths(path: &quot;images/\ud83d\uddfa️.png&quot;)" storage="c:\a\desktop-guides\desktop-guides\tests\desktopguides.core.tests\bin\release\net10.0\desktopguides.core.tests.dll" id="b1142c99-8964-6e66-748c-081fbdb81b6a">
      <Execution id="8a20a853-4dd1-4004-a92f-a9c5325e34e3" />
      <TestMethod codeBase="C:\a\desktop-guides\desktop-guides\tests\DesktopGuides.Core.Tests\bin\Release\net10.0\DesktopGuides.Core.Tests.dll" adapterTypeName="executor://xunit/VsTestRunner3/netcore/" className="DesktopGuides.Core.Tests.ManagedRelativePathTests" name="AllowsNormalizedRelativePaths" />
    </UnitTest>
    <UnitTest name="DesktopGuides.Core.Tests.ReaderContractTests.DispatchesTypedCommandsOnlyToCapableReader" storage="c:\a\desktop-guides\desktop-guides\tests\desktopguides.core.tests\bin\release\net10.0\desktopguides.core.tests.dll" id="948b08ce-754e-d418-b141-c65fd8ac3ef2">
      <Execution id="7e77a347-be29-4159-9409-41dbf851841e" />
      <TestMethod codeBase="C:\a\desktop-guides\desktop-guides\tests\DesktopGuides.Core.Tests\bin\Release\net10.0\DesktopGuides.Core.Tests.dll" adapterTypeName="executor://xunit/VsTestRunner3/netcore/" className="DesktopGuides.Core.Tests.ReaderContractTests" name="DispatchesTypedCommandsOnlyToCapableReader" />
    </UnitTest>
    <UnitTest name="DesktopGuides.Core.Tests.ReaderLocationCodecTests.RejectsMalformedOrIncompleteJson(json: &quot;{&quot;)" storage="c:\a\desktop-guides\desktop-guides\tests\desktopguides.core.tests\bin\release\net10.0\desktopguides.core.tests.dll" id="4bcd14ab-da5e-27fa-1113-d81275401668">
      <Execution id="2cdcef69-f735-4725-a95f-d29721c25662" />
      <TestMethod codeBase="C:\a\desktop-guides\desktop-guides\tests\DesktopGuides.Core.Tests\bin\Release\net10.0\DesktopGuides.Core.Tests.dll" adapterTypeName="executor://xunit/VsTestRunner3/netcore/" className="DesktopGuides.Core.Tests.ReaderLocationCodecTests" name="RejectsMalformedOrIncompleteJson" />
    </UnitTest>
    <UnitTest name="DesktopGuides.Core.Tests.ManagedRelativePathTests.RejectsEscapesAndAmbiguousWindowsNames(path: &quot;//server/share.txt&quot;)" storage="c:\a\desktop-guides\desktop-guides\tests\desktopguides.core.tests\bin\release\net10.0\desktopguides.core.tests.dll" id="f5392f73-b8a1-6650-c8e1-f83347d441eb">
      <Execution id="4573930b-26f1-486b-aed2-6be89d4fc8bd" />
      <TestMethod codeBase="C:\a\desktop-guides\desktop-guides\tests\DesktopGuides.Core.Tests\bin\Release\net10.0\DesktopGuides.Core.Tests.dll" adapterTypeName="executor://xunit/VsTestRunner3/netcore/" className="DesktopGuides.Core.Tests.ManagedRelativePathTests" name="RejectsEscapesAndAmbiguousWindowsNames" />
    </UnitTest>
    <UnitTest name="DesktopGuides.Core.Tests.HtmlAssetPolicyTests.RejectsAnAssetReachedThroughADirectoryLink" storage="c:\a\desktop-guides\desktop-guides\tests\desktopguides.core.tests\bin\release\net10.0\desktopguides.core.tests.dll" id="b4ea6296-97ee-79d3-707f-71ce31e710b6">
      <Execution id="b60100ef-19df-4e86-99fb-2e79870aa585" />
      <TestMethod codeBase="C:\a\desktop-guides\desktop-guides\tests\DesktopGuides.Core.Tests\bin\Release\net10.0\DesktopGuides.Core.Tests.dll" adapterTypeName="executor://xunit/VsTestRunner3/netcore/" className="DesktopGuides.Core.Tests.HtmlAssetPolicyTests" name="RejectsAnAssetReachedThroughADirectoryLink" />
    </UnitTest>
    <UnitTest name="DesktopGuides.Core.Tests.HtmlAssetPolicyTests.RejectsRequestsOutsideTheReadOnlyAssetScope(method: &quot;GET&quot;, url: &quot;https://guide.invalid/%2e%2e/outside.html&quot;)" storage="c:\a\desktop-guides\desktop-guides\tests\desktopguides.core.tests\bin\release\net10.0\desktopguides.core.tests.dll" id="e1f50f58-8062-72b9-cc9c-19db3a378266">
      <Execution id="934868e1-de28-4173-b900-e4c86c61fe77" />
      <TestMethod codeBase="C:\a\desktop-guides\desktop-guides\tests\DesktopGuides.Core.Tests\bin\Release\net10.0\DesktopGuides.Core.Tests.dll" adapterTypeName="executor://xunit/VsTestRunner3/netcore/" className="DesktopGuides.Core.Tests.HtmlAssetPolicyTests" name="RejectsRequestsOutsideTheReadOnlyAssetScope" />
    </UnitTest>
    <UnitTest name="DesktopGuides.Core.Tests.ManagedRelativePathTests.RejectsEscapesAndAmbiguousWindowsNames(path: &quot;styles/LPT².txt&quot;)" storage="c:\a\desktop-guides\desktop-guides\tests\desktopguides.core.tests\bin\release\net10.0\desktopguides.core.tests.dll" id="d74e39f2-0dc4-e973-e98e-f98c68304f3b">
      <Execution id="519e63b9-a216-4e76-b5eb-eae7b276e9aa" />
      <TestMethod codeBase="C:\a\desktop-guides\desktop-guides\tests\DesktopGuides.Core.Tests\bin\Release\net10.0\DesktopGuides.Core.Tests.dll" adapterTypeName="executor://xunit/VsTestRunner3/netcore/" className="DesktopGuides.Core.Tests.ManagedRelativePathTests" name="RejectsEscapesAndAmbiguousWindowsNames" />
    </UnitTest>
    <UnitTest name="DesktopGuides.Core.Tests.ManagedRelativePathTests.RejectsEscapesAndAmbiguousWindowsNames(path: &quot;styles/COM¹.txt&quot;)" storage="c:\a\desktop-guides\desktop-guides\tests\desktopguides.core.tests\bin\release\net10.0\desktopguides.core.tests.dll" id="169d84f6-46e9-96c1-07d0-4723c1ad8e03">
      <Execution id="78b86547-7354-4b22-b95c-e1e7f13fcbba" />
      <TestMethod codeBase="C:\a\desktop-guides\desktop-guides\tests\DesktopGuides.Core.Tests\bin\Release\net10.0\DesktopGuides.Core.Tests.dll" adapterTypeName="executor://xunit/VsTestRunner3/netcore/" className="DesktopGuides.Core.Tests.ManagedRelativePathTests" name="RejectsEscapesAndAmbiguousWindowsNames" />
    </UnitTest>
    <UnitTest name="DesktopGuides.Core.Tests.ManagedRelativePathTests.RejectsEscapesAndAmbiguousWindowsNames(path: &quot;styles/./main.css&quot;)" storage="c:\a\desktop-guides\desktop-guides\tests\desktopguides.core.tests\bin\release\net10.0\desktopguides.core.tests.dll" id="88654ed1-7ac6-2123-05e5-eee1bfb6d1a0">
      <Execution id="3ce0cf49-33ad-4881-a521-f7433bb00f21" />
      <TestMethod codeBase="C:\a\desktop-guides\desktop-guides\tests\DesktopGuides.Core.Tests\bin\Release\net10.0\DesktopGuides.Core.Tests.dll" adapterTypeName="executor://xunit/VsTestRunner3/netcore/" className="DesktopGuides.Core.Tests.ManagedRelativePathTests" name="RejectsEscapesAndAmbiguousWindowsNames" />
    </UnitTest>
    <UnitTest name="DesktopGuides.Core.Tests.ReaderContractTests.CapabilityChangesRefreshAvailableCommands" storage="c:\a\desktop-guides\desktop-guides\tests\desktopguides.core.tests\bin\release\net10.0\desktopguides.core.tests.dll" id="cec6b4c7-fa26-4898-a672-7386be54c7a0">
      <Execution id="7b6aa93d-9eca-4d95-bccf-3a21c83cb561" />
      <TestMethod codeBase="C:\a\desktop-guides\desktop-guides\tests\DesktopGuides.Core.Tests\bin\Release\net10.0\DesktopGuides.Core.Tests.dll" adapterTypeName="executor://xunit/VsTestRunner3/netcore/" className="DesktopGuides.Core.Tests.ReaderContractTests" name="CapabilityChangesRefreshAvailableCommands" />
    </UnitTest>
    <UnitTest name="DesktopGuides.Core.Tests.ReaderLocationCodecTests.RejectsWrongFormatAndAnotherGuideDocument" storage="c:\a\desktop-guides\desktop-guides\tests\desktopguides.core.tests\bin\release\net10.0\desktopguides.core.tests.dll" id="2c3a769b-5867-fa9a-d2e1-089792eabeef">
      <Execution id="89cdb775-3837-46e6-8c22-14defbed2935" />
      <TestMethod codeBase="C:\a\desktop-guides\desktop-guides\tests\DesktopGuides.Core.Tests\bin\Release\net10.0\DesktopGuides.Core.Tests.dll" adapterTypeName="executor://xunit/VsTestRunner3/netcore/" className="DesktopGuides.Core.Tests.ReaderLocationCodecTests" name="RejectsWrongFormatAndAnotherGuideDocument" />
    </UnitTest>
    <UnitTest name="DesktopGuides.Core.Tests.ManagedRelativePathTests.RejectsEscapesAndAmbiguousWindowsNames(path: &quot;styles/../secret.txt&quot;)" storage="c:\a\desktop-guides\desktop-guides\tests\desktopguides.core.tests\bin\release\net10.0\desktopguides.core.tests.dll" id="cbb0aed3-cab9-f324-2e2d-ce07993c4660">
      <Execution id="835b760c-3175-4006-b411-a9bc81aa409a" />
      <TestMethod codeBase="C:\a\desktop-guides\desktop-guides\tests\DesktopGuides.Core.Tests\bin\Release\net10.0\DesktopGuides.Core.Tests.dll" adapterTypeName="executor://xunit/VsTestRunner3/netcore/" className="DesktopGuides.Core.Tests.ManagedRelativePathTests" name="RejectsEscapesAndAmbiguousWindowsNames" />
    </UnitTest>
    <UnitTest name="DesktopGuides.Core.Tests.HtmlAssetPolicyTests.RejectsRequestsOutsideTheReadOnlyAssetScope(method: &quot;GET&quot;, url: &quot;file:///C:/Windows/win.ini&quot;)" storage="c:\a\desktop-guides\desktop-guides\tests\desktopguides.core.tests\bin\release\net10.0\desktopguides.core.tests.dll" id="d23bb650-686f-e5f0-ba71-d178ef8f42e9">
      <Execution id="323b9c4f-b09f-40ce-b229-30a486fcfc14" />
      <TestMethod codeBase="C:\a\desktop-guides\desktop-guides\tests\DesktopGuides.Core.Tests\bin\Release\net10.0\DesktopGuides.Core.Tests.dll" adapterTypeName="executor://xunit/VsTestRunner3/netcore/" className="DesktopGuides.Core.Tests.HtmlAssetPolicyTests" name="RejectsRequestsOutsideTheReadOnlyAssetScope" />
    </UnitTest>
    <UnitTest name="DesktopGuides.Core.Tests.TextGuideDocumentTests.RestoresExactOffsetForUnchangedContent" storage="c:\a\desktop-guides\desktop-guides\tests\desktopguides.core.tests\bin\release\net10.0\desktopguides.core.tests.dll" id="28e86855-d814-9f1e-0494-bcb896bacec3">
      <Execution id="49fd9762-f983-480f-9507-05c7887fe3dd" />
      <TestMethod codeBase="C:\a\desktop-guides\desktop-guides\tests\DesktopGuides.Core.Tests\bin\Release\net10.0\DesktopGuides.Core.Tests.dll" adapterTypeName="executor://xunit/VsTestRunner3/netcore/" className="DesktopGuides.Core.Tests.TextGuideDocumentTests" name="RestoresExactOffsetForUnchangedContent" />
    </UnitTest>
    <UnitTest name="DesktopGuides.Core.Tests.ManagedRelativePathTests.RejectsEscapesAndAmbiguousWindowsNames(path: &quot;styles/trailing.&quot;)" storage="c:\a\desktop-guides\desktop-guides\tests\desktopguides.core.tests\bin\release\net10.0\desktopguides.core.tests.dll" id="38524e42-a035-5c1a-a5de-83319b7e745e">
      <Execution id="41644457-b794-4b0a-9b56-3cd71672a4b9" />
      <TestMethod codeBase="C:\a\desktop-guides\desktop-guides\tests\DesktopGuides.Core.Tests\bin\Release\net10.0\DesktopGuides.Core.Tests.dll" adapterTypeName="executor://xunit/VsTestRunner3/netcore/" className="DesktopGuides.Core.Tests.ManagedRelativePathTests" name="RejectsEscapesAndAmbiguousWindowsNames" />
    </UnitTest>
    <UnitTest name="DesktopGuides.Core.Tests.HtmlAssetPolicyTests.RejectsRequestsOutsideTheReadOnlyAssetScope(method: &quot;GET&quot;, url: &quot;https://elsewhere.invalid/guide.html&quot;)" storage="c:\a\desktop-guides\desktop-guides\tests\desktopguides.core.tests\bin\release\net10.0\desktopguides.core.tests.dll" id="5148b27a-ff51-5241-c0d8-eccb742088f7">
      <Execution id="b8d1fcd2-dcd6-456e-9441-002876ea392d" />
      <TestMethod codeBase="C:\a\desktop-guides\desktop-guides\tests\DesktopGuides.Core.Tests\bin\Release\net10.0\DesktopGuides.Core.Tests.dll" adapterTypeName="executor://xunit/VsTestRunner3/netcore/" className="DesktopGuides.Core.Tests.HtmlAssetPolicyTests" name="RejectsRequestsOutsideTheReadOnlyAssetScope" />
    </UnitTest>
    <UnitTest name="DesktopGuides.Core.Tests.HtmlAssetPolicyTests.RejectsAnAssetChangedAfterManifestVerification" storage="c:\a\desktop-guides\desktop-guides\tests\desktopguides.core.tests\bin\release\net10.0\desktopguides.core.tests.dll" id="9664020a-1c18-7b2e-ab55-1e85c22bf279">
      <Execution id="e661351f-4837-41cb-923f-e117a1552880" />
      <TestMethod codeBase="C:\a\desktop-guides\desktop-guides\tests\DesktopGuides.Core.Tests\bin\Release\net10.0\DesktopGuides.Core.Tests.dll" adapterTypeName="executor://xunit/VsTestRunner3/netcore/" className="DesktopGuides.Core.Tests.HtmlAssetPolicyTests" name="RejectsAnAssetChangedAfterManifestVerification" />
    </UnitTest>
    <UnitTest name="DesktopGuides.Core.Tests.ReaderLocationCodecTests.UnknownLocatorVersionsAreUnavailable(version: 0)" storage="c:\a\desktop-guides\desktop-guides\tests\desktopguides.core.tests\bin\release\net10.0\desktopguides.core.tests.dll" id="4cdf9d0f-ed08-f80e-4cfe-c6136aea9563">
      <Execution id="040c5934-d45b-43b3-ab9d-1ab657d68a67" />
      <TestMethod codeBase="C:\a\desktop-guides\desktop-guides\tests\DesktopGuides.Core.Tests\bin\Release\net10.0\DesktopGuides.Core.Tests.dll" adapterTypeName="executor://xunit/VsTestRunner3/netcore/" className="DesktopGuides.Core.Tests.ReaderLocationCodecTests" name="UnknownLocatorVersionsAreUnavailable" />
    </UnitTest>
    <UnitTest name="DesktopGuides.Core.Tests.ManagedRelativePathTests.AllowsNormalizedRelativePaths(path: &quot;guide.html&quot;)" storage="c:\a\desktop-guides\desktop-guides\tests\desktopguides.core.tests\bin\release\net10.0\desktopguides.core.tests.dll" id="4315476c-740b-513a-8997-1b3a0c533ae3">
      <Execution id="24828965-51f5-428f-abde-d5906d3eddde" />
      <TestMethod codeBase="C:\a\desktop-guides\desktop-guides\tests\DesktopGuides.Core.Tests\bin\Release\net10.0\DesktopGuides.Core.Tests.dll" adapterTypeName="executor://xunit/VsTestRunner3/netcore/" className="DesktopGuides.Core.Tests.ManagedRelativePathTests" name="AllowsNormalizedRelativePaths" />
    </UnitTest>
    <UnitTest name="DesktopGuides.Core.Tests.HtmlAssetPolicyTests.RejectsRequestsOutsideTheReadOnlyAssetScope(method: &quot;POST&quot;, url: &quot;https://guide.invalid/guide.html&quot;)" storage="c:\a\desktop-guides\desktop-guides\tests\desktopguides.core.tests\bin\release\net10.0\desktopguides.core.tests.dll" id="5d8fde1a-f3ef-3bf2-6577-9775eeb6e8e7">
      <Execution id="606c5aef-9454-43d9-b219-1a814a760d0c" />
      <TestMethod codeBase="C:\a\desktop-guides\desktop-guides\tests\DesktopGuides.Core.Tests\bin\Release\net10.0\DesktopGuides.Core.Tests.dll" adapterTypeName="executor://xunit/VsTestRunner3/netcore/" className="DesktopGuides.Core.Tests.HtmlAssetPolicyTests" name="RejectsRequestsOutsideTheReadOnlyAssetScope" />
    </UnitTest>
    <UnitTest name="DesktopGuides.Core.Tests.TextGuideDocumentTests.ChoosesTheNearestRepeatedContextAfterContentChanges" storage="c:\a\desktop-guides\desktop-guides\tests\desktopguides.core.tests\bin\release\net10.0\desktopguides.core.tests.dll" id="e214083d-9062-e92f-3551-3ad869a924b3">
      <Execution id="576b704d-afca-4c26-814c-3ab6d3c0469e" />
      <TestMethod codeBase="C:\a\desktop-guides\desktop-guides\tests\DesktopGuides.Core.Tests\bin\Release\net10.0\DesktopGuides.Core.Tests.dll" adapterTypeName="executor://xunit/VsTestRunner3/netcore/" className="DesktopGuides.Core.Tests.TextGuideDocumentTests" name="ChoosesTheNearestRepeatedContextAfterContentChanges" />
    </UnitTest>
    <UnitTest name="DesktopGuides.Core.Tests.TextGuideDocumentTests.FallsBackToFractionWhenContextCannotBeFound" storage="c:\a\desktop-guides\desktop-guides\tests\desktopguides.core.tests\bin\release\net10.0\desktopguides.core.tests.dll" id="5306eca0-b7b2-215e-3500-dc744dc0a606">
      <Execution id="025a71d4-de31-47dc-b998-7c751599c36d" />
      <TestMethod codeBase="C:\a\desktop-guides\desktop-guides\tests\DesktopGuides.Core.Tests\bin\Release\net10.0\DesktopGuides.Core.Tests.dll" adapterTypeName="executor://xunit/VsTestRunner3/netcore/" className="DesktopGuides.Core.Tests.TextGuideDocumentTests" name="FallsBackToFractionWhenContextCannotBeFound" />
    </UnitTest>
    <UnitTest name="DesktopGuides.Core.Tests.ManagedRelativePathTests.RejectsEscapesAndAmbiguousWindowsNames(path: &quot;styles/%5csecret.css&quot;)" storage="c:\a\desktop-guides\desktop-guides\tests\desktopguides.core.tests\bin\release\net10.0\desktopguides.core.tests.dll" id="bbf5840a-1b02-cfd6-ad7d-00cb3c8e28a8">
      <Execution id="0baa4262-5399-4508-b975-5e15ec7b08d7" />
      <TestMethod codeBase="C:\a\desktop-guides\desktop-guides\tests\DesktopGuides.Core.Tests\bin\Release\net10.0\DesktopGuides.Core.Tests.dll" adapterTypeName="executor://xunit/VsTestRunner3/netcore/" className="DesktopGuides.Core.Tests.ManagedRelativePathTests" name="RejectsEscapesAndAmbiguousWindowsNames" />
    </UnitTest>
    <UnitTest name="DesktopGuides.Core.Tests.FixtureCatalogTests.LoadsAndVerifiesAFixtureById" storage="c:\a\desktop-guides\desktop-guides\tests\desktopguides.core.tests\bin\release\net10.0\desktopguides.core.tests.dll" id="da1ce6eb-e7a0-554b-c1d8-4b184cfcf320">
      <Execution id="0e5e66ce-10c9-4e80-aff2-71aac4a35790" />
      <TestMethod codeBase="C:\a\desktop-guides\desktop-guides\tests\DesktopGuides.Core.Tests\bin\Release\net10.0\DesktopGuides.Core.Tests.dll" adapterTypeName="executor://xunit/VsTestRunner3/netcore/" className="DesktopGuides.Core.Tests.FixtureCatalogTests" name="LoadsAndVerifiesAFixtureById" />
    </UnitTest>
    <UnitTest name="DesktopGuides.Core.Tests.ReaderLocationCodecTests.RejectsMalformedOrIncompleteJson(json: &quot;{}&quot;)" storage="c:\a\desktop-guides\desktop-guides\tests\desktopguides.core.tests\bin\release\net10.0\desktopguides.core.tests.dll" id="0ec02c55-3516-8a2b-971a-b5a1c9666dbb">
      <Execution id="98ef8aa3-6df4-4c7a-b0d2-831d5652edec" />
      <TestMethod codeBase="C:\a\desktop-guides\desktop-guides\tests\DesktopGuides.Core.Tests\bin\Release\net10.0\DesktopGuides.Core.Tests.dll" adapterTypeName="executor://xunit/VsTestRunner3/netcore/" className="DesktopGuides.Core.Tests.ReaderLocationCodecTests" name="RejectsMalformedOrIncompleteJson" />
    </UnitTest>
    <UnitTest name="DesktopGuides.Core.Tests.ManagedRelativePathTests.RejectsEscapesAndAmbiguousWindowsNames(path: &quot;styles/%2fsecret.css&quot;)" storage="c:\a\desktop-guides\desktop-guides\tests\desktopguides.core.tests\bin\release\net10.0\desktopguides.core.tests.dll" id="18b1b528-f844-0d22-24bc-f384cf75c891">
      <Execution id="250ad791-0f2c-4882-8342-32bb7f4e2d4a" />
      <TestMethod codeBase="C:\a\desktop-guides\desktop-guides\tests\DesktopGuides.Core.Tests\bin\Release\net10.0\DesktopGuides.Core.Tests.dll" adapterTypeName="executor://xunit/VsTestRunner3/netcore/" className="DesktopGuides.Core.Tests.ManagedRelativePathTests" name="RejectsEscapesAndAmbiguousWindowsNames" />
    </UnitTest>
    <UnitTest name="DesktopGuides.Core.Tests.ReaderLocationCodecTests.UnknownLocatorVersionsAreUnavailable(version: 2)" storage="c:\a\desktop-guides\desktop-guides\tests\desktopguides.core.tests\bin\release\net10.0\desktopguides.core.tests.dll" id="4d45225f-6340-93fa-c1fe-205ce7dbcd19">
      <Execution id="fc6d3e93-c209-4476-a8fc-cc83a8748322" />
      <TestMethod codeBase="C:\a\desktop-guides\desktop-guides\tests\DesktopGuides.Core.Tests\bin\Release\net10.0\DesktopGuides.Core.Tests.dll" adapterTypeName="executor://xunit/VsTestRunner3/netcore/" className="DesktopGuides.Core.Tests.ReaderLocationCodecTests" name="UnknownLocatorVersionsAreUnavailable" />
    </UnitTest>
    <UnitTest name="DesktopGuides.Core.Tests.TextGuideDocumentTests.InvalidUtf8RequiresAnExplicitEncoding" storage="c:\a\desktop-guides\desktop-guides\tests\desktopguides.core.tests\bin\release\net10.0\desktopguides.core.tests.dll" id="21d9f702-a60d-39ec-cfae-6ad62400c1a6">
      <Execution id="fd9f8920-d09d-4a6c-a514-72631d3d342e" />
      <TestMethod codeBase="C:\a\desktop-guides\desktop-guides\tests\DesktopGuides.Core.Tests\bin\Release\net10.0\DesktopGuides.Core.Tests.dll" adapterTypeName="executor://xunit/VsTestRunner3/netcore/" className="DesktopGuides.Core.Tests.TextGuideDocumentTests" name="InvalidUtf8RequiresAnExplicitEncoding" />
    </UnitTest>
    <UnitTest name="DesktopGuides.Core.Tests.HtmlAssetPolicyTests.AllowsOnlyManifestAssetsWithinTheSelectedGuideRoot" storage="c:\a\desktop-guides\desktop-guides\tests\desktopguides.core.tests\bin\release\net10.0\desktopguides.core.tests.dll" id="f9ea783f-3477-0506-a8f3-d01a2190f1bf">
      <Execution id="dfe1a91d-bc52-40dd-91e6-e2307d0e7aa1" />
      <TestMethod codeBase="C:\a\desktop-guides\desktop-guides\tests\DesktopGuides.Core.Tests\bin\Release\net10.0\DesktopGuides.Core.Tests.dll" adapterTypeName="executor://xunit/VsTestRunner3/netcore/" className="DesktopGuides.Core.Tests.HtmlAssetPolicyTests" name="AllowsOnlyManifestAssetsWithinTheSelectedGuideRoot" />
    </UnitTest>
    <UnitTest name="DesktopGuides.Core.Tests.ManagedRelativePathTests.RejectsEscapesAndAmbiguousWindowsNames(path: &quot;&quot;)" storage="c:\a\desktop-guides\desktop-guides\tests\desktopguides.core.tests\bin\release\net10.0\desktopguides.core.tests.dll" id="5632d11a-8dbe-b81f-09d4-d5540281d07e">
      <Execution id="9e69d79e-8f81-4f12-82f5-d9c1c12c5268" />
      <TestMethod codeBase="C:\a\desktop-guides\desktop-guides\tests\DesktopGuides.Core.Tests\bin\Release\net10.0\DesktopGuides.Core.Tests.dll" adapterTypeName="executor://xunit/VsTestRunner3/netcore/" className="DesktopGuides.Core.Tests.ManagedRelativePathTests" name="RejectsEscapesAndAmbiguousWindowsNames" />
    </UnitTest>
    <UnitTest name="DesktopGuides.Core.Tests.ManagedRelativePathTests.RejectsEscapesAndAmbiguousWindowsNames(path: &quot;styles\\main.css&quot;)" storage="c:\a\desktop-guides\desktop-guides\tests\desktopguides.core.tests\bin\release\net10.0\desktopguides.core.tests.dll" id="f69b579d-7f9d-1c10-a0fe-5c36b24b1c10">
      <Execution id="78796f9b-20ce-4551-a56b-41172ba12934" />
      <TestMethod codeBase="C:\a\desktop-guides\desktop-guides\tests\DesktopGuides.Core.Tests\bin\Release\net10.0\DesktopGuides.Core.Tests.dll" adapterTypeName="executor://xunit/VsTestRunner3/netcore/" className="DesktopGuides.Core.Tests.ManagedRelativePathTests" name="RejectsEscapesAndAmbiguousWindowsNames" />
    </UnitTest>
    <UnitTest name="DesktopGuides.Core.Tests.ManagedRelativePathTests.RejectsEscapesAndAmbiguousWindowsNames(path: &quot;../secret.txt&quot;)" storage="c:\a\desktop-guides\desktop-guides\tests\desktopguides.core.tests\bin\release\net10.0\desktopguides.core.tests.dll" id="1c1317f4-984d-5d84-c2dd-497b0cfa5914">
      <Execution id="d42bde87-f679-40bf-ab72-44feb73e6d07" />
      <TestMethod codeBase="C:\a\desktop-guides\desktop-guides\tests\DesktopGuides.Core.Tests\bin\Release\net10.0\DesktopGuides.Core.Tests.dll" adapterTypeName="executor://xunit/VsTestRunner3/netcore/" className="DesktopGuides.Core.Tests.ManagedRelativePathTests" name="RejectsEscapesAndAmbiguousWindowsNames" />
    </UnitTest>
    <UnitTest name="DesktopGuides.Core.Tests.ManagedRelativePathTests.RejectsUnpairedSurrogate" storage="c:\a\desktop-guides\desktop-guides\tests\desktopguides.core.tests\bin\release\net10.0\desktopguides.core.tests.dll" id="e7213df8-d8d5-e3d2-6dd1-26ccf6d5681c">
      <Execution id="4a9d2533-00fb-4af1-8e8f-ffcb6d92af28" />
      <TestMethod codeBase="C:\a\desktop-guides\desktop-guides\tests\DesktopGuides.Core.Tests\bin\Release\net10.0\DesktopGuides.Core.Tests.dll" adapterTypeName="executor://xunit/VsTestRunner3/netcore/" className="DesktopGuides.Core.Tests.ManagedRelativePathTests" name="RejectsUnpairedSurrogate" />
    </UnitTest>
    <UnitTest name="DesktopGuides.Core.Tests.ManagedRelativePathTests.RejectsEscapesAndAmbiguousWindowsNames(path: &quot;styles/NUL .txt&quot;)" storage="c:\a\desktop-guides\desktop-guides\tests\desktopguides.core.tests\bin\release\net10.0\desktopguides.core.tests.dll" id="15c346bb-c657-9d05-a4a9-d83b4cd01667">
      <Execution id="85007635-e83b-4f4f-90b7-59297f65d916" />
      <TestMethod codeBase="C:\a\desktop-guides\desktop-guides\tests\DesktopGuides.Core.Tests\bin\Release\net10.0\DesktopGuides.Core.Tests.dll" adapterTypeName="executor://xunit/VsTestRunner3/netcore/" className="DesktopGuides.Core.Tests.ManagedRelativePathTests" name="RejectsEscapesAndAmbiguousWindowsNames" />
    </UnitTest>
    <UnitTest name="DesktopGuides.Core.Tests.ManagedRelativePathTests.RejectsEscapesAndAmbiguousWindowsNames(path: &quot;C:/Windows/win.ini&quot;)" storage="c:\a\desktop-guides\desktop-guides\tests\desktopguides.core.tests\bin\release\net10.0\desktopguides.core.tests.dll" id="2220fce6-a2c9-f342-77f6-2d561e754f34">
      <Execution id="61f7075e-ef9c-4d8d-93d3-98f5e00f78d2" />
      <TestMethod codeBase="C:\a\desktop-guides\desktop-guides\tests\DesktopGuides.Core.Tests\bin\Release\net10.0\DesktopGuides.Core.Tests.dll" adapterTypeName="executor://xunit/VsTestRunner3/netcore/" className="DesktopGuides.Core.Tests.ManagedRelativePathTests" name="RejectsEscapesAndAmbiguousWindowsNames" />
    </UnitTest>
    <UnitTest name="DesktopGuides.Core.Tests.HtmlAssetPolicyTests.RejectsRequestsOutsideTheReadOnlyAssetScope(method: &quot;GET&quot;, url: &quot;https://guide.invalid:444/guide.html&quot;)" storage="c:\a\desktop-guides\desktop-guides\tests\desktopguides.core.tests\bin\release\net10.0\desktopguides.core.tests.dll" id="afaebaff-4092-b82e-7bdd-5dcc8d2370e5">
      <Execution id="02877783-a06c-4e97-9c59-5bbc7881cdf2" />
      <TestMethod codeBase="C:\a\desktop-guides\desktop-guides\tests\DesktopGuides.Core.Tests\bin\Release\net10.0\DesktopGuides.Core.Tests.dll" adapterTypeName="executor://xunit/VsTestRunner3/netcore/" className="DesktopGuides.Core.Tests.HtmlAssetPolicyTests" name="RejectsRequestsOutsideTheReadOnlyAssetScope" />
    </UnitTest>
    <UnitTest name="DesktopGuides.Core.Tests.ReaderLocationCodecTests.RoundTripsEachFormat" storage="c:\a\desktop-guides\desktop-guides\tests\desktopguides.core.tests\bin\release\net10.0\desktopguides.core.tests.dll" id="83c103a0-1912-584a-eb90-fa56228bb5b9">
      <Execution id="f96c344b-d371-4a6b-90e1-44fe98ef507c" />
      <TestMethod codeBase="C:\a\desktop-guides\desktop-guides\tests\DesktopGuides.Core.Tests\bin\Release\net10.0\DesktopGuides.Core.Tests.dll" adapterTypeName="executor://xunit/VsTestRunner3/netcore/" className="DesktopGuides.Core.Tests.ReaderLocationCodecTests" name="RoundTripsEachFormat" />
    </UnitTest>
    <UnitTest name="DesktopGuides.Core.Tests.FixtureCatalogTests.RejectsFixturePathOutsideTheRoot" storage="c:\a\desktop-guides\desktop-guides\tests\desktopguides.core.tests\bin\release\net10.0\desktopguides.core.tests.dll" id="dd22a2e5-9769-89bd-cbc6-621d276d372c">
      <Execution id="b9fcf024-8497-4801-8607-734600d72edf" />
      <TestMethod codeBase="C:\a\desktop-guides\desktop-guides\tests\DesktopGuides.Core.Tests\bin\Release\net10.0\DesktopGuides.Core.Tests.dll" adapterTypeName="executor://xunit/VsTestRunner3/netcore/" className="DesktopGuides.Core.Tests.FixtureCatalogTests" name="RejectsFixturePathOutsideTheRoot" />
    </UnitTest>
    <UnitTest name="DesktopGuides.Core.Tests.TextGuideDocumentTests.DecodesBomAndNormalizesNewlinesWithoutChangingWhitespace" storage="c:\a\desktop-guides\desktop-guides\tests\desktopguides.core.tests\bin\release\net10.0\desktopguides.core.tests.dll" id="0a3ebbcc-3074-fdad-a691-281c6b0f5482">
      <Execution id="30efc329-f808-48b4-ba3a-dcdcb7b95945" />
      <TestMethod codeBase="C:\a\desktop-guides\desktop-guides\tests\DesktopGuides.Core.Tests\bin\Release\net10.0\DesktopGuides.Core.Tests.dll" adapterTypeName="executor://xunit/VsTestRunner3/netcore/" className="DesktopGuides.Core.Tests.TextGuideDocumentTests" name="DecodesBomAndNormalizesNewlinesWithoutChangingWhitespace" />
    </UnitTest>
    <UnitTest name="DesktopGuides.Core.Tests.ReaderLocationCodecTests.RejectsInvalidPageAndOversizedQuote" storage="c:\a\desktop-guides\desktop-guides\tests\desktopguides.core.tests\bin\release\net10.0\desktopguides.core.tests.dll" id="392bf07e-b020-b179-83d4-f351c2891a24">
      <Execution id="c6f5bb17-2688-4415-94b6-632d80f11a11" />
      <TestMethod codeBase="C:\a\desktop-guides\desktop-guides\tests\DesktopGuides.Core.Tests\bin\Release\net10.0\DesktopGuides.Core.Tests.dll" adapterTypeName="executor://xunit/VsTestRunner3/netcore/" className="DesktopGuides.Core.Tests.ReaderLocationCodecTests" name="RejectsInvalidPageAndOversizedQuote" />
    </UnitTest>
    <UnitTest name="DesktopGuides.Core.Tests.ReaderLocationCodecTests.ChangedContentRetainsContextAndApproximateFallback" storage="c:\a\desktop-guides\desktop-guides\tests\desktopguides.core.tests\bin\release\net10.0\desktopguides.core.tests.dll" id="fd7d4188-aefc-2c44-f063-fa3c69b46d85">
      <Execution id="3651dc87-ed9d-4e18-b1d0-172be99de0aa" />
      <TestMethod codeBase="C:\a\desktop-guides\desktop-guides\tests\DesktopGuides.Core.Tests\bin\Release\net10.0\DesktopGuides.Core.Tests.dll" adapterTypeName="executor://xunit/VsTestRunner3/netcore/" className="DesktopGuides.Core.Tests.ReaderLocationCodecTests" name="ChangedContentRetainsContextAndApproximateFallback" />
    </UnitTest>
  </TestDefinitions>
  <TestEntries>
    <TestEntry testId="d23bb650-686f-e5f0-ba71-d178ef8f42e9" executionId="323b9c4f-b09f-40ce-b229-30a486fcfc14" testListId="8c84fa94-04c1-424b-9868-57a2d4851a1d" />
    <TestEntry testId="3bafceda-bee2-0698-1edb-0944b01bc21c" executionId="da4d4a33-30d7-4633-9694-0d494c10f0ef" testListId="8c84fa94-04c1-424b-9868-57a2d4851a1d" />
    <TestEntry testId="1c1317f4-984d-5d84-c2dd-497b0cfa5914" executionId="d42bde87-f679-40bf-ab72-44feb73e6d07" testListId="8c84fa94-04c1-424b-9868-57a2d4851a1d" />
    <TestEntry testId="da1ce6eb-e7a0-554b-c1d8-4b184cfcf320" executionId="0e5e66ce-10c9-4e80-aff2-71aac4a35790" testListId="8c84fa94-04c1-424b-9868-57a2d4851a1d" />
    <TestEntry testId="83c103a0-1912-584a-eb90-fa56228bb5b9" executionId="38587df8-1581-4910-9a50-23ab14473909" testListId="8c84fa94-04c1-424b-9868-57a2d4851a1d" />
    <TestEntry testId="e214083d-9062-e92f-3551-3ad869a924b3" executionId="576b704d-afca-4c26-814c-3ab6d3c0469e" testListId="8c84fa94-04c1-424b-9868-57a2d4851a1d" />
    <TestEntry testId="b1142c99-8964-6e66-748c-081fbdb81b6a" executionId="8a20a853-4dd1-4004-a92f-a9c5325e34e3" testListId="8c84fa94-04c1-424b-9868-57a2d4851a1d" />
    <TestEntry testId="bbf5840a-1b02-cfd6-ad7d-00cb3c8e28a8" executionId="0baa4262-5399-4508-b975-5e15ec7b08d7" testListId="8c84fa94-04c1-424b-9868-57a2d4851a1d" />
    <TestEntry testId="f9ea783f-3477-0506-a8f3-d01a2190f1bf" executionId="dfe1a91d-bc52-40dd-91e6-e2307d0e7aa1" testListId="8c84fa94-04c1-424b-9868-57a2d4851a1d" />
    <TestEntry testId="392bf07e-b020-b179-83d4-f351c2891a24" executionId="c6f5bb17-2688-4415-94b6-632d80f11a11" testListId="8c84fa94-04c1-424b-9868-57a2d4851a1d" />
    <TestEntry testId="32e77880-0ee3-f638-1cea-013c9b4e37e2" executionId="de3f6563-087e-4b0b-9dd5-c672900eac4c" testListId="8c84fa94-04c1-424b-9868-57a2d4851a1d" />
    <TestEntry testId="0ec02c55-3516-8a2b-971a-b5a1c9666dbb" executionId="98ef8aa3-6df4-4c7a-b0d2-831d5652edec" testListId="8c84fa94-04c1-424b-9868-57a2d4851a1d" />
    <TestEntry testId="973825c8-3e8f-82ce-d465-e9b44b88d1d0" executionId="aba5af6b-28fd-4744-9176-a1ae050f0b3e" testListId="8c84fa94-04c1-424b-9868-57a2d4851a1d" />
    <TestEntry testId="07c7de27-26de-a9f7-9ab2-361772f15d1e" executionId="9d5048ab-2503-4830-a6cf-024186b2a622" testListId="8c84fa94-04c1-424b-9868-57a2d4851a1d" />
    <TestEntry testId="9664020a-1c18-7b2e-ab55-1e85c22bf279" executionId="e661351f-4837-41cb-923f-e117a1552880" testListId="8c84fa94-04c1-424b-9868-57a2d4851a1d" />
    <TestEntry testId="2c3a769b-5867-fa9a-d2e1-089792eabeef" executionId="89cdb775-3837-46e6-8c22-14defbed2935" testListId="8c84fa94-04c1-424b-9868-57a2d4851a1d" />
    <TestEntry testId="948b08ce-754e-d418-b141-c65fd8ac3ef2" executionId="7e77a347-be29-4159-9409-41dbf851841e" testListId="8c84fa94-04c1-424b-9868-57a2d4851a1d" />
    <TestEntry testId="af1b606f-e528-a99c-b813-f91ca3953702" executionId="1f62bc79-6149-484a-973a-2717faa1ec34" testListId="8c84fa94-04c1-424b-9868-57a2d4851a1d" />
    <TestEntry testId="38524e42-a035-5c1a-a5de-83319b7e745e" executionId="41644457-b794-4b0a-9b56-3cd71672a4b9" testListId="8c84fa94-04c1-424b-9868-57a2d4851a1d" />
    <TestEntry testId="355a0214-5e1c-a62f-aa47-3153b5b8f8ad" executionId="165cf6d8-598c-48f5-b8a4-9c6f2bb685af" testListId="8c84fa94-04c1-424b-9868-57a2d4851a1d" />
    <TestEntry testId="291ae1df-c249-3ed3-bd0b-6fcec2027026" executionId="24360be7-00b5-4b39-9f25-1c5bf7f29407" testListId="8c84fa94-04c1-424b-9868-57a2d4851a1d" />
    <TestEntry testId="b4ea6296-97ee-79d3-707f-71ce31e710b6" executionId="b60100ef-19df-4e86-99fb-2e79870aa585" testListId="8c84fa94-04c1-424b-9868-57a2d4851a1d" />
    <TestEntry testId="e7213df8-d8d5-e3d2-6dd1-26ccf6d5681c" executionId="4a9d2533-00fb-4af1-8e8f-ffcb6d92af28" testListId="8c84fa94-04c1-424b-9868-57a2d4851a1d" />
    <TestEntry testId="83c103a0-1912-584a-eb90-fa56228bb5b9" executionId="d4866b78-f9ce-436e-8f65-7c2f5807ed37" testListId="8c84fa94-04c1-424b-9868-57a2d4851a1d" />
    <TestEntry testId="d9d5a7ef-c627-a2c5-a023-7fbe2c220e22" executionId="d28c34fe-4624-48c0-a91b-8877bf843aec" testListId="8c84fa94-04c1-424b-9868-57a2d4851a1d" />
    <TestEntry testId="f69b579d-7f9d-1c10-a0fe-5c36b24b1c10" executionId="78796f9b-20ce-4551-a56b-41172ba12934" testListId="8c84fa94-04c1-424b-9868-57a2d4851a1d" />
    <TestEntry testId="2220fce6-a2c9-f342-77f6-2d561e754f34" executionId="61f7075e-ef9c-4d8d-93d3-98f5e00f78d2" testListId="8c84fa94-04c1-424b-9868-57a2d4851a1d" />
    <TestEntry testId="65f2a884-7aaf-d6cf-a9a9-1fde173b9c0a" executionId="84466854-11c8-4d76-b713-9ade9b8d3ecc" testListId="8c84fa94-04c1-424b-9868-57a2d4851a1d" />
    <TestEntry testId="e1f50f58-8062-72b9-cc9c-19db3a378266" executionId="934868e1-de28-4173-b900-e4c86c61fe77" testListId="8c84fa94-04c1-424b-9868-57a2d4851a1d" />
    <TestEntry testId="f5392f73-b8a1-6650-c8e1-f83347d441eb" executionId="4573930b-26f1-486b-aed2-6be89d4fc8bd" testListId="8c84fa94-04c1-424b-9868-57a2d4851a1d" />
    <TestEntry testId="28e86855-d814-9f1e-0494-bcb896bacec3" executionId="49fd9762-f983-480f-9507-05c7887fe3dd" testListId="8c84fa94-04c1-424b-9868-57a2d4851a1d" />
    <TestEntry testId="dd22a2e5-9769-89bd-cbc6-621d276d372c" executionId="b9fcf024-8497-4801-8607-734600d72edf" testListId="8c84fa94-04c1-424b-9868-57a2d4851a1d" />
    <TestEntry testId="21d9f702-a60d-39ec-cfae-6ad62400c1a6" executionId="fd9f8920-d09d-4a6c-a514-72631d3d342e" testListId="8c84fa94-04c1-424b-9868-57a2d4851a1d" />
    <TestEntry testId="afaebaff-4092-b82e-7bdd-5dcc8d2370e5" executionId="02877783-a06c-4e97-9c59-5bbc7881cdf2" testListId="8c84fa94-04c1-424b-9868-57a2d4851a1d" />
    <TestEntry testId="5e5f018a-cb57-be3d-3cc2-bdc405783398" executionId="292c4275-c901-4c83-9212-0e232740a687" testListId="8c84fa94-04c1-424b-9868-57a2d4851a1d" />
    <TestEntry testId="b379ae71-cd7e-938c-1eef-2d9c4001c9be" executionId="c4abcd97-22e1-44c0-ba97-1952d12bb3d0" testListId="8c84fa94-04c1-424b-9868-57a2d4851a1d" />
    <TestEntry testId="15c346bb-c657-9d05-a4a9-d83b4cd01667" executionId="85007635-e83b-4f4f-90b7-59297f65d916" testListId="8c84fa94-04c1-424b-9868-57a2d4851a1d" />
    <TestEntry testId="b3c1ae06-1324-2e21-f300-26010a4f7c93" executionId="56c7f1b0-6dc5-448b-8e09-1437d5bc0ab0" testListId="8c84fa94-04c1-424b-9868-57a2d4851a1d" />
    <TestEntry testId="4315476c-740b-513a-8997-1b3a0c533ae3" executionId="24828965-51f5-428f-abde-d5906d3eddde" testListId="8c84fa94-04c1-424b-9868-57a2d4851a1d" />
    <TestEntry testId="ef0108d9-9be6-a5f1-6cd0-5fbb16b1c6ed" executionId="c1d5c333-fbb9-4d20-8049-f787a1d609e3" testListId="8c84fa94-04c1-424b-9868-57a2d4851a1d" />
    <TestEntry testId="e17cd9fd-2512-a9dc-35b4-376e2e4cb330" executionId="822cdc78-e79e-4aa8-9333-d5418dd31bbd" testListId="8c84fa94-04c1-424b-9868-57a2d4851a1d" />
    <TestEntry testId="0a3ebbcc-3074-fdad-a691-281c6b0f5482" executionId="30efc329-f808-48b4-ba3a-dcdcb7b95945" testListId="8c84fa94-04c1-424b-9868-57a2d4851a1d" />
    <TestEntry testId="b47b4c1d-9920-7e22-aba4-f44acc04ae92" executionId="b5b00640-acb4-4b52-bf63-76e7f0e9a495" testListId="8c84fa94-04c1-424b-9868-57a2d4851a1d" />
    <TestEntry testId="d74e39f2-0dc4-e973-e98e-f98c68304f3b" executionId="519e63b9-a216-4e76-b5eb-eae7b276e9aa" testListId="8c84fa94-04c1-424b-9868-57a2d4851a1d" />
    <TestEntry testId="4d45225f-6340-93fa-c1fe-205ce7dbcd19" executionId="fc6d3e93-c209-4476-a8fc-cc83a8748322" testListId="8c84fa94-04c1-424b-9868-57a2d4851a1d" />
    <TestEntry testId="cbb0aed3-cab9-f324-2e2d-ce07993c4660" executionId="835b760c-3175-4006-b411-a9bc81aa409a" testListId="8c84fa94-04c1-424b-9868-57a2d4851a1d" />
    <TestEntry testId="5148b27a-ff51-5241-c0d8-eccb742088f7" executionId="b8d1fcd2-dcd6-456e-9441-002876ea392d" testListId="8c84fa94-04c1-424b-9868-57a2d4851a1d" />
    <TestEntry testId="5632d11a-8dbe-b81f-09d4-d5540281d07e" executionId="9e69d79e-8f81-4f12-82f5-d9c1c12c5268" testListId="8c84fa94-04c1-424b-9868-57a2d4851a1d" />
    <TestEntry testId="169d84f6-46e9-96c1-07d0-4723c1ad8e03" executionId="78b86547-7354-4b22-b95c-e1e7f13fcbba" testListId="8c84fa94-04c1-424b-9868-57a2d4851a1d" />
    <TestEntry testId="83c103a0-1912-584a-eb90-fa56228bb5b9" executionId="f96c344b-d371-4a6b-90e1-44fe98ef507c" testListId="8c84fa94-04c1-424b-9868-57a2d4851a1d" />
    <TestEntry testId="c78e4709-5751-678b-529b-575b04bc6c92" executionId="26430868-7004-45f2-8a19-a0fe829054e3" testListId="8c84fa94-04c1-424b-9868-57a2d4851a1d" />
    <TestEntry testId="cec6b4c7-fa26-4898-a672-7386be54c7a0" executionId="7b6aa93d-9eca-4d95-bccf-3a21c83cb561" testListId="8c84fa94-04c1-424b-9868-57a2d4851a1d" />
    <TestEntry testId="4cdf9d0f-ed08-f80e-4cfe-c6136aea9563" executionId="040c5934-d45b-43b3-ab9d-1ab657d68a67" testListId="8c84fa94-04c1-424b-9868-57a2d4851a1d" />
    <TestEntry testId="18b1b528-f844-0d22-24bc-f384cf75c891" executionId="250ad791-0f2c-4882-8342-32bb7f4e2d4a" testListId="8c84fa94-04c1-424b-9868-57a2d4851a1d" />
    <TestEntry testId="663a2d05-e464-acf4-5956-5e397f967b63" executionId="c1a926d0-3275-4264-bf04-f5636cb2696f" testListId="8c84fa94-04c1-424b-9868-57a2d4851a1d" />
    <TestEntry testId="88654ed1-7ac6-2123-05e5-eee1bfb6d1a0" executionId="3ce0cf49-33ad-4881-a521-f7433bb00f21" testListId="8c84fa94-04c1-424b-9868-57a2d4851a1d" />
    <TestEntry testId="5d8fde1a-f3ef-3bf2-6577-9775eeb6e8e7" executionId="606c5aef-9454-43d9-b219-1a814a760d0c" testListId="8c84fa94-04c1-424b-9868-57a2d4851a1d" />
    <TestEntry testId="fd7d4188-aefc-2c44-f063-fa3c69b46d85" executionId="3651dc87-ed9d-4e18-b1d0-172be99de0aa" testListId="8c84fa94-04c1-424b-9868-57a2d4851a1d" />
    <TestEntry testId="0e37eb74-ac8e-e25d-6a1b-ae85a029e0d9" executionId="4c7019b5-6243-4640-92d8-73060116457c" testListId="8c84fa94-04c1-424b-9868-57a2d4851a1d" />
    <TestEntry testId="5306eca0-b7b2-215e-3500-dc744dc0a606" executionId="025a71d4-de31-47dc-b998-7c751599c36d" testListId="8c84fa94-04c1-424b-9868-57a2d4851a1d" />
    <TestEntry testId="4bcd14ab-da5e-27fa-1113-d81275401668" executionId="2cdcef69-f735-4725-a95f-d29721c25662" testListId="8c84fa94-04c1-424b-9868-57a2d4851a1d" />
  </TestEntries>
  <TestLists>
    <TestList name="Results Not in a List" id="8c84fa94-04c1-424b-9868-57a2d4851a1d" />
    <TestList name="All Loaded Results" id="19431567-8539-422a-85d7-44ee4e166bda" />
  </TestLists>
  <ResultSummary outcome="Completed">
    <Counters total="61" executed="61" passed="61" failed="0" error="0" timeout="0" aborted="0" inconclusive="0" passedButRunAborted="0" notRunnable="0" notExecuted="0" disconnected="0" warning="0" completed="0" inProgress="0" pending="0" />
    <Output>
      <StdOut>[xUnit.net 00:00:00.00] xUnit.net VSTest Adapter v3.1.5+1b188a7b0a (64-bit .NET 10.0.12)&#xD;
[xUnit.net 00:00:00.14]   Discovering: DesktopGuides.Core.Tests&#xD;
[xUnit.net 00:00:00.21]   Discovered:  DesktopGuides.Core.Tests&#xD;
[xUnit.net 00:00:00.25]   Starting:    DesktopGuides.Core.Tests&#xD;
[xUnit.net 00:00:00.40]   Finished:    DesktopGuides.Core.Tests&#xD;
</StdOut>
    </Output>
  </ResultSummary>
</TestRun>